Component: ARM Compiler 5.06 update 6 (build 750) Tool: armlink [4d35ed]

==============================================================================

Section Cross References

    control.o(i.Control_BackHomeTask) refers to control.o(.bss) for .bss
    control.o(i.Control_ChargingTask) refers to memcpya.o(.text) for __aeabi_memcpy4
    control.o(i.Control_ChargingTask) refers to control.o(i.Control_Route) for Control_Route
    control.o(i.Control_ChargingTask) refers to control.o(i.Control_CircleCheck) for Control_CircleCheck
    control.o(i.Control_ChargingTask) refers to control.o(.bss) for .bss
    control.o(i.Control_ChargingTask) refers to protocol.o(.bss) for WayPointList
    control.o(i.Control_CircleCheck) refers to d2f.o(.text) for __aeabi_d2f
    control.o(i.Control_CircleCheck) refers to control.o(i.POS_Distance) for POS_Distance
    control.o(i.Control_IdleTask) refers to control.o(.bss) for .bss
    control.o(i.Control_PolygonCheck) refers to cdrcmple.o(.text) for __aeabi_cdrcmple
    control.o(i.Control_PolygonCheck) refers to cdcmple.o(.text) for __aeabi_cdcmple
    control.o(i.Control_PolygonCheck) refers to dadd.o(.text) for __aeabi_dsub
    control.o(i.Control_PolygonCheck) refers to fabs.o(i.__hardfp_fabs) for __hardfp_fabs
    control.o(i.Control_PolygonCheck) refers to dmul.o(.text) for __aeabi_dmul
    control.o(i.Control_PolygonCheck) refers to ddiv.o(.text) for __aeabi_ddiv
    control.o(i.Control_Route) refers to d2f.o(.text) for __aeabi_d2f
    control.o(i.Control_Route) refers to control.o(i.POS_Distance) for POS_Distance
    control.o(i.Control_Route) refers to control.o(i.POS_Heading) for POS_Heading
    control.o(i.Control_Route) refers to mymath.o(i.To_180_degrees) for To_180_degrees
    control.o(i.Control_Route) refers to f2d.o(.text) for __aeabi_f2d
    control.o(i.Control_Route) refers to sin.o(i.__hardfp_sin) for __hardfp_sin
    control.o(i.Control_Route) refers to dmul.o(.text) for __aeabi_dmul
    control.o(i.Control_Route) refers to cdcmple.o(.text) for __aeabi_cdcmpeq
    control.o(i.Control_Route) refers to protocol.o(.bss) for HAL_IO
    control.o(i.Control_Route) refers to control.o(.bss) for .bss
    control.o(i.Control_Route) refers to control.o(.data) for .data
    control.o(i.Control_TaskManage) refers to control.o(i.Control_BackHomeTask) for Control_BackHomeTask
    control.o(i.Control_TaskManage) refers to control.o(i.Control_IdleTask) for Control_IdleTask
    control.o(i.Control_TaskManage) refers to control.o(i.Control_WorkingTask) for Control_WorkingTask
    control.o(i.Control_TaskManage) refers to control.o(i.Control_ChargingTask) for Control_ChargingTask
    control.o(i.Control_WorkingTask) refers to memcpya.o(.text) for __aeabi_memcpy4
    control.o(i.Control_WorkingTask) refers to control.o(i.Control_CircleCheck) for Control_CircleCheck
    control.o(i.Control_WorkingTask) refers to f2d.o(.text) for __aeabi_f2d
    control.o(i.Control_WorkingTask) refers to control.o(i.Control_Route) for Control_Route
    control.o(i.Control_WorkingTask) refers to control.o(.bss) for .bss
    control.o(i.Control_WorkingTask) refers to protocol.o(.bss) for HAL_IO
    control.o(i.KB_Line) refers to cdcmple.o(.text) for __aeabi_cdcmpeq
    control.o(i.KB_Rate) refers to cdcmple.o(.text) for __aeabi_cdcmpeq
    control.o(i.KB_Rate) refers to dadd.o(.text) for __aeabi_dsub
    control.o(i.KB_Rate) refers to ddiv.o(.text) for __aeabi_ddiv
    control.o(i.KB_Rate) refers to d2f.o(.text) for __aeabi_d2f
    control.o(i.KB_Rate) refers to f2d.o(.text) for __aeabi_f2d
    control.o(i.KB_Rate) refers to dmul.o(.text) for __aeabi_dmul
    control.o(i.POS_Distance) refers to f2d.o(.text) for __aeabi_f2d
    control.o(i.POS_Distance) refers to cos.o(i.__hardfp_cos) for __hardfp_cos
    control.o(i.POS_Distance) refers to dmul.o(.text) for __aeabi_dmul
    control.o(i.POS_Distance) refers to d2f.o(.text) for __aeabi_d2f
    control.o(i.POS_Distance) refers to sqrt.o(i.__hardfp_sqrt) for __hardfp_sqrt
    control.o(i.POS_Heading) refers to f2d.o(.text) for __aeabi_f2d
    control.o(i.POS_Heading) refers to cos.o(i.__hardfp_cos) for __hardfp_cos
    control.o(i.POS_Heading) refers to dmul.o(.text) for __aeabi_dmul
    control.o(i.POS_Heading) refers to d2f.o(.text) for __aeabi_d2f
    control.o(i.POS_Heading) refers to atan2.o(i.__hardfp_atan2) for __hardfp_atan2
    control.o(i.POS_Heading) refers to dadd.o(.text) for __aeabi_dadd
    control.o(i.POS_LatLon) refers to ddiv.o(.text) for __aeabi_ddiv
    control.o(i.POS_LatLon) refers to dadd.o(.text) for __aeabi_dadd
    control.o(i.POS_LatLon) refers to dmul.o(.text) for __aeabi_dmul
    control.o(i.POS_LatLon) refers to cos.o(i.__hardfp_cos) for __hardfp_cos
    main.o(i.HAL_TIM_PeriodElapsedCallback) refers to stm32f4xx_hal.o(i.HAL_IncTick) for HAL_IncTick
    main.o(i.SystemClock_Config) refers to stm32f4xx_hal_rcc.o(i.HAL_RCC_OscConfig) for HAL_RCC_OscConfig
[...]
    i.ublox_Protocol_Send                    0x08007140   Section        0  uart.o(i.ublox_Protocol_Send)
    i.ubloxmsg_Enable                        0x08007168   Section        0  ublox.o(i.ubloxmsg_Enable)
    i.uxListRemove                           0x080071e0   Section        0  list.o(i.uxListRemove)
    i.vListInitialise                        0x08007204   Section        0  list.o(i.vListInitialise)
    i.vListInitialiseItem                    0x0800721a   Section        0  list.o(i.vListInitialiseItem)
    i.vListInsert                            0x08007220   Section        0  list.o(i.vListInsert)
    i.vListInsertEnd                         0x08007250   Section        0  list.o(i.vListInsertEnd)
    i.vPortEnterCritical                     0x08007268   Section        0  port.o(i.vPortEnterCritical)
    i.vPortExitCritical                      0x080072a8   Section        0  port.o(i.vPortExitCritical)
    i.vPortFree                              0x080072d0   Section        0  heap_4.o(i.vPortFree)
    i.vPortSetupTimerInterrupt               0x0800732c   Section        0  port.o(i.vPortSetupTimerInterrupt)
    i.vTaskDelay                             0x0800734c   Section        0  tasks.o(i.vTaskDelay)
    i.vTaskStartScheduler                    0x08007398   Section        0  tasks.o(i.vTaskStartScheduler)
    i.vTaskSuspendAll                        0x08007400   Section        0  tasks.o(i.vTaskSuspendAll)
    i.vTaskSwitchContext                     0x08007410   Section        0  tasks.o(i.vTaskSwitchContext)
    i.xPortStartScheduler                    0x0800746c   Section        0  port.o(i.xPortStartScheduler)
    i.xPortSysTickHandler                    0x0800754c   Section        0  port.o(i.xPortSysTickHandler)
    i.xTaskCreate                            0x08007578   Section        0  tasks.o(i.xTaskCreate)
    i.xTaskGetSchedulerState                 0x080075d0   Section        0  tasks.o(i.xTaskGetSchedulerState)
    i.xTaskIncrementTick                     0x080075ec   Section        0  tasks.o(i.xTaskIncrementTick)
    i.xTaskResumeAll                         0x080076b4   Section        0  tasks.o(i.xTaskResumeAll)
    .constdata                               0x08007778   Section       60  freertos.o(.constdata)
    .constdata                               0x080077b4   Section       16  system_stm32f4xx.o(.constdata)
    .constdata                               0x080077c4   Section        8  system_stm32f4xx.o(.constdata)
    .constdata                               0x080077cc   Section        8  stm32f4xx_hal_dma.o(.constdata)
    flagBitshiftOffset                       0x080077cc   Data           8  stm32f4xx_hal_dma.o(.constdata)
    .constdata                               0x080077d8   Section      152  atan.o(.constdata)
    atanhi                                   0x080077d8   Data          32  atan.o(.constdata)
    atanlo                                   0x080077f8   Data          32  atan.o(.constdata)
    aTodd                                    0x08007818   Data          40  atan.o(.constdata)
    aTeven                                   0x08007840   Data          48  atan.o(.constdata)
    .constdata                               0x08007870   Section       48  cos_i.o(.constdata)
    C                                        0x08007870   Data          48  cos_i.o(.constdata)
    .constdata                               0x080078a0   Section        8  qnan.o(.constdata)
    .constdata                               0x080078a8   Section      200  rred.o(.constdata)
    pio2s                                    0x080078a8   Data          48  rred.o(.constdata)
    twooverpi                                0x080078d8   Data         152  rred.o(.constdata)
    .constdata                               0x08007970   Section       40  sin_i.o(.constdata)
    S                                        0x08007970   Data          40  sin_i.o(.constdata)
    .conststring                             0x08007998   Section       41  freertos.o(.conststring)
    .data                                    0x20000000   Section       24  control.o(.data)
    .data                                    0x20000018   Section       12  freertos.o(.data)
    .data                                    0x20000024   Section       24  heap_4.o(.data)
    pxEnd                                    0x20000024   Data           4  heap_4.o(.data)
    xFreeBytesRemaining                      0x20000028   Data           4  heap_4.o(.data)
    xMinimumEverFreeBytesRemaining           0x2000002c   Data           4  heap_4.o(.data)
    xBlockAllocatedBit                       0x20000030   Data           4  heap_4.o(.data)
    xStart                                   0x20000034   Data           8  heap_4.o(.data)
    .data                                    0x2000003c   Section       12  port.o(.data)
    ucMaxSysCallPriority                     0x2000003c   Data           1  port.o(.data)
    uxCriticalNesting                        0x20000040   Data           4  port.o(.data)
    ulMaxPRIGROUPValue                       0x20000044   Data           4  port.o(.data)
    .data                                    0x20000048   Section       60  tasks.o(.data)
    uxDeletedTasksWaitingCleanUp             0x2000004c   Data           4  tasks.o(.data)
    uxCurrentNumberOfTasks                   0x20000050   Data           4  tasks.o(.data)
    xTickCount                               0x20000054   Data           4  tasks.o(.data)
    uxTopReadyPriority                       0x20000058   Data           4  tasks.o(.data)
    xSchedulerRunning                        0x2000005c   Data           4  tasks.o(.data)
    uxPendedTicks                            0x20000060   Data           4  tasks.o(.data)
    xYieldPending                            0x20000064   Data           4  tasks.o(.data)
    xNumOfOverflows                          0x20000068   Data           4  tasks.o(.data)
    uxTaskNumber                             0x2000006c   Data           4  tasks.o(.data)
    xNextTaskUnblockTime                     0x20000070   Data           4  tasks.o(.data)
    xIdleTaskHandle                          0x20000074   Data           4  tasks.o(.data)
    uxSchedulerSuspended                     0x20000078   Data           4  tasks.o(.data)
    pxDelayedTaskList                        0x2000007c   Data           4  tasks.o(.data)
    pxOverflowDelayedTaskList                0x20000080   Data           4  tasks.o(.data)
    .data                                    0x20000084   Section        4  system_stm32f4xx.o(.data)
    .data                                    0x20000088   Section       12  stm32f4xx_hal.o(.data)
    .data                                    0x20000094   Section       12  ublox.o(.data)
    _data_cnt                                0x20000095   Data           1  ublox.o(.data)
    _data_len                                0x20000096   Data           2  ublox.o(.data)
    .data                                    0x200000a0   Section       18  protocol.o(.data)
    stage                                    0x200000a0   Data           1  protocol.o(.data)
    LENL                                     0x200000a1   Data           1  protocol.o(.data)
    LENH                                     0x200000a2   Data           1  protocol.o(.data)
    CIDL                                     0x200000a3   Data           1  protocol.o(.data)
    CIDH                                     0x200000a4   Data           1  protocol.o(.data)
    SYN                                      0x200000a5   Data           1  protocol.o(.data)
    crc_low                                  0x200000a6   Data           1  protocol.o(.data)
    idx                                      0x200000a8   Data           2  protocol.o(.data)
    LEN                                      0x200000aa   Data           2  protocol.o(.data)
    CID                                      0x200000ac   Data           2  protocol.o(.data)
    checksum                                 0x200000ae   Data           4  protocol.o(.data)
    .data                                    0x200000b4   Section        4  errno.o(.data)
    _errno                                   0x200000b4   Data           4  errno.o(.data)
    .bss                                     0x200000b8   Section    25248  control.o(.bss)
    .bss                                     0x20006358   Section       72  adc.o(.bss)
    .bss                                     0x200063a0   Section      300  tim.o(.bss)
    .bss                                     0x200064cc   Section     1536  usart.o(.bss)
    .bss                                     0x20006acc   Section       60  stm32f4xx_hal_timebase_tim.o(.bss)
    .bss                                     0x20006b08   Section    15360  heap_4.o(.bss)
    ucHeap                                   0x20006b08   Data       15360  heap_4.o(.bss)
    .bss                                     0x2000a708   Section      240  tasks.o(.bss)
    pxReadyTasksLists                        0x2000a708   Data         140  tasks.o(.bss)
    xDelayedTaskList1                        0x2000a794   Data          20  tasks.o(.bss)
    xDelayedTaskList2                        0x2000a7a8   Data          20  tasks.o(.bss)
    xPendingReadyList                        0x2000a7bc   Data          20  tasks.o(.bss)
    xTasksWaitingTermination                 0x2000a7d0   Data          20  tasks.o(.bss)
    xSuspendedTaskList                       0x2000a7e4   Data          20  tasks.o(.bss)
    .bss                                     0x2000a7f8   Section       32  stm32f4xx_hal_flash.o(.bss)
    .bss                                     0x2000a818   Section      256  uart.o(.bss)
    .bss                                     0x2000a918   Section      348  ublox.o(.bss)
    .bss                                     0x2000aa78   Section    29800  protocol.o(.bss)
    RawData                                  0x2000aa78   Data         265  protocol.o(.bss)
    STACK                                    0x20011ee0   Section    16384  startup_stm32f407xx.o(STACK)

    Global Symbols

    Symbol Name                              Value     Ov Type        Size  Object(Section)

    BuildAttributes$$THM_ISAv4$E$P$D$K$B$S$7EM$VFPi3$EXTD16$VFPS$VFMA$PE$A:L22UL41UL21$X:L11$S22US41US21$IEEE1$IW$USESV6$~STKCKD$USESV7$~SHL$OTIME$ROPI$IEEEX$EBA8$MICROLIB$REQ8$PRES8$EABIv2 0x00000000   Number         0  anon$$obj.o ABSOLUTE
    __ARM_use_no_argv                        0x00000000   Number         0  main.o ABSOLUTE
    __cpp_initialize__aeabi_                  - Undefined Weak Reference
    __cxa_finalize                            - Undefined Weak Reference
    __decompress                              - Undefined Weak Reference
    _clock_init                               - Undefined Weak Reference
    _microlib_exit                            - Undefined Weak Reference
    __Vectors_Size                           0x00000188   Number         0  startup_stm32f407xx.o ABSOLUTE
    __Vectors                                0x08000000   Data           4  startup_stm32f407xx.o(RESET)
    __Vectors_End                            0x08000188   Data           0  startup_stm32f407xx.o(RESET)
    __main                                   0x08000189   Thumb Code     0  entry.o(.ARM.Collect$$$$00000000)
    _main_stk                                0x08000189   Thumb Code     0  entry2.o(.ARM.Collect$$$$00000001)
    _main_scatterload                        0x0800018d   Thumb Code     0  entry5.o(.ARM.Collect$$$$00000004)
    __main_after_scatterload                 0x08000191   Thumb Code     0  entry5.o(.ARM.Collect$$$$00000004)
    _main_clock                              0x08000191   Thumb Code     0  entry7b.o(.ARM.Collect$$$$00000008)
    _main_cpp_init                           0x08000191   Thumb Code     0  entry8b.o(.ARM.Collect$$$$0000000A)
    _main_init                               0x08000191   Thumb Code     0  entry9a.o(.ARM.Collect$$$$0000000B)
    __rt_final_cpp                           0x08000199   Thumb Code     0  entry10a.o(.ARM.Collect$$$$0000000D)
    __rt_final_exit                          0x08000199   Thumb Code     0  entry11a.o(.ARM.Collect$$$$0000000F)
    SVC_Handler                              0x0800019d   Thumb Code    28  port.o(.emb_text)
    __asm___6_port_c_39a90d8d__prvStartFirstTask 0x080001bd   Thumb Code    28  port.o(.emb_text)
    __asm___6_port_c_39a90d8d__prvEnableVFP  0x080001dd   Thumb Code    16  port.o(.emb_text)
    PendSV_Handler                           0x080001f1   Thumb Code    92  port.o(.emb_text)
    vPortGetIPSR                             0x08000251   Thumb Code     6  port.o(.emb_text)
    Reset_Handler                            0x08000259   Thumb Code     8  startup_stm32f407xx.o(.text)
    ADC_IRQHandler                           0x08000273   Thumb Code     0  startup_stm32f407xx.o(.text)
    CAN1_RX0_IRQHandler                      0x08000273   Thumb Code     0  startup_stm32f407xx.o(.text)
    CAN1_RX1_IRQHandler                      0x08000273   Thumb Code     0  startup_stm32f407xx.o(.text)
    CAN1_SCE_IRQHandler                      0x08000273   Thumb Code     0  startup_stm32f407xx.o(.text)
    CAN1_TX_IRQHandler                       0x08000273   Thumb Code     0  startup_stm32f407xx.o(.text)
    CAN2_RX0_IRQHandler                      0x08000273   Thumb Code     0  startup_stm32f407xx.o(.text)
    CAN2_RX1_IRQHandler                      0x08000273   Thumb Code     0  startup_stm32f407xx.o(.text)
    CAN2_SCE_IRQHandler                      0x08000273   Thumb Code     0  startup_stm32f407xx.o(.text)
    CAN2_TX_IRQHandler                       0x08000273   Thumb Code     0  startup_stm32f407xx.o(.text)
    DCMI_IRQHandler                          0x08000273   Thumb Code     0  startup_stm32f407xx.o(.text)
    DMA2_Stream0_IRQHandler                  0x08000273   Thumb Code     0  startup_stm32f407xx.o(.text)
    DMA2_Stream3_IRQHandler                  0x08000273   Thumb Code     0  startup_stm32f407xx.o(.text)
    DMA2_Stream4_IRQHandler                  0x08000273   Thumb Code     0  startup_stm32f407xx.o(.text)
    DMA2_Stream5_IRQHandler                  0x08000273   Thumb Code     0  startup_stm32f407xx.o(.text)
    ETH_IRQHandler                           0x08000273   Thumb Code     0  startup_stm32f407xx.o(.text)
    ETH_WKUP_IRQHandler                      0x08000273   Thumb Code     0  startup_stm32f407xx.o(.text)
    EXTI15_10_IRQHandler                     0x08000273   Thumb Code     0  startup_stm32f407xx.o(.text)
    EXTI2_IRQHandler                         0x08000273   Thumb Code     0  startup_stm32f407xx.o(.text)
    EXTI3_IRQHandler                         0x08000273   Thumb Code     0  startup_stm32f407xx.o(.text)
    EXTI4_IRQHandler                         0x08000273   Thumb Code     0  startup_stm32f407xx.o(.text)
    EXTI9_5_IRQHandler                       0x08000273   Thumb Code     0  startup_stm32f407xx.o(.text)
    FLASH_IRQHandler                         0x08000273   Thumb Code     0  startup_stm32f407xx.o(.text)
    FMC_IRQHandler                           0x08000273   Thumb Code     0  startup_stm32f407xx.o(.text)
    FPU_IRQHandler                           0x08000273   Thumb Code     0  startup_stm32f407xx.o(.text)
    HASH_RNG_IRQHandler                      0x08000273   Thumb Code     0  startup_stm32f407xx.o(.text)
    I2C1_ER_IRQHandler                       0x08000273   Thumb Code     0  startup_stm32f407xx.o(.text)
    I2C1_EV_IRQHandler                       0x08000273   Thumb Code     0  startup_stm32f407xx.o(.text)
    I2C2_ER_IRQHandler                       0x08000273   Thumb Code     0  startup_stm32f407xx.o(.text)
    I2C2_EV_IRQHandler                       0x08000273   Thumb Code     0  startup_stm32f407xx.o(.text)
    I2C3_ER_IRQHandler                       0x08000273   Thumb Code     0  startup_stm32f407xx.o(.text)
    I2C3_EV_IRQHandler                       0x08000273   Thumb Code     0  startup_stm32f407xx.o(.text)
    OTG_FS_IRQHandler                        0x08000273   Thumb Code     0  startup_stm32f407xx.o(.text)
    OTG_FS_WKUP_IRQHandler                   0x08000273   Thumb Code     0  startup_stm32f407xx.o(.text)
    OTG_HS_EP1_IN_IRQHandler                 0x08000273   Thumb Code     0  startup_stm32f407xx.o(.text)
    OTG_HS_EP1_OUT_IRQHandler                0x08000273   Thumb Code     0  startup_stm32f407xx.o(.text)
    OTG_HS_IRQHandler                        0x08000273   Thumb Code     0  startup_stm32f407xx.o(.text)
    OTG_HS_WKUP_IRQHandler                   0x08000273   Thumb Code     0  startup_stm32f407xx.o(.text)
    PVD_IRQHandler                           0x08000273   Thumb Code     0  startup_stm32f407xx.o(.text)
    RCC_IRQHandler                           0x08000273   Thumb Code     0  startup_stm32f407xx.o(.text)
    RTC_Alarm_IRQHandler                     0x08000273   Thumb Code     0  startup_stm32f407xx.o(.text)
    RTC_WKUP_IRQHandler                      0x08000273   Thumb Code     0  startup_stm32f407xx.o(.text)
    SDIO_IRQHandler                          0x08000273   Thumb Code     0  startup_stm32f407xx.o(.text)
    SPI1_IRQHandler                          0x08000273   Thumb Code     0  startup_stm32f407xx.o(.text)
    SPI2_IRQHandler                          0x08000273   Thumb Code     0  startup_stm32f407xx.o(.text)
    SPI3_IRQHandler                          0x08000273   Thumb Code     0  startup_stm32f407xx.o(.text)
    TAMP_STAMP_IRQHandler                    0x08000273   Thumb Code     0  startup_stm32f407xx.o(.text)
    TIM1_BRK_TIM9_IRQHandler                 0x08000273   Thumb Code     0  startup_stm32f407xx.o(.text)
    TIM1_CC_IRQHandler                       0x08000273   Thumb Code     0  startup_stm32f407xx.o(.text)
    TIM1_TRG_COM_TIM11_IRQHandler            0x08000273   Thumb Code     0  startup_stm32f407xx.o(.text)
    TIM1_UP_TIM10_IRQHandler                 0x08000273   Thumb Code     0  startup_stm32f407xx.o(.text)
    TIM2_IRQHandler                          0x08000273   Thumb Code     0  startup_stm32f407xx.o(.text)
    TIM3_IRQHandler                          0x08000273   Thumb Code     0  startup_stm32f407xx.o(.text)
    TIM4_IRQHandler                          0x08000273   Thumb Code     0  startup_stm32f407xx.o(.text)
    TIM5_IRQHandler                          0x08000273   Thumb Code     0  startup_stm32f407xx.o(.text)
    TIM7_IRQHandler                          0x08000273   Thumb Code     0  startup_stm32f407xx.o(.text)
    TIM8_BRK_TIM12_IRQHandler                0x08000273   Thumb Code     0  startup_stm32f407xx.o(.text)
    TIM8_CC_IRQHandler                       0x08000273   Thumb Code     0  startup_stm32f407xx.o(.text)
    TIM8_TRG_COM_TIM14_IRQHandler            0x08000273   Thumb Code     0  startup_stm32f407xx.o(.text)
    TIM8_UP_TIM13_IRQHandler                 0x08000273   Thumb Code     0  startup_stm32f407xx.o(.text)
    WWDG_IRQHandler                          0x08000273   Thumb Code     0  startup_stm32f407xx.o(.text)
    __aeabi_uldivmod                         0x0800027d   Thumb Code    98  uldiv.o(.text)
    __aeabi_memcpy                           0x080002df   Thumb Code    36  memcpya.o(.text)
    __aeabi_memcpy4                          0x080002df   Thumb Code     0  memcpya.o(.text)
    __aeabi_memcpy8                          0x080002df   Thumb Code     0  memcpya.o(.text)
    __aeabi_dadd                             0x08000303   Thumb Code   322  dadd.o(.text)
    __aeabi_dsub                             0x08000445   Thumb Code     6  dadd.o(.text)
    __aeabi_drsub                            0x0800044b   Thumb Code     6  dadd.o(.text)
    __aeabi_dmul                             0x08000451   Thumb Code   228  dmul.o(.text)
    __aeabi_ddiv                             0x08000535   Thumb Code   222  ddiv.o(.text)
    __aeabi_i2d                              0x08000613   Thumb Code    34  dflti.o(.text)
    __aeabi_f2d                              0x08000635   Thumb Code    38  f2d.o(.text)
    __aeabi_cdcmpeq                          0x0800065d   Thumb Code     0  cdcmple.o(.text)
    __aeabi_cdcmple                          0x0800065d   Thumb Code    48  cdcmple.o(.text)
    __aeabi_d2f                              0x0800068d   Thumb Code    56  d2f.o(.text)
    __aeabi_llsl                             0x080006c5   Thumb Code    30  llshl.o(.text)
    _ll_shift_l                              0x080006c5   Thumb Code     0  llshl.o(.text)
    __aeabi_llsr                             0x080006e3   Thumb Code    32  llushr.o(.text)
    _ll_ushift_r                             0x080006e3   Thumb Code     0  llushr.o(.text)
    __aeabi_lasr                             0x08000703   Thumb Code    36  llsshr.o(.text)
    _ll_sshift_r                             0x08000703   Thumb Code     0  llsshr.o(.text)
    __I$use$fp                               0x08000727   Thumb Code     0  iusefp.o(.text)
    _float_round                             0x08000727   Thumb Code    18  fepilogue.o(.text)
    _float_epilogue                          0x08000739   Thumb Code    92  fepilogue.o(.text)
    _double_round                            0x08000795   Thumb Code    30  depilogue.o(.text)
    _double_epilogue                         0x080007b3   Thumb Code   156  depilogue.o(.text)
    _dsqrt                                   0x0800084f   Thumb Code   162  dsqrt.o(.text)
    __scatterload                            0x080008f1   Thumb Code    28  init.o(.text)
    __scatterload_rt2                        0x080008f1   Thumb Code     0  init.o(.text)
    __aeabi_ui2d                             0x08000915   Thumb Code    26  dfltui.o(.text)
    __aeabi_d2iz                             0x0800092f   Thumb Code    62  dfixi.o(.text)
    BusFault_Handler                         0x08000b15   Thumb Code     2  stm32f4xx_it.o(i.BusFault_Handler)
    CRC_update                               0x08000b49   Thumb Code    38  protocol.o(i.CRC_update)
    CheckSum                                 0x08000b6f   Thumb Code    42  ublox.o(i.CheckSum)
    Control_BackHomeTask                     0x08000b99   Thumb Code    18  control.o(i.Control_BackHomeTask)
    Control_ChargingTask                     0x08000bb5   Thumb Code   316  control.o(i.Control_ChargingTask)
    Control_CircleCheck                      0x08000d09   Thumb Code   138  control.o(i.Control_CircleCheck)
    Control_IdleTask                         0x08000d95   Thumb Code   112  control.o(i.Control_IdleTask)
    Control_Route                            0x08000e19   Thumb Code   840  control.o(i.Control_Route)
    Control_TaskManage                       0x080011a9   Thumb Code    32  control.o(i.Control_TaskManage)
    Control_WorkingTask                      0x080011c9   Thumb Code   416  control.o(i.Control_WorkingTask)
    DMA1_Stream0_IRQHandler                  0x08001385   Thumb Code     6  stm32f4xx_it.o(i.DMA1_Stream0_IRQHandler)
    DMA1_Stream1_IRQHandler                  0x08001391   Thumb Code     6  stm32f4xx_it.o(i.DMA1_Stream1_IRQHandler)
    DMA1_Stream2_IRQHandler                  0x0800139d   Thumb Code     6  stm32f4xx_it.o(i.DMA1_Stream2_IRQHandler)
    DMA1_Stream3_IRQHandler                  0x080013a9   Thumb Code     6  stm32f4xx_it.o(i.DMA1_Stream3_IRQHandler)
    DMA1_Stream4_IRQHandler                  0x080013b5   Thumb Code     6  stm32f4xx_it.o(i.DMA1_Stream4_IRQHandler)
    DMA1_Stream5_IRQHandler                  0x080013c1   Thumb Code     6  stm32f4xx_it.o(i.DMA1_Stream5_IRQHandler)
    DMA1_Stream6_IRQHandler                  0x080013cd   Thumb Code     6  stm32f4xx_it.o(i.DMA1_Stream6_IRQHandler)
    DMA1_Stream7_IRQHandler                  0x080013d9   Thumb Code     6  stm32f4xx_it.o(i.DMA1_Stream7_IRQHandler)
    DMA2_Stream1_IRQHandler                  0x080013e5   Thumb Code     6  stm32f4xx_it.o(i.DMA2_Stream1_IRQHandler)
    DMA2_Stream2_IRQHandler                  0x080013f1   Thumb Code     6  stm32f4xx_it.o(i.DMA2_Stream2_IRQHandler)
    DMA2_Stream6_IRQHandler                  0x080013fd   Thumb Code     6  stm32f4xx_it.o(i.DMA2_Stream6_IRQHandler)
    DMA2_Stream7_IRQHandler                  0x08001409   Thumb Code     6  stm32f4xx_it.o(i.DMA2_Stream7_IRQHandler)
    DebugMon_Handler                         0x080014b9   Thumb Code     2  stm32f4xx_it.o(i.DebugMon_Handler)
    EXTI0_IRQHandler                         0x080014bb   Thumb Code     6  stm32f4xx_it.o(i.EXTI0_IRQHandler)
    EXTI1_IRQHandler                         0x080014c1   Thumb Code     6  stm32f4xx_it.o(i.EXTI1_IRQHandler)
    FLASH_Erase_Sector                       0x080014c9   Thumb Code    74  stm32f4xx_hal_flash_ex.o(i.FLASH_Erase_Sector)
    FLASH_FlushCaches                        0x08001519   Thumb Code    80  stm32f4xx_hal_flash_ex.o(i.FLASH_FlushCaches)
    FLASH_WaitForLastOperation               0x0800168d   Thumb Code    72  stm32f4xx_hal_flash.o(i.FLASH_WaitForLastOperation)
    Flash_EraseSectors                       0x080016dd   Thumb Code    58  flash.o(i.Flash_EraseSectors)
    Flash_Read                               0x08001739   Thumb Code    18  flash.o(i.Flash_Read)
    Flash_Write                              0x0800174d   Thumb Code    54  flash.o(i.Flash_Write)
    GPS_USART6_UART_Init                     0x08001789   Thumb Code    50  usart.o(i.GPS_USART6_UART_Init)
    HAL_ADC_ConfigChannel                    0x080017d9   Thumb Code   316  stm32f4xx_hal_adc.o(i.HAL_ADC_ConfigChannel)
    HAL_ADC_ConvCpltCallback                 0x08001925   Thumb Code     2  stm32f4xx_hal_adc.o(i.HAL_ADC_ConvCpltCallback)
    HAL_ADC_ConvHalfCpltCallback             0x08001927   Thumb Code     2  stm32f4xx_hal_adc.o(i.HAL_ADC_ConvHalfCpltCallback)
    HAL_ADC_ErrorCallback                    0x08001929   Thumb Code     2  stm32f4xx_hal_adc.o(i.HAL_ADC_ErrorCallback)
    HAL_ADC_Init                             0x0800192b   Thumb Code    84  stm32f4xx_hal_adc.o(i.HAL_ADC_Init)
    HAL_ADC_MspInit                          0x08001981   Thumb Code    54  adc.o(i.HAL_ADC_MspInit)
    HAL_ADC_Start_DMA                        0x080019c5   Thumb Code   228  stm32f4xx_hal_adc.o(i.HAL_ADC_Start_DMA)
    HAL_DMA_Abort_IT                         0x08001ac5   Thumb Code    36  stm32f4xx_hal_dma.o(i.HAL_DMA_Abort_IT)
    HAL_DMA_IRQHandler                       0x08001ae9   Thumb Code   412  stm32f4xx_hal_dma.o(i.HAL_DMA_IRQHandler)
    HAL_DMA_Init                             0x08001c89   Thumb Code   206  stm32f4xx_hal_dma.o(i.HAL_DMA_Init)
    HAL_DMA_Start_IT                         0x08001d5d   Thumb Code   120  stm32f4xx_hal_dma.o(i.HAL_DMA_Start_IT)
    HAL_Delay                                0x08001dd5   Thumb Code    32  stm32f4xx_hal.o(i.HAL_Delay)
    HAL_FLASHEx_Erase                        0x08001df9   Thumb Code   144  stm32f4xx_hal_flash_ex.o(i.HAL_FLASHEx_Erase)
    HAL_FLASH_Lock                           0x08001e91   Thumb Code    14  stm32f4xx_hal_flash.o(i.HAL_FLASH_Lock)
    HAL_FLASH_Program                        0x08001ea5   Thumb Code   116  stm32f4xx_hal_flash.o(i.HAL_FLASH_Program)
    HAL_FLASH_Unlock                         0x08001f21   Thumb Code    32  stm32f4xx_hal_flash.o(i.HAL_FLASH_Unlock)
    HAL_GPIO_EXTI_Callback                   0x08001f4d   Thumb Code     2  stm32f4xx_hal_gpio.o(i.HAL_GPIO_EXTI_Callback)
    HAL_GPIO_EXTI_IRQHandler                 0x08001f51   Thumb Code    18  stm32f4xx_hal_gpio.o(i.HAL_GPIO_EXTI_IRQHandler)
    HAL_GPIO_Init                            0x08001f69   Thumb Code   388  stm32f4xx_hal_gpio.o(i.HAL_GPIO_Init)
    HAL_GPIO_WritePin                        0x08002119   Thumb Code    10  stm32f4xx_hal_gpio.o(i.HAL_GPIO_WritePin)
    HAL_GetTick                              0x08002125   Thumb Code     6  stm32f4xx_hal.o(i.HAL_GetTick)
    HAL_IncTick                              0x08002131   Thumb Code    12  stm32f4xx_hal.o(i.HAL_IncTick)
    HAL_Init                                 0x08002141   Thumb Code    48  stm32f4xx_hal.o(i.HAL_Init)
    HAL_InitTick                             0x08002175   Thumb Code   100  stm32f4xx_hal_timebase_tim.o(i.HAL_InitTick)
    HAL_MspInit                              0x080021e9   Thumb Code   126  stm32f4xx_hal_msp.o(i.HAL_MspInit)
    HAL_NVIC_EnableIRQ                       0x0800226d   Thumb Code    22  stm32f4xx_hal_cortex.o(i.HAL_NVIC_EnableIRQ)
    HAL_NVIC_SetPriority                     0x08002285   Thumb Code    60  stm32f4xx_hal_cortex.o(i.HAL_NVIC_SetPriority)
    HAL_NVIC_SetPriorityGrouping             0x080022c5   Thumb Code    26  stm32f4xx_hal_cortex.o(i.HAL_NVIC_SetPriorityGrouping)
    HAL_RCC_ClockConfig                      0x080022e9   Thumb Code   286  stm32f4xx_hal_rcc.o(i.HAL_RCC_ClockConfig)
    HAL_RCC_GetClockConfig                   0x08002419   Thumb Code    54  stm32f4xx_hal_rcc.o(i.HAL_RCC_GetClockConfig)
    HAL_RCC_GetHCLKFreq                      0x08002459   Thumb Code     6  stm32f4xx_hal_rcc.o(i.HAL_RCC_GetHCLKFreq)
    HAL_RCC_GetPCLK1Freq                     0x08002465   Thumb Code    20  stm32f4xx_hal_rcc.o(i.HAL_RCC_GetPCLK1Freq)
    HAL_RCC_GetPCLK2Freq                     0x08002485   Thumb Code    20  stm32f4xx_hal_rcc.o(i.HAL_RCC_GetPCLK2Freq)
    HAL_RCC_GetSysClockFreq                  0x080024a5   Thumb Code    88  stm32f4xx_hal_rcc.o(i.HAL_RCC_GetSysClockFreq)
    HAL_RCC_OscConfig                        0x08002505   Thumb Code   770  stm32f4xx_hal_rcc.o(i.HAL_RCC_OscConfig)
    HAL_SYSTICK_CLKSourceConfig              0x08002821   Thumb Code    24  stm32f4xx_hal_cortex.o(i.HAL_SYSTICK_CLKSourceConfig)
    HAL_SYSTICK_Config                       0x08002839   Thumb Code    40  stm32f4xx_hal_cortex.o(i.HAL_SYSTICK_Config)
    HAL_TIMEx_BreakCallback                  0x08002861   Thumb Code     2  stm32f4xx_hal_tim_ex.o(i.HAL_TIMEx_BreakCallback)
    HAL_TIMEx_CommutationCallback            0x08002863   Thumb Code     2  stm32f4xx_hal_tim_ex.o(i.HAL_TIMEx_CommutationCallback)
    HAL_TIMEx_ConfigBreakDeadTime            0x08002865   Thumb Code    90  stm32f4xx_hal_tim_ex.o(i.HAL_TIMEx_ConfigBreakDeadTime)
    HAL_TIMEx_MasterConfigSynchronization    0x080028bf   Thumb Code    80  stm32f4xx_hal_tim_ex.o(i.HAL_TIMEx_MasterConfigSynchronization)
    HAL_TIM_Base_Init                        0x0800290f   Thumb Code    54  stm32f4xx_hal_tim.o(i.HAL_TIM_Base_Init)
    HAL_TIM_Base_MspInit                     0x08002945   Thumb Code     2  stm32f4xx_hal_tim.o(i.HAL_TIM_Base_MspInit)
    HAL_TIM_Base_Start_IT                    0x08002947   Thumb Code    24  stm32f4xx_hal_tim.o(i.HAL_TIM_Base_Start_IT)
    HAL_TIM_IC_CaptureCallback               0x0800295f   Thumb Code     2  stm32f4xx_hal_tim.o(i.HAL_TIM_IC_CaptureCallback)
    HAL_TIM_IC_ConfigChannel                 0x08002961   Thumb Code   286  stm32f4xx_hal_tim.o(i.HAL_TIM_IC_ConfigChannel)
    HAL_TIM_IC_Init                          0x08002a7f   Thumb Code    54  stm32f4xx_hal_tim.o(i.HAL_TIM_IC_Init)
    HAL_TIM_IC_MspInit                       0x08002ab5   Thumb Code   120  tim.o(i.HAL_TIM_IC_MspInit)
    HAL_TIM_IC_Start                         0x08002b45   Thumb Code    26  stm32f4xx_hal_tim.o(i.HAL_TIM_IC_Start)
    HAL_TIM_IRQHandler                       0x08002b5f   Thumb Code   358  stm32f4xx_hal_tim.o(i.HAL_TIM_IRQHandler)
    HAL_TIM_MspPostInit                      0x08002cc5   Thumb Code   110  tim.o(i.HAL_TIM_MspPostInit)
    HAL_TIM_OC_DelayElapsedCallback          0x08002d4d   Thumb Code     2  stm32f4xx_hal_tim.o(i.HAL_TIM_OC_DelayElapsedCallback)
    HAL_TIM_PWM_ConfigChannel                0x08002d4f   Thumb Code   208  stm32f4xx_hal_tim.o(i.HAL_TIM_PWM_ConfigChannel)
    HAL_TIM_PWM_Init                         0x08002e1f   Thumb Code    54  stm32f4xx_hal_tim.o(i.HAL_TIM_PWM_Init)
    HAL_TIM_PWM_MspInit                      0x08002e55   Thumb Code    78  tim.o(i.HAL_TIM_PWM_MspInit)
    HAL_TIM_PWM_PulseFinishedCallback        0x08002eb1   Thumb Code     2  stm32f4xx_hal_tim.o(i.HAL_TIM_PWM_PulseFinishedCallback)
    HAL_TIM_PWM_Start                        0x08002eb5   Thumb Code    48  stm32f4xx_hal_tim.o(i.HAL_TIM_PWM_Start)
    HAL_TIM_PeriodElapsedCallback            0x08002eed   Thumb Code    14  main.o(i.HAL_TIM_PeriodElapsedCallback)
    HAL_TIM_TriggerCallback                  0x08002f01   Thumb Code     2  stm32f4xx_hal_tim.o(i.HAL_TIM_TriggerCallback)
    HAL_UART_ErrorCallback                   0x08002f05   Thumb Code   108  uart.o(i.HAL_UART_ErrorCallback)
    HAL_UART_IRQHandler                      0x08002f8d   Thumb Code   266  stm32f4xx_hal_uart.o(i.HAL_UART_IRQHandler)
    HAL_UART_Init                            0x0800309d   Thumb Code    98  stm32f4xx_hal_uart.o(i.HAL_UART_Init)
    HAL_UART_MspInit                         0x08003101   Thumb Code  1232  usart.o(i.HAL_UART_MspInit)
    HAL_UART_Receive_DMA                     0x080035e1   Thumb Code   138  stm32f4xx_hal_uart.o(i.HAL_UART_Receive_DMA)
    HAL_UART_RxCpltCallback                  0x08003679   Thumb Code   124  uart.o(i.HAL_UART_RxCpltCallback)
    HAL_UART_RxHalfCpltCallback              0x08003715   Thumb Code     2  stm32f4xx_hal_uart.o(i.HAL_UART_RxHalfCpltCallback)
    HAL_UART_Transmit_DMA                    0x08003719   Thumb Code   114  stm32f4xx_hal_uart.o(i.HAL_UART_Transmit_DMA)
    HAL_UART_TxCpltCallback                  0x08003799   Thumb Code    86  uart.o(i.HAL_UART_TxCpltCallback)
    HAL_UART_TxHalfCpltCallback              0x08003811   Thumb Code     2  stm32f4xx_hal_uart.o(i.HAL_UART_TxHalfCpltCallback)
    HardFault_Handler                        0x08003813   Thumb Code     2  stm32f4xx_it.o(i.HardFault_Handler)
    LED_OFF                                  0x08003815   Thumb Code    72  led.o(i.LED_OFF)
    LED_ON                                   0x08003865   Thumb Code    72  led.o(i.LED_ON)
    MOTOR_EN                                 0x080038b5   Thumb Code   164  motor.o(i.MOTOR_EN)
    MOTOR_PWR_EN                             0x08003965   Thumb Code    30  motor.o(i.MOTOR_PWR_EN)
    MX_ADC1_Init                             0x08003989   Thumb Code    84  adc.o(i.MX_ADC1_Init)
    MX_DMA_Init                              0x080039fd   Thumb Code   232  dma.o(i.MX_DMA_Init)
    MX_FREERTOS_Init                         0x08003ae9   Thumb Code    74  freertos.o(i.MX_FREERTOS_Init)
    MX_GPIO_Init                             0x08003b3d   Thumb Code   366  gpio.o(i.MX_GPIO_Init)
    MX_TIM1_Init                             0x08003cc9   Thumb Code   160  tim.o(i.MX_TIM1_Init)
    MX_TIM2_Init                             0x08003d85   Thumb Code   122  tim.o(i.MX_TIM2_Init)
    MX_TIM3_Init                             0x08003e19   Thumb Code   158  tim.o(i.MX_TIM3_Init)
    MX_TIM4_Init                             0x08003ed5   Thumb Code   160  tim.o(i.MX_TIM4_Init)
    MX_TIM8_Init                             0x08003f91   Thumb Code   174  tim.o(i.MX_TIM8_Init)
    MX_UART4_Init                            0x0800405d   Thumb Code    52  usart.o(i.MX_UART4_Init)
    MX_UART5_Init                            0x080040ad   Thumb Code    52  usart.o(i.MX_UART5_Init)
    MX_USART1_UART_Init                      0x080040fd   Thumb Code    54  usart.o(i.MX_USART1_UART_Init)
    MX_USART2_UART_Init                      0x08004151   Thumb Code    54  usart.o(i.MX_USART2_UART_Init)
    MX_USART3_UART_Init                      0x080041a5   Thumb Code    54  usart.o(i.MX_USART3_UART_Init)
    MX_USART6_UART_Init                      0x080041f9   Thumb Code    54  usart.o(i.MX_USART6_UART_Init)
    MemManage_Handler                        0x0800424d   Thumb Code     2  stm32f4xx_it.o(i.MemManage_Handler)
    NMI_Handler                              0x0800424f   Thumb Code     2  stm32f4xx_it.o(i.NMI_Handler)
    POS_Distance                             0x08004271   Thumb Code   152  control.o(i.POS_Distance)
    POS_Heading                              0x08004319   Thumb Code   208  control.o(i.POS_Heading)
    Parameter_R_PID                          0x08004405   Thumb Code    28  flash.o(i.Parameter_R_PID)
    Parameter_S_PID                          0x08004429   Thumb Code    28  flash.o(i.Parameter_S_PID)
    Protocol_NAV_POSLLH                      0x0800444d   Thumb Code   278  ublox.o(i.Protocol_NAV_POSLLH)
    Protocol_NAV_STATUS                      0x08004581   Thumb Code   114  ublox.o(i.Protocol_NAV_STATUS)
    Protocol_NAV_VELNED                      0x080045fd   Thumb Code   388  ublox.o(i.Protocol_NAV_VELNED)
    Protocol_R_CMD                           0x080047a1   Thumb Code   434  protocol.o(i.Protocol_R_CMD)
    Protocol_R_Parameter                     0x08004965   Thumb Code    22  protocol.o(i.Protocol_R_Parameter)
    Protocol_R_Prepare                       0x08004985   Thumb Code   228  protocol.o(i.Protocol_R_Prepare)
    Protocol_R_WayPoint                      0x08004a71   Thumb Code    58  protocol.o(i.Protocol_R_WayPoint)
    Protocol_Rev                             0x08004ab5   Thumb Code    32  protocol.o(i.Protocol_Rev)
    Protocol_T_Echo                          0x08004bc1   Thumb Code   104  protocol.o(i.Protocol_T_Echo)
    Protocol_T_Parameter                     0x08004c2d   Thumb Code   116  protocol.o(i.Protocol_T_Parameter)
    Protocol_T_Status                        0x08004ca9   Thumb Code   114  protocol.o(i.Protocol_T_Status)
    Protocol_T_WayPoint                      0x08004d25   Thumb Code   116  protocol.o(i.Protocol_T_WayPoint)
    StartDefaultTask                         0x08004da1   Thumb Code   254  freertos.o(i.StartDefaultTask)
    StartTask02                              0x08004ed9   Thumb Code   320  freertos.o(i.StartTask02)
    StartTask03                              0x08005041   Thumb Code    70  freertos.o(i.StartTask03)
    SysTick_Handler                          0x0800508d   Thumb Code     4  stm32f4xx_it.o(i.SysTick_Handler)
    SystemClock_Config                       0x08005091   Thumb Code   158  main.o(i.SystemClock_Config)
    SystemInit                               0x0800514d   Thumb Code    66  system_stm32f4xx.o(i.SystemInit)
    TIM6_DAC_IRQHandler                      0x080051a1   Thumb Code     6  stm32f4xx_it.o(i.TIM6_DAC_IRQHandler)
    TIM_Base_SetConfig                       0x080051ad   Thumb Code   148  stm32f4xx_hal_tim.o(i.TIM_Base_SetConfig)
    TIM_CCxChannelCmd                        0x0800526d   Thumb Code    22  stm32f4xx_hal_tim.o(i.TIM_CCxChannelCmd)
    TIM_OC2_SetConfig                        0x080052dd   Thumb Code    90  stm32f4xx_hal_tim.o(i.TIM_OC2_SetConfig)
    TIM_TI1_SetConfig                        0x080053f1   Thumb Code   104  stm32f4xx_hal_tim.o(i.TIM_TI1_SetConfig)
    To_180_degrees                           0x080054ad   Thumb Code    36  mymath.o(i.To_180_degrees)
    UART4_IRQHandler                         0x080054dd   Thumb Code     6  stm32f4xx_it.o(i.UART4_IRQHandler)
    UART5_IRQHandler                         0x080054e9   Thumb Code     6  stm32f4xx_it.o(i.UART5_IRQHandler)
    USART1_IRQHandler                        0x08005999   Thumb Code     6  stm32f4xx_it.o(i.USART1_IRQHandler)
    USART2_IRQHandler                        0x080059a5   Thumb Code     6  stm32f4xx_it.o(i.USART2_IRQHandler)
    USART3_IRQHandler                        0x080059b1   Thumb Code     6  stm32f4xx_it.o(i.USART3_IRQHandler)
    USART6_IRQHandler                        0x080059bd   Thumb Code     6  stm32f4xx_it.o(i.USART6_IRQHandler)
    UsageFault_Handler                       0x080059c9   Thumb Code     2  stm32f4xx_it.o(i.UsageFault_Handler)
    _Error_Handler                           0x080059cb   Thumb Code    20  main.o(i._Error_Handler)
    __ARM_fpclassify                         0x080059df   Thumb Code    48  fpclassify.o(i.__ARM_fpclassify)
    __hardfp_atan                            0x08005a11   Thumb Code   622  atan.o(i.__hardfp_atan)
    __hardfp_atan2                           0x08005ce9   Thumb Code   432  atan2.o(i.__hardfp_atan2)
    __hardfp_cos                             0x08005ed9   Thumb Code   180  cos.o(i.__hardfp_cos)
    __hardfp_sin                             0x08005fa1   Thumb Code   180  sin.o(i.__hardfp_sin)
    __hardfp_sqrt                            0x08006069   Thumb Code   122  sqrt.o(i.__hardfp_sqrt)
    __ieee754_rem_pio2                       0x080060e9   Thumb Code   938  rred.o(i.__ieee754_rem_pio2)
    __kernel_cos                             0x08006521   Thumb Code   322  cos_i.o(i.__kernel_cos)
    __kernel_poly                            0x08006691   Thumb Code   248  poly.o(i.__kernel_poly)
    __kernel_sin                             0x08006789   Thumb Code   280  sin_i.o(i.__kernel_sin)
    __mathlib_dbl_infnan                     0x080068b9   Thumb Code    20  dunder.o(i.__mathlib_dbl_infnan)
    __mathlib_dbl_infnan2                    0x080068cd   Thumb Code    20  dunder.o(i.__mathlib_dbl_infnan2)
    __mathlib_dbl_invalid                    0x080068e1   Thumb Code    24  dunder.o(i.__mathlib_dbl_invalid)
    __mathlib_dbl_underflow                  0x08006901   Thumb Code    24  dunder.o(i.__mathlib_dbl_underflow)
    __scatterload_copy                       0x08006921   Thumb Code    14  handlers.o(i.__scatterload_copy)
    __scatterload_null                       0x0800692f   Thumb Code     2  handlers.o(i.__scatterload_null)
    __scatterload_zeroinit                   0x08006931   Thumb Code    14  handlers.o(i.__scatterload_zeroinit)
    __set_errno                              0x08006941   Thumb Code     6  errno.o(i.__set_errno)
    atan                                     0x0800694d   Thumb Code    16  atan.o(i.atan)
    fabs                                     0x0800695d   Thumb Code    24  fabs.o(i.fabs)
    getchar_uart5                            0x08006975   Thumb Code    62  protocol.o(i.getchar_uart5)
    main                                     0x080069c1   Thumb Code    74  main.o(i.main)
    osDelay                                  0x08006a17   Thumb Code    14  cmsis_os.o(i.osDelay)
    osKernelStart                            0x08006a25   Thumb Code    10  cmsis_os.o(i.osKernelStart)
    osSystickHandler                         0x08006a2f   Thumb Code    20  cmsis_os.o(i.osSystickHandler)
    osThreadCreate                           0x08006a43   Thumb Code    46  cmsis_os.o(i.osThreadCreate)
    osThreadYield                            0x08006a71   Thumb Code    20  cmsis_os.o(i.osThreadYield)
    pvPortMalloc                             0x08006dc5   Thumb Code   210  heap_4.o(i.pvPortMalloc)
    pxPortInitialiseStack                    0x08006e9d   Thumb Code    40  port.o(i.pxPortInitialiseStack)
    ubloxInitGps                             0x08006ec9   Thumb Code    80  ublox.o(i.ubloxInitGps)
    ubloxSet_PRT                             0x08006f19   Thumb Code   204  ublox.o(i.ubloxSet_PRT)
    ubloxSet_Rate                            0x08006fe5   Thumb Code   120  ublox.o(i.ubloxSet_Rate)
    ublox_Protocol_Prepare                   0x0800705d   Thumb Code   220  ublox.o(i.ublox_Protocol_Prepare)
    ublox_Protocol_Send                      0x08007141   Thumb Code    32  uart.o(i.ublox_Protocol_Send)
    ubloxmsg_Enable                          0x08007169   Thumb Code   120  ublox.o(i.ubloxmsg_Enable)
    uxListRemove                             0x080071e1   Thumb Code    36  list.o(i.uxListRemove)
    vListInitialise                          0x08007205   Thumb Code    22  list.o(i.vListInitialise)
    vListInitialiseItem                      0x0800721b   Thumb Code     6  list.o(i.vListInitialiseItem)
    vListInsert                              0x08007221   Thumb Code    48  list.o(i.vListInsert)
    vListInsertEnd                           0x08007251   Thumb Code    24  list.o(i.vListInsertEnd)
    vPortEnterCritical                       0x08007269   Thumb Code    54  port.o(i.vPortEnterCritical)
    vPortExitCritical                        0x080072a9   Thumb Code    34  port.o(i.vPortExitCritical)
    vPortFree                                0x080072d1   Thumb Code    88  heap_4.o(i.vPortFree)
    vPortSetupTimerInterrupt                 0x0800732d   Thumb Code    26  port.o(i.vPortSetupTimerInterrupt)
    vTaskDelay                               0x0800734d   Thumb Code    66  tasks.o(i.vTaskDelay)
    vTaskStartScheduler                      0x08007399   Thumb Code    86  tasks.o(i.vTaskStartScheduler)
    vTaskSuspendAll                          0x08007401   Thumb Code    10  tasks.o(i.vTaskSuspendAll)
    vTaskSwitchContext                       0x08007411   Thumb Code    82  tasks.o(i.vTaskSwitchContext)
    xPortStartScheduler                      0x0800746d   Thumb Code   202  port.o(i.xPortStartScheduler)
    xPortSysTickHandler                      0x0800754d   Thumb Code    38  port.o(i.xPortSysTickHandler)
    xTaskCreate                              0x08007579   Thumb Code    86  tasks.o(i.xTaskCreate)
    xTaskGetSchedulerState                   0x080075d1   Thumb Code    22  tasks.o(i.xTaskGetSchedulerState)
    xTaskIncrementTick                       0x080075ed   Thumb Code   192  tasks.o(i.xTaskIncrementTick)
    xTaskResumeAll                           0x080076b5   Thumb Code   182  tasks.o(i.xTaskResumeAll)
    AHBPrescTable                            0x080077b4   Data          16  system_stm32f4xx.o(.constdata)
    APBPrescTable                            0x080077c4   Data           8  system_stm32f4xx.o(.constdata)
    __mathlib_zero                           0x080078a0   Data           8  qnan.o(.constdata)
    Region$$Table$$Base                      0x080079c4   Number         0  anon$$obj.o(Region$$Table)
    Region$$Table$$Limit                     0x080079e4   Number         0  anon$$obj.o(Region$$Table)
    PositionErr                              0x20000000   Data           4  control.o(.data)
    HeadingErr                               0x20000004   Data           4  control.o(.data)
    Current_Target_Heading                   0x20000008   Data           4  control.o(.data)
    Last_Target_Heading                      0x2000000c   Data           4  control.o(.data)
    use_Heading                              0x20000010   Data           4  control.o(.data)
    CrossDistance                            0x20000014   Data           4  control.o(.data)
    ControltTaskHandle                       0x20000018   Data           4  freertos.o(.data)
    DataLinkTaskHandle                       0x2000001c   Data           4  freertos.o(.data)
    SenserTaskHandle                         0x20000020   Data           4  freertos.o(.data)
    pxCurrentTCB                             0x20000048   Data           4  tasks.o(.data)
    SystemCoreClock                          0x20000084   Data           4  system_stm32f4xx.o(.data)
    uwTickFreq                               0x20000088   Data           1  stm32f4xx_hal.o(.data)
    uwTickPrio                               0x2000008c   Data           4  stm32f4xx_hal.o(.data)
    uwTick                                   0x20000090   Data           4  stm32f4xx_hal.o(.data)
    ublox_ProState                           0x20000094   Data           1  ublox.o(.data)
    iTOW                                     0x20000098   Data           4  ublox.o(.data)
    hMSL                                     0x2000009c   Data           4  ublox.o(.data)
    Control                                  0x200000b8   Data       25248  control.o(.bss)
    hadc1                                    0x20006358   Data          72  adc.o(.bss)
    htim1                                    0x200063a0   Data          60  tim.o(.bss)
    htim2                                    0x200063dc   Data          60  tim.o(.bss)
    htim3                                    0x20006418   Data          60  tim.o(.bss)
    htim4                                    0x20006454   Data          60  tim.o(.bss)
    htim8                                    0x20006490   Data          60  tim.o(.bss)
    huart4                                   0x200064cc   Data          64  usart.o(.bss)
    huart5                                   0x2000650c   Data          64  usart.o(.bss)
    huart1                                   0x2000654c   Data          64  usart.o(.bss)
    huart2                                   0x2000658c   Data          64  usart.o(.bss)
    huart3                                   0x200065cc   Data          64  usart.o(.bss)
    huart6                                   0x2000660c   Data          64  usart.o(.bss)
    hdma_usart1_rx                           0x2000664c   Data          96  usart.o(.bss)
    hdma_usart1_tx                           0x200066ac   Data          96  usart.o(.bss)
    hdma_usart2_rx                           0x2000670c   Data          96  usart.o(.bss)
    hdma_usart2_tx                           0x2000676c   Data          96  usart.o(.bss)
    hdma_uart4_rx                            0x200067cc   Data          96  usart.o(.bss)
    hdma_uart4_tx                            0x2000682c   Data          96  usart.o(.bss)
    hdma_uart5_rx                            0x2000688c   Data          96  usart.o(.bss)
    hdma_uart5_tx                            0x200068ec   Data          96  usart.o(.bss)
    hdma_usart3_tx                           0x2000694c   Data          96  usart.o(.bss)
    hdma_usart3_rx                           0x200069ac   Data          96  usart.o(.bss)
    hdma_usart6_tx                           0x20006a0c   Data          96  usart.o(.bss)
    hdma_usart6_rx                           0x20006a6c   Data          96  usart.o(.bss)
    htim6                                    0x20006acc   Data          60  stm32f4xx_hal_timebase_tim.o(.bss)
    pFlash                                   0x2000a7f8   Data          32  stm32f4xx_hal_flash.o(.bss)
    Protocol_TxBuff                          0x2000a818   Data         256  uart.o(.bss)
    ublox_ProRxBuffer                        0x2000a918   Data         256  ublox.o(.bss)
    NAV_VELNED                               0x2000aa18   Data          36  ublox.o(.bss)
    NAV_STATUS                               0x2000aa3c   Data          28  ublox.o(.bss)
    NAV_POSLLH                               0x2000aa58   Data          28  ublox.o(.bss)
    HAL_IO                                   0x2000ab88   Data        9528  protocol.o(.bss)
    WayPointList                             0x2000d0c0   Data       20000  protocol.o(.bss)
    __initial_sp                             0x20015ee0   Data           0  startup_stm32f407xx.o(STACK)



==============================================================================

Memory Map of the image

  Image Entry point : 0x08000189

  Load Region LR_IROM1 (Base: 0x08000000, Size: 0x00007a9c, Max: 0x00100000, ABSOLUTE)

    Execution Region ER_IROM1 (Exec base: 0x08000000, Load base: 0x08000000, Size: 0x000079e4, Max: 0x00100000, ABSOLUTE)

    Exec Addr    Load Addr    Size         Type   Attr      Idx    E Section Name        Object

    0x08000000   0x08000000   0x00000188   Data   RO         1116    RESET               startup_stm32f407xx.o
    0x08000188   0x08000188   0x00000000   Code   RO         5586  * .ARM.Collect$$$$00000000  mc_w.l(entry.o)
    0x08000188   0x08000188   0x00000004   Code   RO         5654    .ARM.Collect$$$$00000001  mc_w.l(entry2.o)
    0x0800018c   0x0800018c   0x00000004   Code   RO         5657    .ARM.Collect$$$$00000004  mc_w.l(entry5.o)
    0x08000190   0x08000190   0x00000000   Code   RO         5659    .ARM.Collect$$$$00000008  mc_w.l(entry7b.o)
    0x08000190   0x08000190   0x00000000   Code   RO         5661    .ARM.Collect$$$$0000000A  mc_w.l(entry8b.o)
    0x08000190   0x08000190   0x00000008   Code   RO         5662    .ARM.Collect$$$$0000000B  mc_w.l(entry9a.o)
    0x08000198   0x08000198   0x00000000   Code   RO         5664    .ARM.Collect$$$$0000000D  mc_w.l(entry10a.o)
    0x08000198   0x08000198   0x00000000   Code   RO         5666    .ARM.Collect$$$$0000000F  mc_w.l(entry11a.o)
    0x08000198   0x08000198   0x00000004   Code   RO         5655    .ARM.Collect$$$$00002712  mc_w.l(entry2.o)
    0x0800019c   0x0800019c   0x000000ba   Code   RO         1195    .emb_text           port.o
    0x08000256   0x08000256   0x00000002   PAD
    0x08000258   0x08000258   0x00000024   Code   RO         1117    .text               startup_stm32f407xx.o
    0x0800027c   0x0800027c   0x00000062   Code   RO         5589    .text               mc_w.l(uldiv.o)
    0x080002de   0x080002de   0x00000024   Code   RO         5591    .text               mc_w.l(memcpya.o)
    0x08000302   0x08000302   0x0000014e   Code   RO         5595    .text               mf_w.l(dadd.o)
    0x08000450   0x08000450   0x000000e4   Code   RO         5597    .text               mf_w.l(dmul.o)
    0x08000534   0x08000534   0x000000de   Code   RO         5599    .text               mf_w.l(ddiv.o)
    0x08000612   0x08000612   0x00000022   Code   RO         5601    .text               mf_w.l(dflti.o)
    0x08000634   0x08000634   0x00000026   Code   RO         5603    .text               mf_w.l(f2d.o)
    0x0800065a   0x0800065a   0x00000002   PAD
    0x0800065c   0x0800065c   0x00000030   Code   RO         5605    .text               mf_w.l(cdcmple.o)
    0x0800068c   0x0800068c   0x00000038   Code   RO         5609    .text               mf_w.l(d2f.o)
    0x080006c4   0x080006c4   0x0000001e   Code   RO         5668    .text               mc_w.l(llshl.o)
    0x080006e2   0x080006e2   0x00000020   Code   RO         5670    .text               mc_w.l(llushr.o)
    0x08000702   0x08000702   0x00000024   Code   RO         5672    .text               mc_w.l(llsshr.o)
    0x08000726   0x08000726   0x00000000   Code   RO         5681    .text               mc_w.l(iusefp.o)
    0x08000726   0x08000726   0x0000006e   Code   RO         5682    .text               mf_w.l(fepilogue.o)
    0x08000794   0x08000794   0x000000ba   Code   RO         5684    .text               mf_w.l(depilogue.o)
    0x0800084e   0x0800084e   0x000000a2   Code   RO         5688    .text               mf_w.l(dsqrt.o)
    0x080008f0   0x080008f0   0x00000024   Code   RO         5694    .text               mc_w.l(init.o)
    0x08000914   0x08000914   0x0000001a   Code   RO         5696    .text               mf_w.l(dfltui.o)
    0x0800092e   0x0800092e   0x0000003e   Code   RO         5698    .text               mf_w.l(dfixi.o)
    0x0800096c   0x0800096c   0x00000062   Code   RO         2265    i.ADC_DMAConvCplt   stm32f4xx_hal_adc.o
    0x080009ce   0x080009ce   0x00000016   Code   RO         2266    i.ADC_DMAError      stm32f4xx_hal_adc.o
    0x080009e4   0x080009e4   0x0000000a   Code   RO         2267    i.ADC_DMAHalfConvCplt  stm32f4xx_hal_adc.o
    0x080009ee   0x080009ee   0x00000002   PAD
    0x080009f0   0x080009f0   0x00000124   Code   RO         2268    i.ADC_Init          stm32f4xx_hal_adc.o
    0x08000b14   0x08000b14   0x00000002   Code   RO          821    i.BusFault_Handler  stm32f4xx_it.o
    0x08000b16   0x08000b16   0x00000032   Code   RO         5411    i.CRC_CheckSum      protocol.o
    0x08000b48   0x08000b48   0x00000026   Code   RO         5413    i.CRC_update        protocol.o
    0x08000b6e   0x08000b6e   0x0000002a   Code   RO         5033    i.CheckSum          ublox.o
    0x08000b98   0x08000b98   0x0000001c   Code   RO            4    i.Control_BackHomeTask  control.o
    0x08000bb4   0x08000bb4   0x00000154   Code   RO            5    i.Control_ChargingTask  control.o
    0x08000d08   0x08000d08   0x0000008a   Code   RO            6    i.Control_CircleCheck  control.o
    0x08000d92   0x08000d92   0x00000002   PAD
    0x08000d94   0x08000d94   0x00000084   Code   RO            7    i.Control_IdleTask  control.o
    0x08000e18   0x08000e18   0x00000390   Code   RO            9    i.Control_Route     control.o
    0x080011a8   0x080011a8   0x00000020   Code   RO           10    i.Control_TaskManage  control.o
    0x080011c8   0x080011c8   0x000001bc   Code   RO           11    i.Control_WorkingTask  control.o
    0x08001384   0x08001384   0x0000000c   Code   RO          822    i.DMA1_Stream0_IRQHandler  stm32f4xx_it.o
    0x08001390   0x08001390   0x0000000c   Code   RO          823    i.DMA1_Stream1_IRQHandler  stm32f4xx_it.o
    0x0800139c   0x0800139c   0x0000000c   Code   RO          824    i.DMA1_Stream2_IRQHandler  stm32f4xx_it.o
    0x080013a8   0x080013a8   0x0000000c   Code   RO          825    i.DMA1_Stream3_IRQHandler  stm32f4xx_it.o
    0x080013b4   0x080013b4   0x0000000c   Code   RO          826    i.DMA1_Stream4_IRQHandler  stm32f4xx_it.o
    0x080013c0   0x080013c0   0x0000000c   Code   RO          827    i.DMA1_Stream5_IRQHandler  stm32f4xx_it.o
    0x080013cc   0x080013cc   0x0000000c   Code   RO          828    i.DMA1_Stream6_IRQHandler  stm32f4xx_it.o
    0x080013d8   0x080013d8   0x0000000c   Code   RO          829    i.DMA1_Stream7_IRQHandler  stm32f4xx_it.o
    0x080013e4   0x080013e4   0x0000000c   Code   RO          830    i.DMA2_Stream1_IRQHandler  stm32f4xx_it.o
    0x080013f0   0x080013f0   0x0000000c   Code   RO          831    i.DMA2_Stream2_IRQHandler  stm32f4xx_it.o
    0x080013fc   0x080013fc   0x0000000c   Code   RO          832    i.DMA2_Stream6_IRQHandler  stm32f4xx_it.o
    0x08001408   0x08001408   0x0000000c   Code   RO          833    i.DMA2_Stream7_IRQHandler  stm32f4xx_it.o
    0x08001414   0x08001414   0x00000028   Code   RO         4195    i.DMA_CalcBaseAndBitshift  stm32f4xx_hal_dma.o
    0x0800143c   0x0800143c   0x00000054   Code   RO         4196    i.DMA_CheckFifoParam  stm32f4xx_hal_dma.o
    0x08001490   0x08001490   0x00000028   Code   RO         4197    i.DMA_SetConfig     stm32f4xx_hal_dma.o
    0x080014b8   0x080014b8   0x00000002   Code   RO          834    i.DebugMon_Handler  stm32f4xx_it.o
    0x080014ba   0x080014ba   0x00000006   Code   RO          835    i.EXTI0_IRQHandler  stm32f4xx_it.o
    0x080014c0   0x080014c0   0x00000006   Code   RO          836    i.EXTI1_IRQHandler  stm32f4xx_it.o
    0x080014c6   0x080014c6   0x00000002   PAD
    0x080014c8   0x080014c8   0x00000050   Code   RO         4010    i.FLASH_Erase_Sector  stm32f4xx_hal_flash_ex.o
    0x08001518   0x08001518   0x00000054   Code   RO         4011    i.FLASH_FlushCaches  stm32f4xx_hal_flash_ex.o
    0x0800156c   0x0800156c   0x00000028   Code   RO         4012    i.FLASH_MassErase   stm32f4xx_hal_flash_ex.o
    0x08001594   0x08001594   0x00000020   Code   RO         3892    i.FLASH_Program_Byte  stm32f4xx_hal_flash.o
    0x080015b4   0x080015b4   0x00000028   Code   RO         3893    i.FLASH_Program_DoubleWord  stm32f4xx_hal_flash.o
    0x080015dc   0x080015dc   0x00000024   Code   RO         3894    i.FLASH_Program_HalfWord  stm32f4xx_hal_flash.o
    0x08001600   0x08001600   0x00000024   Code   RO         3895    i.FLASH_Program_Word  stm32f4xx_hal_flash.o
    0x08001624   0x08001624   0x00000068   Code   RO         3896    i.FLASH_SetErrorCode  stm32f4xx_hal_flash.o
    0x0800168c   0x0800168c   0x00000050   Code   RO         3897    i.FLASH_WaitForLastOperation  stm32f4xx_hal_flash.o
    0x080016dc   0x080016dc   0x0000005c   Code   RO         5191    i.Flash_EraseSectors  flash.o
    0x08001738   0x08001738   0x00000012   Code   RO         5192    i.Flash_Read        flash.o
    0x0800174a   0x0800174a   0x00000002   PAD
    0x0800174c   0x0800174c   0x0000003c   Code   RO         5193    i.Flash_Write       flash.o
    0x08001788   0x08001788   0x00000050   Code   RO          721    i.GPS_USART6_UART_Init  usart.o
    0x080017d8   0x080017d8   0x0000014c   Code   RO         2270    i.HAL_ADC_ConfigChannel  stm32f4xx_hal_adc.o
    0x08001924   0x08001924   0x00000002   Code   RO         2271    i.HAL_ADC_ConvCpltCallback  stm32f4xx_hal_adc.o
    0x08001926   0x08001926   0x00000002   Code   RO         2272    i.HAL_ADC_ConvHalfCpltCallback  stm32f4xx_hal_adc.o
    0x08001928   0x08001928   0x00000002   Code   RO         2274    i.HAL_ADC_ErrorCallback  stm32f4xx_hal_adc.o
    0x0800192a   0x0800192a   0x00000054   Code   RO         2279    i.HAL_ADC_Init      stm32f4xx_hal_adc.o
    0x0800197e   0x0800197e   0x00000002   PAD
    0x08001980   0x08001980   0x00000044   Code   RO          485    i.HAL_ADC_MspInit   adc.o
    0x080019c4   0x080019c4   0x00000100   Code   RO         2286    i.HAL_ADC_Start_DMA  stm32f4xx_hal_adc.o
    0x08001ac4   0x08001ac4   0x00000024   Code   RO         4199    i.HAL_DMA_Abort_IT  stm32f4xx_hal_dma.o
    0x08001ae8   0x08001ae8   0x000001a0   Code   RO         4203    i.HAL_DMA_IRQHandler  stm32f4xx_hal_dma.o
    0x08001c88   0x08001c88   0x000000d4   Code   RO         4204    i.HAL_DMA_Init      stm32f4xx_hal_dma.o
    0x08001d5c   0x08001d5c   0x00000078   Code   RO         4208    i.HAL_DMA_Start_IT  stm32f4xx_hal_dma.o
    0x08001dd4   0x08001dd4   0x00000024   Code   RO         4617    i.HAL_Delay         stm32f4xx_hal.o
    0x08001df8   0x08001df8   0x00000098   Code   RO         4013    i.HAL_FLASHEx_Erase  stm32f4xx_hal_flash_ex.o
    0x08001e90   0x08001e90   0x00000014   Code   RO         3901    i.HAL_FLASH_Lock    stm32f4xx_hal_flash.o
    0x08001ea4   0x08001ea4   0x0000007c   Code   RO         3906    i.HAL_FLASH_Program  stm32f4xx_hal_flash.o
    0x08001f20   0x08001f20   0x0000002c   Code   RO         3908    i.HAL_FLASH_Unlock  stm32f4xx_hal_flash.o
    0x08001f4c   0x08001f4c   0x00000002   Code   RO         4089    i.HAL_GPIO_EXTI_Callback  stm32f4xx_hal_gpio.o
    0x08001f4e   0x08001f4e   0x00000002   PAD
    0x08001f50   0x08001f50   0x00000018   Code   RO         4090    i.HAL_GPIO_EXTI_IRQHandler  stm32f4xx_hal_gpio.o
    0x08001f68   0x08001f68   0x000001b0   Code   RO         4091    i.HAL_GPIO_Init     stm32f4xx_hal_gpio.o
    0x08002118   0x08002118   0x0000000a   Code   RO         4095    i.HAL_GPIO_WritePin  stm32f4xx_hal_gpio.o
    0x08002122   0x08002122   0x00000002   PAD
    0x08002124   0x08002124   0x0000000c   Code   RO         4623    i.HAL_GetTick       stm32f4xx_hal.o
    0x08002130   0x08002130   0x00000010   Code   RO         4627    i.HAL_IncTick       stm32f4xx_hal.o
    0x08002140   0x08002140   0x00000034   Code   RO         4628    i.HAL_Init          stm32f4xx_hal.o
    0x08002174   0x08002174   0x00000074   Code   RO         1077    i.HAL_InitTick      stm32f4xx_hal_timebase_tim.o
    0x080021e8   0x080021e8   0x00000084   Code   RO         1053    i.HAL_MspInit       stm32f4xx_hal_msp.o
    0x0800226c   0x0800226c   0x00000016   Code   RO         4480    i.HAL_NVIC_EnableIRQ  stm32f4xx_hal_cortex.o
    0x08002282   0x08002282   0x00000002   PAD
    0x08002284   0x08002284   0x00000040   Code   RO         4486    i.HAL_NVIC_SetPriority  stm32f4xx_hal_cortex.o
    0x080022c4   0x080022c4   0x00000024   Code   RO         4487    i.HAL_NVIC_SetPriorityGrouping  stm32f4xx_hal_cortex.o
    0x080022e8   0x080022e8   0x00000130   Code   RO         3737    i.HAL_RCC_ClockConfig  stm32f4xx_hal_rcc.o
    0x08002418   0x08002418   0x00000040   Code   RO         3741    i.HAL_RCC_GetClockConfig  stm32f4xx_hal_rcc.o
    0x08002458   0x08002458   0x0000000c   Code   RO         3742    i.HAL_RCC_GetHCLKFreq  stm32f4xx_hal_rcc.o
    0x08002464   0x08002464   0x00000020   Code   RO         3744    i.HAL_RCC_GetPCLK1Freq  stm32f4xx_hal_rcc.o
    0x08002484   0x08002484   0x00000020   Code   RO         3745    i.HAL_RCC_GetPCLK2Freq  stm32f4xx_hal_rcc.o
    0x080024a4   0x080024a4   0x00000060   Code   RO         3746    i.HAL_RCC_GetSysClockFreq  stm32f4xx_hal_rcc.o
    0x08002504   0x08002504   0x0000031c   Code   RO         3749    i.HAL_RCC_OscConfig  stm32f4xx_hal_rcc.o
    0x08002820   0x08002820   0x00000018   Code   RO         4489    i.HAL_SYSTICK_CLKSourceConfig  stm32f4xx_hal_cortex.o
    0x08002838   0x08002838   0x00000028   Code   RO         4491    i.HAL_SYSTICK_Config  stm32f4xx_hal_cortex.o
    0x08002860   0x08002860   0x00000002   Code   RO         3171    i.HAL_TIMEx_BreakCallback  stm32f4xx_hal_tim_ex.o
    0x08002862   0x08002862   0x00000002   Code   RO         3172    i.HAL_TIMEx_CommutationCallback  stm32f4xx_hal_tim_ex.o
    0x08002864   0x08002864   0x0000005a   Code   RO         3173    i.HAL_TIMEx_ConfigBreakDeadTime  stm32f4xx_hal_tim_ex.o
    0x080028be   0x080028be   0x00000050   Code   RO         3188    i.HAL_TIMEx_MasterConfigSynchronization  stm32f4xx_hal_tim_ex.o
    0x0800290e   0x0800290e   0x00000036   Code   RO         2542    i.HAL_TIM_Base_Init  stm32f4xx_hal_tim.o
    0x08002944   0x08002944   0x00000002   Code   RO         2544    i.HAL_TIM_Base_MspInit  stm32f4xx_hal_tim.o
    0x08002946   0x08002946   0x00000018   Code   RO         2547    i.HAL_TIM_Base_Start_IT  stm32f4xx_hal_tim.o
    0x0800295e   0x0800295e   0x00000002   Code   RO         2571    i.HAL_TIM_IC_CaptureCallback  stm32f4xx_hal_tim.o
    0x08002960   0x08002960   0x0000011e   Code   RO         2572    i.HAL_TIM_IC_ConfigChannel  stm32f4xx_hal_tim.o
    0x08002a7e   0x08002a7e   0x00000036   Code   RO         2575    i.HAL_TIM_IC_Init   stm32f4xx_hal_tim.o
    0x08002ab4   0x08002ab4   0x00000090   Code   RO          636    i.HAL_TIM_IC_MspInit  tim.o
    0x08002b44   0x08002b44   0x0000001a   Code   RO         2578    i.HAL_TIM_IC_Start  stm32f4xx_hal_tim.o
    0x08002b5e   0x08002b5e   0x00000166   Code   RO         2584    i.HAL_TIM_IRQHandler  stm32f4xx_hal_tim.o
    0x08002cc4   0x08002cc4   0x00000088   Code   RO          637    i.HAL_TIM_MspPostInit  tim.o
    0x08002d4c   0x08002d4c   0x00000002   Code   RO         2587    i.HAL_TIM_OC_DelayElapsedCallback  stm32f4xx_hal_tim.o
    0x08002d4e   0x08002d4e   0x000000d0   Code   RO         2608    i.HAL_TIM_PWM_ConfigChannel  stm32f4xx_hal_tim.o
    0x08002e1e   0x08002e1e   0x00000036   Code   RO         2611    i.HAL_TIM_PWM_Init  stm32f4xx_hal_tim.o
    0x08002e54   0x08002e54   0x0000005c   Code   RO          639    i.HAL_TIM_PWM_MspInit  tim.o
    0x08002eb0   0x08002eb0   0x00000002   Code   RO         2614    i.HAL_TIM_PWM_PulseFinishedCallback  stm32f4xx_hal_tim.o
    0x08002eb2   0x08002eb2   0x00000002   PAD
    0x08002eb4   0x08002eb4   0x00000038   Code   RO         2615    i.HAL_TIM_PWM_Start  stm32f4xx_hal_tim.o
    0x08002eec   0x08002eec   0x00000014   Code   RO          257    i.HAL_TIM_PeriodElapsedCallback  main.o
    0x08002f00   0x08002f00   0x00000002   Code   RO         2625    i.HAL_TIM_TriggerCallback  stm32f4xx_hal_tim.o
    0x08002f02   0x08002f02   0x00000002   PAD
    0x08002f04   0x08002f04   0x00000088   Code   RO         4942    i.HAL_UART_ErrorCallback  uart.o
    0x08002f8c   0x08002f8c   0x00000110   Code   RO         3434    i.HAL_UART_IRQHandler  stm32f4xx_hal_uart.o
    0x0800309c   0x0800309c   0x00000062   Code   RO         3435    i.HAL_UART_Init     stm32f4xx_hal_uart.o
    0x080030fe   0x080030fe   0x00000002   PAD
    0x08003100   0x08003100   0x000004e0   Code   RO          723    i.HAL_UART_MspInit  usart.o
    0x080035e0   0x080035e0   0x00000098   Code   RO         3439    i.HAL_UART_Receive_DMA  stm32f4xx_hal_uart.o
    0x08003678   0x08003678   0x0000009c   Code   RO         4943    i.HAL_UART_RxCpltCallback  uart.o
    0x08003714   0x08003714   0x00000002   Code   RO         3442    i.HAL_UART_RxHalfCpltCallback  stm32f4xx_hal_uart.o
    0x08003716   0x08003716   0x00000002   PAD
    0x08003718   0x08003718   0x00000080   Code   RO         3444    i.HAL_UART_Transmit_DMA  stm32f4xx_hal_uart.o
    0x08003798   0x08003798   0x00000078   Code   RO         4944    i.HAL_UART_TxCpltCallback  uart.o
    0x08003810   0x08003810   0x00000002   Code   RO         3447    i.HAL_UART_TxHalfCpltCallback  stm32f4xx_hal_uart.o
    0x08003812   0x08003812   0x00000002   Code   RO          837    i.HardFault_Handler  stm32f4xx_it.o
    0x08003814   0x08003814   0x00000050   Code   RO         4782    i.LED_OFF           led.o
    0x08003864   0x08003864   0x00000050   Code   RO         4783    i.LED_ON            led.o
    0x080038b4   0x080038b4   0x000000b0   Code   RO         4828    i.MOTOR_EN          motor.o
    0x08003964   0x08003964   0x00000024   Code   RO         4831    i.MOTOR_PWR_EN      motor.o
    0x08003988   0x08003988   0x00000074   Code   RO          486    i.MX_ADC1_Init      adc.o
    0x080039fc   0x080039fc   0x000000ec   Code   RO          526    i.MX_DMA_Init       dma.o
    0x08003ae8   0x08003ae8   0x00000054   Code   RO          553    i.MX_FREERTOS_Init  freertos.o
    0x08003b3c   0x08003b3c   0x0000018c   Code   RO          365    i.MX_GPIO_Init      gpio.o
    0x08003cc8   0x08003cc8   0x000000bc   Code   RO          640    i.MX_TIM1_Init      tim.o
    0x08003d84   0x08003d84   0x00000094   Code   RO          641    i.MX_TIM2_Init      tim.o
    0x08003e18   0x08003e18   0x000000bc   Code   RO          642    i.MX_TIM3_Init      tim.o
    0x08003ed4   0x08003ed4   0x000000bc   Code   RO          643    i.MX_TIM4_Init      tim.o
    0x08003f90   0x08003f90   0x000000cc   Code   RO          644    i.MX_TIM8_Init      tim.o
    0x0800405c   0x0800405c   0x00000050   Code   RO          725    i.MX_UART4_Init     usart.o
    0x080040ac   0x080040ac   0x00000050   Code   RO          726    i.MX_UART5_Init     usart.o
    0x080040fc   0x080040fc   0x00000054   Code   RO          727    i.MX_USART1_UART_Init  usart.o
    0x08004150   0x08004150   0x00000054   Code   RO          728    i.MX_USART2_UART_Init  usart.o
    0x080041a4   0x080041a4   0x00000054   Code   RO          729    i.MX_USART3_UART_Init  usart.o
    0x080041f8   0x080041f8   0x00000054   Code   RO          730    i.MX_USART6_UART_Init  usart.o
    0x0800424c   0x0800424c   0x00000002   Code   RO          838    i.MemManage_Handler  stm32f4xx_it.o
    0x0800424e   0x0800424e   0x00000002   Code   RO          839    i.NMI_Handler       stm32f4xx_it.o
    0x08004250   0x08004250   0x00000020   Code   RO         4493    i.NVIC_SetPriority  stm32f4xx_hal_cortex.o
    0x08004270   0x08004270   0x000000a8   Code   RO           14    i.POS_Distance      control.o
    0x08004318   0x08004318   0x000000ec   Code   RO           15    i.POS_Heading       control.o
    0x08004404   0x08004404   0x00000024   Code   RO         5194    i.Parameter_R_PID   flash.o
    0x08004428   0x08004428   0x00000024   Code   RO         5195    i.Parameter_S_PID   flash.o
    0x0800444c   0x0800444c   0x00000134   Code   RO         5034    i.Protocol_NAV_POSLLH  ublox.o
    0x08004580   0x08004580   0x0000007c   Code   RO         5035    i.Protocol_NAV_STATUS  ublox.o
    0x080045fc   0x080045fc   0x000001a4   Code   RO         5036    i.Protocol_NAV_VELNED  ublox.o
    0x080047a0   0x080047a0   0x000001c4   Code   RO         5416    i.Protocol_R_CMD    protocol.o
    0x08004964   0x08004964   0x00000020   Code   RO         5418    i.Protocol_R_Parameter  protocol.o
    0x08004984   0x08004984   0x000000ec   Code   RO         5419    i.Protocol_R_Prepare  protocol.o
    0x08004a70   0x08004a70   0x00000044   Code   RO         5420    i.Protocol_R_WayPoint  protocol.o
    0x08004ab4   0x08004ab4   0x00000020   Code   RO         5421    i.Protocol_Rev      protocol.o
    0x08004ad4   0x08004ad4   0x000000ec   Code   RO         5422    i.Protocol_T_Combin  protocol.o
    0x08004bc0   0x08004bc0   0x0000006c   Code   RO         5423    i.Protocol_T_Echo   protocol.o
    0x08004c2c   0x08004c2c   0x0000007c   Code   RO         5424    i.Protocol_T_Parameter  protocol.o
    0x08004ca8   0x08004ca8   0x0000007c   Code   RO         5425    i.Protocol_T_Status  protocol.o
    0x08004d24   0x08004d24   0x0000007c   Code   RO         5426    i.Protocol_T_WayPoint  protocol.o
    0x08004da0   0x08004da0   0x00000138   Code   RO          554    i.StartDefaultTask  freertos.o
    0x08004ed8   0x08004ed8   0x00000168   Code   RO          555    i.StartTask02       freertos.o
    0x08005040   0x08005040   0x0000004c   Code   RO          556    i.StartTask03       freertos.o
    0x0800508c   0x0800508c   0x00000004   Code   RO          840    i.SysTick_Handler   stm32f4xx_it.o
    0x08005090   0x08005090   0x000000bc   Code   RO          258    i.SystemClock_Config  main.o
    0x0800514c   0x0800514c   0x00000054   Code   RO         2228    i.SystemInit        system_stm32f4xx.o
    0x080051a0   0x080051a0   0x0000000c   Code   RO          841    i.TIM6_DAC_IRQHandler  stm32f4xx_it.o
    0x080051ac   0x080051ac   0x000000c0   Code   RO         2626    i.TIM_Base_SetConfig  stm32f4xx_hal_tim.o
    0x0800526c   0x0800526c   0x00000016   Code   RO         2627    i.TIM_CCxChannelCmd  stm32f4xx_hal_tim.o
    0x08005282   0x08005282   0x00000002   PAD
    0x08005284   0x08005284   0x00000058   Code   RO         2635    i.TIM_OC1_SetConfig  stm32f4xx_hal_tim.o
    0x080052dc   0x080052dc   0x00000064   Code   RO         2636    i.TIM_OC2_SetConfig  stm32f4xx_hal_tim.o
    0x08005340   0x08005340   0x00000060   Code   RO         2637    i.TIM_OC3_SetConfig  stm32f4xx_hal_tim.o
    0x080053a0   0x080053a0   0x00000050   Code   RO         2638    i.TIM_OC4_SetConfig  stm32f4xx_hal_tim.o
    0x080053f0   0x080053f0   0x00000084   Code   RO         2641    i.TIM_TI1_SetConfig  stm32f4xx_hal_tim.o
    0x08005474   0x08005474   0x00000036   Code   RO         2643    i.TIM_TI2_SetConfig  stm32f4xx_hal_tim.o
    0x080054aa   0x080054aa   0x00000002   PAD
    0x080054ac   0x080054ac   0x00000030   Code   RO         5269    i.To_180_degrees    mymath.o
    0x080054dc   0x080054dc   0x0000000c   Code   RO          842    i.UART4_IRQHandler  stm32f4xx_it.o
    0x080054e8   0x080054e8   0x0000000c   Code   RO          843    i.UART5_IRQHandler  stm32f4xx_it.o
    0x080054f4   0x080054f4   0x00000010   Code   RO         3448    i.UART_DMAAbortOnError  stm32f4xx_hal_uart.o
    0x08005504   0x08005504   0x0000004a   Code   RO         3449    i.UART_DMAError     stm32f4xx_hal_uart.o
    0x0800554e   0x0800554e   0x0000003c   Code   RO         3450    i.UART_DMAReceiveCplt  stm32f4xx_hal_uart.o
    0x0800558a   0x0800558a   0x0000000a   Code   RO         3452    i.UART_DMARxHalfCplt  stm32f4xx_hal_uart.o
    0x08005594   0x08005594   0x0000002e   Code   RO         3454    i.UART_DMATransmitCplt  stm32f4xx_hal_uart.o
    0x080055c2   0x080055c2   0x0000000a   Code   RO         3456    i.UART_DMATxHalfCplt  stm32f4xx_hal_uart.o
    0x080055cc   0x080055cc   0x0000001c   Code   RO         3458    i.UART_EndRxTransfer  stm32f4xx_hal_uart.o
    0x080055e8   0x080055e8   0x00000012   Code   RO         3459    i.UART_EndTxTransfer  stm32f4xx_hal_uart.o
    0x080055fa   0x080055fa   0x0000008c   Code   RO         3460    i.UART_Receive_IT   stm32f4xx_hal_uart.o
    0x08005686   0x08005686   0x00000002   PAD
    0x08005688   0x08005688   0x000002ac   Code   RO         3461    i.UART_SetConfig    stm32f4xx_hal_uart.o
    0x08005934   0x08005934   0x00000062   Code   RO         3462    i.UART_Transmit_IT  stm32f4xx_hal_uart.o
    0x08005996   0x08005996   0x00000002   PAD
    0x08005998   0x08005998   0x0000000c   Code   RO          844    i.USART1_IRQHandler  stm32f4xx_it.o
    0x080059a4   0x080059a4   0x0000000c   Code   RO          845    i.USART2_IRQHandler  stm32f4xx_it.o
    0x080059b0   0x080059b0   0x0000000c   Code   RO          846    i.USART3_IRQHandler  stm32f4xx_it.o
    0x080059bc   0x080059bc   0x0000000c   Code   RO          847    i.USART6_IRQHandler  stm32f4xx_it.o
    0x080059c8   0x080059c8   0x00000002   Code   RO          848    i.UsageFault_Handler  stm32f4xx_it.o
    0x080059ca   0x080059ca   0x00000014   Code   RO          259    i._Error_Handler    main.o
    0x080059de   0x080059de   0x00000030   Code   RO         5690    i.__ARM_fpclassify  m_wm.l(fpclassify.o)
    0x08005a0e   0x08005a0e   0x00000002   PAD
    0x08005a10   0x08005a10   0x000002d8   Code   RO         5611    i.__hardfp_atan     m_wm.l(atan.o)
    0x08005ce8   0x08005ce8   0x000001f0   Code   RO         5532    i.__hardfp_atan2    m_wm.l(atan2.o)
    0x08005ed8   0x08005ed8   0x000000c8   Code   RO         5544    i.__hardfp_cos      m_wm.l(cos.o)
    0x08005fa0   0x08005fa0   0x000000c8   Code   RO         5562    i.__hardfp_sin      m_wm.l(sin.o)
    0x08006068   0x08006068   0x0000007a   Code   RO         5574    i.__hardfp_sqrt     m_wm.l(sqrt.o)
    0x080060e2   0x080060e2   0x00000006   PAD
    0x080060e8   0x080060e8   0x00000438   Code   RO         5643    i.__ieee754_rem_pio2  m_wm.l(rred.o)
    0x08006520   0x08006520   0x00000170   Code   RO         5625    i.__kernel_cos      m_wm.l(cos_i.o)
    0x08006690   0x08006690   0x000000f8   Code   RO         5692    i.__kernel_poly     m_wm.l(poly.o)
    0x08006788   0x08006788   0x00000130   Code   RO         5648    i.__kernel_sin      m_wm.l(sin_i.o)
    0x080068b8   0x080068b8   0x00000014   Code   RO         5629    i.__mathlib_dbl_infnan  m_wm.l(dunder.o)
    0x080068cc   0x080068cc   0x00000014   Code   RO         5630    i.__mathlib_dbl_infnan2  m_wm.l(dunder.o)
    0x080068e0   0x080068e0   0x00000020   Code   RO         5631    i.__mathlib_dbl_invalid  m_wm.l(dunder.o)
    0x08006900   0x08006900   0x00000020   Code   RO         5634    i.__mathlib_dbl_underflow  m_wm.l(dunder.o)
    0x08006920   0x08006920   0x0000000e   Code   RO         5702    i.__scatterload_copy  mc_w.l(handlers.o)
    0x0800692e   0x0800692e   0x00000002   Code   RO         5703    i.__scatterload_null  mc_w.l(handlers.o)
    0x08006930   0x08006930   0x0000000e   Code   RO         5704    i.__scatterload_zeroinit  mc_w.l(handlers.o)
    0x0800693e   0x0800693e   0x00000002   PAD
    0x08006940   0x08006940   0x0000000c   Code   RO         5676    i.__set_errno       mc_w.l(errno.o)
    0x0800694c   0x0800694c   0x00000010   Code   RO         5613    i.atan              m_wm.l(atan.o)
    0x0800695c   0x0800695c   0x00000018   Code   RO         5558    i.fabs              m_wm.l(fabs.o)
    0x08006974   0x08006974   0x0000004c   Code   RO         5427    i.getchar_uart5     protocol.o
    0x080069c0   0x080069c0   0x0000004a   Code   RO          260    i.main              main.o
    0x08006a0a   0x08006a0a   0x0000000c   Code   RO         1851    i.makeFreeRtosPriority  cmsis_os.o
    0x08006a16   0x08006a16   0x0000000e   Code   RO         1853    i.osDelay           cmsis_os.o
    0x08006a24   0x08006a24   0x0000000a   Code   RO         1856    i.osKernelStart     cmsis_os.o
    0x08006a2e   0x08006a2e   0x00000014   Code   RO         1889    i.osSystickHandler  cmsis_os.o
    0x08006a42   0x08006a42   0x0000002e   Code   RO         1890    i.osThreadCreate    cmsis_os.o
    0x08006a70   0x08006a70   0x00000018   Code   RO         1900    i.osThreadYield     cmsis_os.o
    0x08006a88   0x08006a88   0x00000070   Code   RO         1541    i.prvAddCurrentTaskToDelayedList  tasks.o
    0x08006af8   0x08006af8   0x000000d0   Code   RO         1542    i.prvAddNewTaskToReadyList  tasks.o
    0x08006bc8   0x08006bc8   0x00000050   Code   RO         1543    i.prvCheckTasksWaitingTermination  tasks.o
    0x08006c18   0x08006c18   0x00000014   Code   RO         1544    i.prvDeleteTCB      tasks.o
    0x08006c2c   0x08006c2c   0x0000004c   Code   RO         1121    i.prvHeapInit       heap_4.o
    0x08006c78   0x08006c78   0x00000028   Code   RO         1545    i.prvIdleTask       tasks.o
    0x08006ca0   0x08006ca0   0x0000008e   Code   RO         1546    i.prvInitialiseNewTask  tasks.o
    0x08006d2e   0x08006d2e   0x00000002   PAD
    0x08006d30   0x08006d30   0x0000004c   Code   RO         1122    i.prvInsertBlockIntoFreeList  heap_4.o
    0x08006d7c   0x08006d7c   0x00000020   Code   RO         1547    i.prvResetNextTaskUnblockTime  tasks.o
    0x08006d9c   0x08006d9c   0x00000028   Code   RO         1196    i.prvTaskExitError  port.o
    0x08006dc4   0x08006dc4   0x000000d8   Code   RO         1123    i.pvPortMalloc      heap_4.o
    0x08006e9c   0x08006e9c   0x0000002c   Code   RO         1197    i.pxPortInitialiseStack  port.o
    0x08006ec8   0x08006ec8   0x00000050   Code   RO         5037    i.ubloxInitGps      ublox.o
    0x08006f18   0x08006f18   0x000000cc   Code   RO         5038    i.ubloxSet_PRT      ublox.o
    0x08006fe4   0x08006fe4   0x00000078   Code   RO         5039    i.ubloxSet_Rate     ublox.o
    0x0800705c   0x0800705c   0x000000e4   Code   RO         5040    i.ublox_Protocol_Prepare  ublox.o
    0x08007140   0x08007140   0x00000028   Code   RO         4947    i.ublox_Protocol_Send  uart.o
    0x08007168   0x08007168   0x00000078   Code   RO         5041    i.ubloxmsg_Enable   ublox.o
    0x080071e0   0x080071e0   0x00000024   Code   RO         1364    i.uxListRemove      list.o
    0x08007204   0x08007204   0x00000016   Code   RO         1365    i.vListInitialise   list.o
    0x0800721a   0x0800721a   0x00000006   Code   RO         1366    i.vListInitialiseItem  list.o
    0x08007220   0x08007220   0x00000030   Code   RO         1367    i.vListInsert       list.o
    0x08007250   0x08007250   0x00000018   Code   RO         1368    i.vListInsertEnd    list.o
    0x08007268   0x08007268   0x00000040   Code   RO         1199    i.vPortEnterCritical  port.o
    0x080072a8   0x080072a8   0x00000028   Code   RO         1200    i.vPortExitCritical  port.o
    0x080072d0   0x080072d0   0x0000005c   Code   RO         1124    i.vPortFree         heap_4.o
    0x0800732c   0x0800732c   0x00000020   Code   RO         1201    i.vPortSetupTimerInterrupt  port.o
    0x0800734c   0x0800734c   0x0000004c   Code   RO         1555    i.vTaskDelay        tasks.o
    0x08007398   0x08007398   0x00000068   Code   RO         1567    i.vTaskStartScheduler  tasks.o
    0x08007400   0x08007400   0x00000010   Code   RO         1569    i.vTaskSuspendAll   tasks.o
    0x08007410   0x08007410   0x0000005c   Code   RO         1570    i.vTaskSwitchContext  tasks.o
    0x0800746c   0x0800746c   0x000000e0   Code   RO         1203    i.xPortStartScheduler  port.o
    0x0800754c   0x0800754c   0x0000002c   Code   RO         1204    i.xPortSysTickHandler  port.o
    0x08007578   0x08007578   0x00000056   Code   RO         1572    i.xTaskCreate       tasks.o
    0x080075ce   0x080075ce   0x00000002   PAD
    0x080075d0   0x080075d0   0x0000001c   Code   RO         1576    i.xTaskGetSchedulerState  tasks.o
    0x080075ec   0x080075ec   0x000000c8   Code   RO         1579    i.xTaskIncrementTick  tasks.o
    0x080076b4   0x080076b4   0x000000c4   Code   RO         1585    i.xTaskResumeAll    tasks.o
    0x08007778   0x08007778   0x0000003c   Data   RO          557    .constdata          freertos.o
    0x080077b4   0x080077b4   0x00000010   Data   RO         2229    .constdata          system_stm32f4xx.o
    0x080077c4   0x080077c4   0x00000008   Data   RO         2230    .constdata          system_stm32f4xx.o
    0x080077cc   0x080077cc   0x00000008   Data   RO         4210    .constdata          stm32f4xx_hal_dma.o
    0x080077d4   0x080077d4   0x00000004   PAD
    0x080077d8   0x080077d8   0x00000098   Data   RO         5614    .constdata          m_wm.l(atan.o)
    0x08007870   0x08007870   0x00000030   Data   RO         5626    .constdata          m_wm.l(cos_i.o)
    0x080078a0   0x080078a0   0x00000008   Data   RO         5642    .constdata          m_wm.l(qnan.o)
    0x080078a8   0x080078a8   0x000000c8   Data   RO         5645    .constdata          m_wm.l(rred.o)
    0x08007970   0x08007970   0x00000028   Data   RO         5649    .constdata          m_wm.l(sin_i.o)
    0x08007998   0x08007998   0x00000029   Data   RO          558    .conststring        freertos.o
    0x080079c1   0x080079c1   0x00000003   PAD
    0x080079c4   0x080079c4   0x00000020   Data   RO         5700    Region$$Table       anon$$obj.o


    Execution Region RW_IRAM1 (Exec base: 0x20000000, Load base: 0x080079e4, Size: 0x00015ee0, Max: 0x00020000, ABSOLUTE)

    Exec Addr    Load Addr    Size         Type   Attr      Idx    E Section Name        Object

    0x20000000   0x080079e4   0x00000018   Data   RW           43    .data               control.o
    0x20000018   0x080079fc   0x0000000c   Data   RW          559    .data               freertos.o
    0x20000024   0x08007a08   0x00000018   Data   RW         1129    .data               heap_4.o
    0x2000003c   0x08007a20   0x0000000c   Data   RW         1205    .data               port.o
    0x20000048   0x08007a2c   0x0000003c   Data   RW         1588    .data               tasks.o
    0x20000084   0x08007a68   0x00000004   Data   RW         2231    .data               system_stm32f4xx.o
    0x20000088   0x08007a6c   0x0000000c   Data   RW         4635    .data               stm32f4xx_hal.o
    0x20000094   0x08007a78   0x0000000c   Data   RW         5043    .data               ublox.o
    0x200000a0   0x08007a84   0x00000012   Data   RW         5429    .data               protocol.o
    0x200000b2   0x08007a96   0x00000002   PAD
    0x200000b4   0x08007a98   0x00000004   Data   RW         5677    .data               mc_w.l(errno.o)
    0x200000b8        -       0x000062a0   Zero   RW           17    .bss                control.o
    0x20006358        -       0x00000048   Zero   RW          487    .bss                adc.o
    0x200063a0        -       0x0000012c   Zero   RW          645    .bss                tim.o
    0x200064cc        -       0x00000600   Zero   RW          732    .bss                usart.o
    0x20006acc        -       0x0000003c   Zero   RW         1080    .bss                stm32f4xx_hal_timebase_tim.o
    0x20006b08        -       0x00003c00   Zero   RW         1128    .bss                heap_4.o
    0x2000a708        -       0x000000f0   Zero   RW         1587    .bss                tasks.o
    0x2000a7f8        -       0x00000020   Zero   RW         3909    .bss                stm32f4xx_hal_flash.o
    0x2000a818        -       0x00000100   Zero   RW         4954    .bss                uart.o
    0x2000a918        -       0x0000015c   Zero   RW         5042    .bss                ublox.o
    0x2000aa74   0x08007a9c   0x00000004   PAD
    0x2000aa78        -       0x00007468   Zero   RW         5428    .bss                protocol.o
    0x20011ee0        -       0x00004000   Zero   RW         1114    STACK               startup_stm32f407xx.o


==============================================================================

Image component sizes


      Code (inc. data)   RO Data    RW Data    ZI Data      Debug   Object Name

       184         46          0          0         72       1641   adc.o
       126          4          0          0          0      13884   cmsis_os.o
      2430        198          0         24      25248     691265   control.o
       236          4          0          0          0        898   dma.o
       242         56          0          0          0       4008   flash.o
       832        114        101         12          0       3639   freertos.o
       396         30          0          0          0     692311   gpio.o
       460         24          0         24      15360       8807   heap_4.o
       160         16          0          0          0       1179   led.o
       136          0          0          0          0       3542   list.o
       302         36          0          0          0      20577   main.o
       212         30          0          0          0       1262   motor.o
        48         12          0          0          0        605   mymath.o
       674         74          0         12          0      11036   port.o
      1700        112          0         18      29800      12777   protocol.o
        36          8        392          0      16384        804   startup_stm32f407xx.o
       116         18          0         12          0       3886   stm32f4xx_hal.o
      1100         56          0          0          0       7349   stm32f4xx_hal_adc.o
       218         14          0          0          0      31037   stm32f4xx_hal_cortex.o
       948         16          8          0          0       6466   stm32f4xx_hal_dma.o
       516         66          0          0         32       6590   stm32f4xx_hal_flash.o
       356         24          0          0          0       3942   stm32f4xx_hal_flash_ex.o
       468         50          0          0          0       3600   stm32f4xx_hal_gpio.o
       132          6          0          0          0        930   stm32f4xx_hal_msp.o
      1336         92          0          0          0       6281   stm32f4xx_hal_rcc.o
      1894        116          0          0          0      16997   stm32f4xx_hal_tim.o
       174          0          0          0          0       3238   stm32f4xx_hal_tim_ex.o
       116         16          0          0         60       1472   stm32f4xx_hal_timebase_tim.o
      1838         42          0          0          0      12233   stm32f4xx_hal_uart.o
       256        114          0          0          0      27409   stm32f4xx_it.o
        84         18         24          4          0       1179   system_stm32f4xx.o
      1432        122          0         60        240      23891   tasks.o
      1288        206          0          0        300       5928   tim.o
       452        102          0          0        256       4527   uart.o
      1646         80          0         12        348       8654   ublox.o
      1824        302          0          0       1536       6674   usart.o

    ----------------------------------------------------------------------
     24406       2224        564        180      89640    1650518   Object Totals
         0          0         32          0          0          0   (incl. Generated)
        38          0          7          2          4          0   (incl. Padding)

    ----------------------------------------------------------------------

      Code (inc. data)   RO Data    RW Data    ZI Data      Debug   Library Member Name

       744        106        152          0          0        352   atan.o
       496         64          0          0          0        192   atan2.o
       200         20          0          0          0        164   cos.o
       368         46         48          0          0        200   cos_i.o
       104         16          0          0          0        496   dunder.o
        24          0          0          0          0        124   fabs.o
        48          0          0          0          0        124   fpclassify.o
       248          0          0          0          0        152   poly.o
         0          0          8          0          0          0   qnan.o
      1080        142        200          0          0        188   rred.o
       200         20          0          0          0        164   sin.o
       304         24         40          0          0        208   sin_i.o
       122          0          0          0          0        148   sqrt.o
         0          0          0          0          0          0   entry.o
         0          0          0          0          0          0   entry10a.o
         0          0          0          0          0          0   entry11a.o
         8          4          0          0          0          0   entry2.o
         4          0          0          0          0          0   entry5.o
         0          0          0          0          0          0   entry7b.o
         0          0          0          0          0          0   entry8b.o
         8          4          0          0          0          0   entry9a.o
        12          6          0          4          0         68   errno.o
        30          0          0          0          0          0   handlers.o
        36          8          0          0          0         68   init.o
         0          0          0          0          0          0   iusefp.o
        30          0          0          0          0         68   llshl.o
        36          0          0          0          0         68   llsshr.o
        32          0          0          0          0         68   llushr.o
        36          0          0          0          0         68   memcpya.o
        98          0          0          0          0         92   uldiv.o
        48          0          0          0          0         68   cdcmple.o
        56          0          0          0          0         88   d2f.o
       334          0          0          0          0        148   dadd.o
       222          0          0          0          0        100   ddiv.o
       186          0          0          0          0        176   depilogue.o
        62          0          0          0          0         80   dfixi.o
        34          0          0          0          0         76   dflti.o
        26          0          0          0          0         76   dfltui.o
       228          0          0          0          0         96   dmul.o
       162          0          0          0          0        100   dsqrt.o
        38          0          0          0          0         68   f2d.o
       110          0          0          0          0        168   fepilogue.o

    ----------------------------------------------------------------------
      5786        460        448          4          0       4256   Library Totals
        12          0          0          0          0          0   (incl. Padding)

    ----------------------------------------------------------------------

      Code (inc. data)   RO Data    RW Data    ZI Data      Debug   Library Name

      3938        438        448          0          0       2512   m_wm.l
       330         22          0          4          0        500   mc_w.l
      1506          0          0          0          0       1244   mf_w.l

    ----------------------------------------------------------------------
      5786        460        448          4          0       4256   Library Totals

    ----------------------------------------------------------------------

==============================================================================


      Code (inc. data)   RO Data    RW Data    ZI Data      Debug   

     30192       2684       1012        184      89640    1629846   Grand Totals
     30192       2684       1012        184      89640    1629846   ELF Image Totals
     30192       2684       1012        184          0          0   ROM Totals

==============================================================================

    Total RO  Size (Code + RO Data)                31204 (  30.47kB)
    Total RW  Size (RW Data + ZI Data)             89824 (  87.72kB)
    Total ROM Size (Code + RO Data + RW Data)      31388 (  30.65kB)

==============================================================================

