<html>
<body>
<pre>
<h1>µVision Build Log</h1>
<h2>Tool Versions:</h2>
IDE-Version: ¦ÌVision V5.25.2.0
Copyright (C) 2018 ARM Ltd and ARM Germany GmbH. All rights reserved.
License Information: H M, H, LIC=14HVE-5IP5H-BSRYX-HKRBX-E5BIA-M6TDA
 
Tool Versions:
Toolchain:       MDK-ARM Plus  Version: 5.25.2.0
Toolchain Path:  C:\Keil_v5\ARM\ARMCC\Bin
C Compiler:      Armcc.exe V5.06 update 6 (build 750)
Assembler:       Armasm.exe V5.06 update 6 (build 750)
Linker/Locator:  ArmLink.exe V5.06 update 6 (build 750)
Library Manager: ArmAr.exe V5.06 update 6 (build 750)
Hex Converter:   FromElf.exe V5.06 update 6 (build 750)
CPU DLL:         SARMCM3.DLL V5.25.2.0
Dialog DLL:      DCM.DLL V1.17.1.0
Target DLL:      Segger\JL2CM3.dll V2.99.29.0
Dialog DLL:      TCM.DLL V1.35.1.0
 
<h2>Project:</h2>
F:\myDesigned\GrassCuttor\MDK-ARM\GrassCuttor.uvprojx
Project File Date:  09/02/2018

<h2>Output:</h2>
*** Using Compiler 'V5.06 update 6 (build 750)', folder: 'C:\Keil_v5\ARM\ARMCC\Bin'
Build target 'GrassCuttor'
compiling ublox.c...
..\Drivers\BSP\Src\ublox.c(403): warning:  #177-D: variable "speed"  was declared but never referenced
  	uint32_t speed,gSpeed,sAcc,cAcc;
..\Drivers\BSP\Src\ublox.c(403): warning:  #550-D: variable "gSpeed"  was set but never used
  	uint32_t speed,gSpeed,sAcc,cAcc;
..\Drivers\BSP\Src\ublox.c(403): warning:  #550-D: variable "sAcc"  was set but never used
  	uint32_t speed,gSpeed,sAcc,cAcc;
..\Drivers\BSP\Src\ublox.c(403): warning:  #550-D: variable "cAcc"  was set but never used
  	uint32_t speed,gSpeed,sAcc,cAcc;
..\Drivers\BSP\Src\ublox.c(474): warning:  #550-D: variable "iTOW"  was set but never used
  	uint32_t iTOW,ttff,msss;
..\Drivers\BSP\Src\ublox.c(474): warning:  #550-D: variable "ttff"  was set but never used
  	uint32_t iTOW,ttff,msss;
..\Drivers\BSP\Src\ublox.c(474): warning:  #550-D: variable "msss"  was set but never used
  	uint32_t iTOW,ttff,msss;
..\Drivers\BSP\Src\ublox.c(475): warning:  #177-D: variable "gpsFix"  was declared but never referenced
  	uint8_t gpsFix,flags,fixStat,flags2;
..\Drivers\BSP\Src\ublox.c(475): warning:  #550-D: variable "flags"  was set but never used
  	uint8_t gpsFix,flags,fixStat,flags2;
..\Drivers\BSP\Src\ublox.c(475): warning:  #550-D: variable "fixStat"  was set but never used
  	uint8_t gpsFix,flags,fixStat,flags2;
..\Drivers\BSP\Src\ublox.c(475): warning:  #550-D: variable "flags2"  was set but never used
  	uint8_t gpsFix,flags,fixStat,flags2;
..\Drivers\BSP\Src\ublox.c(520): warning:  #550-D: variable "iTOW"  was set but never used
  	uint32_t iTOW,hAcc,vAcc;
..\Drivers\BSP\Src\ublox.c(520): warning:  #550-D: variable "hAcc"  was set but never used
  	uint32_t iTOW,hAcc,vAcc;
..\Drivers\BSP\Src\ublox.c(520): warning:  #550-D: variable "vAcc"  was set but never used
  	uint32_t iTOW,hAcc,vAcc;
..\Drivers\BSP\Src\ublox.c: 14 warnings, 0 errors
linking...
Program Size: Code=35520 RO-data=1012 RW-data=864 ZI-data=124472  
FromELF: creating hex file...
"GrassCuttor\GrassCuttor.axf" - 0 Error(s), 14 Warning(s).

<h2>Software Packages used:</h2>

Package Vendor: ARM
                http://www.keil.com/pack/ARM.CMSIS.5.4.0.pack
                ARM.CMSIS.5.4.0
                CMSIS (Cortex Microcontroller Software Interface Standard)
   * Component: CORE Version: 5.1.2

Package Vendor: Keil
                http://www.keil.com/pack/Keil.STM32F4xx_DFP.2.13.0.pack
                Keil.STM32F4xx_DFP.2.13.0
                STMicroelectronics STM32F4 Series Device Support, Drivers and Examples

<h2>Collection of Component include folders:</h2>
  .\RTE\_GrassCuttor
  C:\Keil_v5\ARM\PACK\ARM\CMSIS\5.4.0\CMSIS\Core\Include
  C:\Keil_v5\ARM\PACK\Keil\STM32F4xx_DFP\2.13.0\Drivers\CMSIS\Device\ST\STM32F4xx\Include

<h2>Collection of Component Files used:</h2>

   * Component: ARM::CMSIS:CORE:5.1.2
Build Time Elapsed:  00:00:08
</pre>
</body>
</html>
