<html>
<body>
<pre>
<h1>µVision Build Log</h1>
<h2>Tool Versions:</h2>
IDE-Version: ¦ÌVision V5.16a
Copyright (C) 2015 ARM Ltd and ARM Germany GmbH. All rights reserved.
License Information: ZH Administrator, ZH, LIC=MPPJJ-UJRRP-8S4YU-SR5H8-JUCXH-FX488
 
Tool Versions:
Toolchain:       MDK-ARM Standard  Version: 5.16a
Toolchain Path:  D:\Program Files (x86)\Keil_v5\ARM\ARMCC\Bin
C Compiler:      Armcc.exe V5.06 (build 20)
Assembler:       Armasm.exe V5.06 (build 20)
Linker/Locator:  ArmLink.exe V5.06 (build 20)
Library Manager: ArmAr.exe V5.06 (build 20)
Hex Converter:   FromElf.exe V5.06 (build 20)
CPU DLL:         SARMCM3.DLL V5.16a
Dialog DLL:      DCM.DLL V1.13.2.0
Target DLL:      Segger\JL2CM3.dll V2.99.15.2
Dialog DLL:      TCM.DLL V1.14.5.0
 
<h2>Project:</h2>
D:\GrassCuttor\MDK-ARM\GrassCuttor.uvprojx
Project File Date:  07/25/2018

<h2>Output:</h2>
*** Using Compiler 'V5.06 (build 20)', folder: 'D:\Program Files (x86)\Keil_v5\ARM\ARMCC\Bin'
Build target 'GrassCuttor'
compiling gpio.c...
compiling control.c...
..\Application\Src\control.c(362): warning:  #177-D: variable "Kp" was declared but never referenced
  	   float Kp = 0;
..\Application\Src\control.c: 1 warning, 0 errors
compiling main.c...
compiling dma.c...
compiling tim.c...
compiling freertos.c...
compiling usart.c...
compiling stm32f4xx_hal_msp.c...
assembling startup_stm32f407xx.s...
compiling stm32f4xx_it.c...
compiling heap_4.c...
compiling croutine.c...
compiling port.c...
compiling event_groups.c...
compiling list.c...
compiling queue.c...
compiling tasks.c...
compiling timers.c...
compiling cmsis_os.c...
compiling stm32f4xx_hal_timebase_TIM.c...
compiling usbd_core.c...
compiling usbd_ctlreq.c...
compiling usbd_ioreq.c...
compiling usbd_customhid.c...
compiling system_stm32f4xx.c...
compiling stm32f4xx_hal_pcd.c...
compiling stm32f4xx_hal_pcd_ex.c...
compiling stm32f4xx_ll_usb.c...
compiling stm32f4xx_hal_tim.c...
compiling stm32f4xx_hal_tim_ex.c...
compiling stm32f4xx_hal_uart.c...
compiling stm32f4xx_hal_rcc.c...
compiling stm32f4xx_hal_rcc_ex.c...
compiling stm32f4xx_hal_flash.c...
compiling stm32f4xx_hal_flash_ex.c...
compiling stm32f4xx_hal_flash_ramfunc.c...
compiling stm32f4xx_hal_gpio.c...
compiling stm32f4xx_hal_dma_ex.c...
compiling stm32f4xx_hal_dma.c...
compiling stm32f4xx_hal_pwr.c...
compiling stm32f4xx_hal_pwr_ex.c...
compiling stm32f4xx_hal_cortex.c...
compiling stm32f4xx_hal.c...
compiling LED.c...
compiling MOTOR.c...
compiling Senser.c...
compiling usb_device.c...
compiling usbd_conf.c...
compiling usbd_desc.c...
compiling usbd_custom_hid_if.c...
compiling mymath.c...
linking...
Program Size: Code=34768 RO-data=976 RW-data=360 ZI-data=54712  
FromELF: creating hex file...
"GrassCuttor\GrassCuttor.axf" - 0 Error(s), 1 Warning(s).

<h2>Software Packages used:</h2>

Package Vendor: ARM
                http://www.keil.com/pack/ARM.CMSIS.4.3.0.pack
                ARM::CMSIS:CORE:4.1.0
                CMSIS (Cortex Microcontroller Software Interface Standard)
   * Component: CORE Version: 4.1.0

<h2>Collection of Component include folders:</h2>
  D:\GrassCuttor\MDK-ARM\RTE
  D:\Program Files (x86)\Keil_v5\ARM\PACK\ARM\CMSIS\4.3.0\CMSIS\Include
  D:\Program Files (x86)\Keil_v5\ARM\PACK\Keil\STM32F4xx_DFP\2.7.0\Drivers\CMSIS\Device\ST\STM32F4xx\Include

<h2>Collection of Component Files used:</h2>

   * Component: ARM::CMSIS:CORE:4.1.0
Build Time Elapsed:  00:02:33
</pre>
</body>
</html>
