Component: ARM Compiler 5.06 update 6 (build 750) Tool: armlink [4d35ed]

==============================================================================

Section Cross References

    startup_stm32f407xx.o(RESET) refers to startup_stm32f407xx.o(STACK) for __initial_sp
    startup_stm32f407xx.o(RESET) refers to startup_stm32f407xx.o(.text) for Reset_Handler
    startup_stm32f407xx.o(RESET) refers to stm32f4xx_it_1.o(i.NMI_Handler) for NMI_Handler
    startup_stm32f407xx.o(RESET) refers to stm32f4xx_it_1.o(i.HardFault_Handler) for HardFault_Handler
    startup_stm32f407xx.o(RESET) refers to stm32f4xx_it_1.o(i.MemManage_Handler) for MemManage_Handler
    startup_stm32f407xx.o(RESET) refers to stm32f4xx_it_1.o(i.BusFault_Handler) for BusFault_Handler
    startup_stm32f407xx.o(RESET) refers to stm32f4xx_it_1.o(i.UsageFault_Handler) for UsageFault_Handler
    startup_stm32f407xx.o(RESET) refers to port.o(.emb_text) for SVC_Handler
    startup_stm32f407xx.o(RESET) refers to stm32f4xx_it_1.o(i.DebugMon_Handler) for DebugMon_Handler
    startup_stm32f407xx.o(RESET) refers to stm32f4xx_it_1.o(i.SysTick_Handler) for SysTick_Handler
    startup_stm32f407xx.o(RESET) refers to stm32f4xx_it_1.o(i.EXTI0_IRQHandler) for EXTI0_IRQHandler
    startup_stm32f407xx.o(RESET) refers to stm32f4xx_it_1.o(i.EXTI1_IRQHandler) for EXTI1_IRQHandler
    startup_stm32f407xx.o(RESET) refers to stm32f4xx_it_1.o(i.DMA1_Stream0_IRQHandler) for DMA1_Stream0_IRQHandler
    startup_stm32f407xx.o(RESET) refers to stm32f4xx_it_1.o(i.DMA1_Stream1_IRQHandler) for DMA1_Stream1_IRQHandler
    startup_stm32f407xx.o(RESET) refers to stm32f4xx_it_1.o(i.DMA1_Stream2_IRQHandler) for DMA1_Stream2_IRQHandler
    startup_stm32f407xx.o(RESET) refers to stm32f4xx_it_1.o(i.DMA1_Stream3_IRQHandler) for DMA1_Stream3_IRQHandler
    startup_stm32f407xx.o(RESET) refers to stm32f4xx_it_1.o(i.DMA1_Stream4_IRQHandler) for DMA1_Stream4_IRQHandler
    startup_stm32f407xx.o(RESET) refers to stm32f4xx_it_1.o(i.DMA1_Stream5_IRQHandler) for DMA1_Stream5_IRQHandler
    startup_stm32f407xx.o(RESET) refers to stm32f4xx_it_1.o(i.DMA1_Stream6_IRQHandler) for DMA1_Stream6_IRQHandler
    startup_stm32f407xx.o(RESET) refers to stm32f4xx_it_1.o(i.USART1_IRQHandler) for USART1_IRQHandler
    startup_stm32f407xx.o(RESET) refers to stm32f4xx_it_1.o(i.USART2_IRQHandler) for USART2_IRQHandler
    startup_stm32f407xx.o(RESET) refers to stm32f4xx_it_1.o(i.USART3_IRQHandler) for USART3_IRQHandler
    startup_stm32f407xx.o(RESET) refers to stm32f4xx_it_1.o(i.DMA1_Stream7_IRQHandler) for DMA1_Stream7_IRQHandler
    startup_stm32f407xx.o(RESET) refers to stm32f4xx_it_1.o(i.UART4_IRQHandler) for UART4_IRQHandler
    startup_stm32f407xx.o(RESET) refers to stm32f4xx_it_1.o(i.UART5_IRQHandler) for UART5_IRQHandler
    startup_stm32f407xx.o(RESET) refers to stm32f4xx_it_1.o(i.TIM6_DAC_IRQHandler) for TIM6_DAC_IRQHandler
    startup_stm32f407xx.o(RESET) refers to stm32f4xx_it_1.o(i.DMA2_Stream0_IRQHandler) for DMA2_Stream0_IRQHandler
    startup_stm32f407xx.o(RESET) refers to stm32f4xx_it_1.o(i.DMA2_Stream1_IRQHandler) for DMA2_Stream1_IRQHandler
    startup_stm32f407xx.o(RESET) refers to stm32f4xx_it_1.o(i.DMA2_Stream2_IRQHandler) for DMA2_Stream2_IRQHandler
    startup_stm32f407xx.o(RESET) refers to stm32f4xx_it_1.o(i.DMA2_Stream6_IRQHandler) for DMA2_Stream6_IRQHandler
    startup_stm32f407xx.o(RESET) refers to stm32f4xx_it_1.o(i.DMA2_Stream7_IRQHandler) for DMA2_Stream7_IRQHandler
    startup_stm32f407xx.o(RESET) refers to stm32f4xx_it_1.o(i.USART6_IRQHandler) for USART6_IRQHandler
    startup_stm32f407xx.o(.text) refers to system_stm32f4xx.o(i.SystemInit) for SystemInit
    startup_stm32f407xx.o(.text) refers to entry.o(.ARM.Collect$$$$00000000) for __main
    heap_4.o(i.prvHeapInit) refers to heap_4.o(.bss) for .bss
    heap_4.o(i.prvHeapInit) refers to heap_4.o(.data) for .data
    heap_4.o(i.prvInsertBlockIntoFreeList) refers to heap_4.o(.data) for .data
    heap_4.o(i.pvPortMalloc) refers to tasks.o(i.vTaskSuspendAll) for vTaskSuspendAll
    heap_4.o(i.pvPortMalloc) refers to heap_4.o(i.prvHeapInit) for prvHeapInit
    heap_4.o(i.pvPortMalloc) refers to heap_4.o(i.prvInsertBlockIntoFreeList) for prvInsertBlockIntoFreeList
    heap_4.o(i.pvPortMalloc) refers to tasks.o(i.xTaskResumeAll) for xTaskResumeAll
    heap_4.o(i.pvPortMalloc) refers to heap_4.o(.data) for .data
    heap_4.o(i.vPortFree) refers to tasks.o(i.vTaskSuspendAll) for vTaskSuspendAll
    heap_4.o(i.vPortFree) refers to heap_4.o(i.prvInsertBlockIntoFreeList) for prvInsertBlockIntoFreeList
    heap_4.o(i.vPortFree) refers to tasks.o(i.xTaskResumeAll) for xTaskResumeAll
    heap_4.o(i.vPortFree) refers to heap_4.o(.data) for .data
    heap_4.o(i.xPortGetFreeHeapSize) refers to heap_4.o(.data) for .data
    heap_4.o(i.xPortGetMinimumEverFreeHeapSize) refers to heap_4.o(.data) for .data
    port.o(.emb_text) refers to tasks.o(i.vTaskSwitchContext) for vTaskSwitchContext
[...]
    xPendingReadyList                        0x20003d78   Data          20  tasks.o(.bss)
    xTasksWaitingTermination                 0x20003d8c   Data          20  tasks.o(.bss)
    xSuspendedTaskList                       0x20003da0   Data          20  tasks.o(.bss)
    .bss                                     0x20003db8   Section    29800  protocol.o(.bss)
    RawData                                  0x20003db8   Data         265  protocol.o(.bss)
    .bss                                     0x2000b220   Section       32  stm32f4xx_hal_flash.o(.bss)
    .bss                                     0x2000b240   Section      348  ublox.o(.bss)
    .bss                                     0x2000b39c   Section      332  gy952.o(.bss)
    RawData                                  0x2000b39c   Data         265  gy952.o(.bss)
    .bss                                     0x2000b4e8   Section      168  adc_1.o(.bss)
    .bss                                     0x2000b590   Section      528  freertos_1.o(.bss)
    .bss                                     0x2000b7a0   Section      300  tim_1.o(.bss)
    .bss                                     0x2000b8cc   Section     1536  usart_1.o(.bss)
    .bss                                     0x2000becc   Section       60  stm32f4xx_hal_timebase_tim_1.o(.bss)
    .bss                                     0x2000bf08   Section    25248  control.o(.bss)
    STACK                                    0x200121a8   Section    16384  startup_stm32f407xx.o(STACK)

    Global Symbols

    Symbol Name                              Value     Ov Type        Size  Object(Section)

    BuildAttributes$$THM_ISAv4$E$P$D$K$B$S$7EM$VFPi3$EXTD16$VFPS$VFMA$PE$A:L22UL41UL21$X:L11$S22US41US21$IEEE1$IW$USESV6$~STKCKD$USESV7$~SHL$OTIME$ROPI$IEEEX$EBA8$MICROLIB$REQ8$PRES8$EABIv2 0x00000000   Number         0  anon$$obj.o ABSOLUTE
    __ARM_use_no_argv                        0x00000000   Number         0  main_1.o ABSOLUTE
    __cpp_initialize__aeabi_                  - Undefined Weak Reference
    __cxa_finalize                            - Undefined Weak Reference
    __decompress                              - Undefined Weak Reference
    _clock_init                               - Undefined Weak Reference
    _microlib_exit                            - Undefined Weak Reference
    __Vectors_Size                           0x00000188   Number         0  startup_stm32f407xx.o ABSOLUTE
    __Vectors                                0x08000000   Data           4  startup_stm32f407xx.o(RESET)
    __Vectors_End                            0x08000188   Data           0  startup_stm32f407xx.o(RESET)
    __main                                   0x08000189   Thumb Code     0  entry.o(.ARM.Collect$$$$00000000)
    _main_stk                                0x08000189   Thumb Code     0  entry2.o(.ARM.Collect$$$$00000001)
    _main_scatterload                        0x0800018d   Thumb Code     0  entry5.o(.ARM.Collect$$$$00000004)
    __main_after_scatterload                 0x08000191   Thumb Code     0  entry5.o(.ARM.Collect$$$$00000004)
    _main_clock                              0x08000191   Thumb Code     0  entry7b.o(.ARM.Collect$$$$00000008)
    _main_cpp_init                           0x08000191   Thumb Code     0  entry8b.o(.ARM.Collect$$$$0000000A)
    _main_init                               0x08000191   Thumb Code     0  entry9a.o(.ARM.Collect$$$$0000000B)
    __rt_final_cpp                           0x08000199   Thumb Code     0  entry10a.o(.ARM.Collect$$$$0000000D)
    __rt_final_exit                          0x08000199   Thumb Code     0  entry11a.o(.ARM.Collect$$$$0000000F)
    SVC_Handler                              0x0800019d   Thumb Code    28  port.o(.emb_text)
    __asm___6_port_c_39a90d8d__prvStartFirstTask 0x080001bd   Thumb Code    28  port.o(.emb_text)
    __asm___6_port_c_39a90d8d__prvEnableVFP  0x080001dd   Thumb Code    16  port.o(.emb_text)
    PendSV_Handler                           0x080001f1   Thumb Code    92  port.o(.emb_text)
    vPortGetIPSR                             0x08000251   Thumb Code     6  port.o(.emb_text)
    Reset_Handler                            0x08000259   Thumb Code     8  startup_stm32f407xx.o(.text)
    ADC_IRQHandler                           0x08000273   Thumb Code     0  startup_stm32f407xx.o(.text)
    CAN1_RX0_IRQHandler                      0x08000273   Thumb Code     0  startup_stm32f407xx.o(.text)
    CAN1_RX1_IRQHandler                      0x08000273   Thumb Code     0  startup_stm32f407xx.o(.text)
    CAN1_SCE_IRQHandler                      0x08000273   Thumb Code     0  startup_stm32f407xx.o(.text)
    CAN1_TX_IRQHandler                       0x08000273   Thumb Code     0  startup_stm32f407xx.o(.text)
    CAN2_RX0_IRQHandler                      0x08000273   Thumb Code     0  startup_stm32f407xx.o(.text)
    CAN2_RX1_IRQHandler                      0x08000273   Thumb Code     0  startup_stm32f407xx.o(.text)
    CAN2_SCE_IRQHandler                      0x08000273   Thumb Code     0  startup_stm32f407xx.o(.text)
    CAN2_TX_IRQHandler                       0x08000273   Thumb Code     0  startup_stm32f407xx.o(.text)
    DCMI_IRQHandler                          0x08000273   Thumb Code     0  startup_stm32f407xx.o(.text)
    DMA2_Stream3_IRQHandler                  0x08000273   Thumb Code     0  startup_stm32f407xx.o(.text)
    DMA2_Stream4_IRQHandler                  0x08000273   Thumb Code     0  startup_stm32f407xx.o(.text)
    DMA2_Stream5_IRQHandler                  0x08000273   Thumb Code     0  startup_stm32f407xx.o(.text)
    ETH_IRQHandler                           0x08000273   Thumb Code     0  startup_stm32f407xx.o(.text)
    ETH_WKUP_IRQHandler                      0x08000273   Thumb Code     0  startup_stm32f407xx.o(.text)
    EXTI15_10_IRQHandler                     0x08000273   Thumb Code     0  startup_stm32f407xx.o(.text)
    EXTI2_IRQHandler                         0x08000273   Thumb Code     0  startup_stm32f407xx.o(.text)
    EXTI3_IRQHandler                         0x08000273   Thumb Code     0  startup_stm32f407xx.o(.text)
    EXTI4_IRQHandler                         0x08000273   Thumb Code     0  startup_stm32f407xx.o(.text)
    EXTI9_5_IRQHandler                       0x08000273   Thumb Code     0  startup_stm32f407xx.o(.text)
    FLASH_IRQHandler                         0x08000273   Thumb Code     0  startup_stm32f407xx.o(.text)
    FMC_IRQHandler                           0x08000273   Thumb Code     0  startup_stm32f407xx.o(.text)
    FPU_IRQHandler                           0x08000273   Thumb Code     0  startup_stm32f407xx.o(.text)
    HASH_RNG_IRQHandler                      0x08000273   Thumb Code     0  startup_stm32f407xx.o(.text)
    I2C1_ER_IRQHandler                       0x08000273   Thumb Code     0  startup_stm32f407xx.o(.text)
    I2C1_EV_IRQHandler                       0x08000273   Thumb Code     0  startup_stm32f407xx.o(.text)
    I2C2_ER_IRQHandler                       0x08000273   Thumb Code     0  startup_stm32f407xx.o(.text)
    I2C2_EV_IRQHandler                       0x08000273   Thumb Code     0  startup_stm32f407xx.o(.text)
    I2C3_ER_IRQHandler                       0x08000273   Thumb Code     0  startup_stm32f407xx.o(.text)
    I2C3_EV_IRQHandler                       0x08000273   Thumb Code     0  startup_stm32f407xx.o(.text)
    OTG_FS_IRQHandler                        0x08000273   Thumb Code     0  startup_stm32f407xx.o(.text)
    OTG_FS_WKUP_IRQHandler                   0x08000273   Thumb Code     0  startup_stm32f407xx.o(.text)
    OTG_HS_EP1_IN_IRQHandler                 0x08000273   Thumb Code     0  startup_stm32f407xx.o(.text)
    OTG_HS_EP1_OUT_IRQHandler                0x08000273   Thumb Code     0  startup_stm32f407xx.o(.text)
    OTG_HS_IRQHandler                        0x08000273   Thumb Code     0  startup_stm32f407xx.o(.text)
    OTG_HS_WKUP_IRQHandler                   0x08000273   Thumb Code     0  startup_stm32f407xx.o(.text)
    PVD_IRQHandler                           0x08000273   Thumb Code     0  startup_stm32f407xx.o(.text)
    RCC_IRQHandler                           0x08000273   Thumb Code     0  startup_stm32f407xx.o(.text)
    RTC_Alarm_IRQHandler                     0x08000273   Thumb Code     0  startup_stm32f407xx.o(.text)
    RTC_WKUP_IRQHandler                      0x08000273   Thumb Code     0  startup_stm32f407xx.o(.text)
    SDIO_IRQHandler                          0x08000273   Thumb Code     0  startup_stm32f407xx.o(.text)
    SPI1_IRQHandler                          0x08000273   Thumb Code     0  startup_stm32f407xx.o(.text)
    SPI2_IRQHandler                          0x08000273   Thumb Code     0  startup_stm32f407xx.o(.text)
    SPI3_IRQHandler                          0x08000273   Thumb Code     0  startup_stm32f407xx.o(.text)
    TAMP_STAMP_IRQHandler                    0x08000273   Thumb Code     0  startup_stm32f407xx.o(.text)
    TIM1_BRK_TIM9_IRQHandler                 0x08000273   Thumb Code     0  startup_stm32f407xx.o(.text)
    TIM1_CC_IRQHandler                       0x08000273   Thumb Code     0  startup_stm32f407xx.o(.text)
    TIM1_TRG_COM_TIM11_IRQHandler            0x08000273   Thumb Code     0  startup_stm32f407xx.o(.text)
    TIM1_UP_TIM10_IRQHandler                 0x08000273   Thumb Code     0  startup_stm32f407xx.o(.text)
    TIM2_IRQHandler                          0x08000273   Thumb Code     0  startup_stm32f407xx.o(.text)
    TIM3_IRQHandler                          0x08000273   Thumb Code     0  startup_stm32f407xx.o(.text)
    TIM4_IRQHandler                          0x08000273   Thumb Code     0  startup_stm32f407xx.o(.text)
    TIM5_IRQHandler                          0x08000273   Thumb Code     0  startup_stm32f407xx.o(.text)
    TIM7_IRQHandler                          0x08000273   Thumb Code     0  startup_stm32f407xx.o(.text)
    TIM8_BRK_TIM12_IRQHandler                0x08000273   Thumb Code     0  startup_stm32f407xx.o(.text)
    TIM8_CC_IRQHandler                       0x08000273   Thumb Code     0  startup_stm32f407xx.o(.text)
    TIM8_TRG_COM_TIM14_IRQHandler            0x08000273   Thumb Code     0  startup_stm32f407xx.o(.text)
    TIM8_UP_TIM13_IRQHandler                 0x08000273   Thumb Code     0  startup_stm32f407xx.o(.text)
    WWDG_IRQHandler                          0x08000273   Thumb Code     0  startup_stm32f407xx.o(.text)
    __aeabi_uldivmod                         0x0800027d   Thumb Code    98  uldiv.o(.text)
    __aeabi_memcpy                           0x080002df   Thumb Code    36  memcpya.o(.text)
    __aeabi_memcpy4                          0x080002df   Thumb Code     0  memcpya.o(.text)
    __aeabi_memcpy8                          0x080002df   Thumb Code     0  memcpya.o(.text)
    __aeabi_dadd                             0x08000303   Thumb Code   322  dadd.o(.text)
    __aeabi_dsub                             0x08000445   Thumb Code     6  dadd.o(.text)
    __aeabi_drsub                            0x0800044b   Thumb Code     6  dadd.o(.text)
    __aeabi_dmul                             0x08000451   Thumb Code   228  dmul.o(.text)
    __aeabi_ddiv                             0x08000535   Thumb Code   222  ddiv.o(.text)
    __aeabi_i2d                              0x08000613   Thumb Code    34  dflti.o(.text)
    __aeabi_f2d                              0x08000635   Thumb Code    38  f2d.o(.text)
    __aeabi_cdcmpeq                          0x0800065d   Thumb Code     0  cdcmple.o(.text)
    __aeabi_cdcmple                          0x0800065d   Thumb Code    48  cdcmple.o(.text)
    __aeabi_d2f                              0x0800068d   Thumb Code    56  d2f.o(.text)
    __aeabi_llsl                             0x080006c5   Thumb Code    30  llshl.o(.text)
    _ll_shift_l                              0x080006c5   Thumb Code     0  llshl.o(.text)
    __aeabi_llsr                             0x080006e3   Thumb Code    32  llushr.o(.text)
    _ll_ushift_r                             0x080006e3   Thumb Code     0  llushr.o(.text)
    __aeabi_lasr                             0x08000703   Thumb Code    36  llsshr.o(.text)
    _ll_sshift_r                             0x08000703   Thumb Code     0  llsshr.o(.text)
    __I$use$fp                               0x08000727   Thumb Code     0  iusefp.o(.text)
    _float_round                             0x08000727   Thumb Code    18  fepilogue.o(.text)
    _float_epilogue                          0x08000739   Thumb Code    92  fepilogue.o(.text)
    _double_round                            0x08000795   Thumb Code    30  depilogue.o(.text)
    _double_epilogue                         0x080007b3   Thumb Code   156  depilogue.o(.text)
    _dsqrt                                   0x0800084f   Thumb Code   162  dsqrt.o(.text)
    __scatterload                            0x080008f1   Thumb Code    28  init.o(.text)
    __scatterload_rt2                        0x080008f1   Thumb Code     0  init.o(.text)
    __aeabi_ui2d                             0x08000915   Thumb Code    26  dfltui.o(.text)
    __aeabi_d2iz                             0x0800092f   Thumb Code    62  dfixi.o(.text)
    BSP_UART_IRQHandler                      0x08000b15   Thumb Code    96  uart_fifo.o(i.BSP_UART_IRQHandler)
    BusFault_Handler                         0x08000b7d   Thumb Code     2  stm32f4xx_it_1.o(i.BusFault_Handler)
    CRC_update                               0x08000bb1   Thumb Code    38  protocol.o(i.CRC_update)
    CheckSum                                 0x08000bd7   Thumb Code    42  ublox.o(i.CheckSum)
    Control_BackHomeTask                     0x08000c01   Thumb Code    18  control.o(i.Control_BackHomeTask)
    Control_ChargingTask                     0x08000c1d   Thumb Code   316  control.o(i.Control_ChargingTask)
    Control_CircleCheck                      0x08000d71   Thumb Code   138  control.o(i.Control_CircleCheck)
    Control_IdleTask                         0x08000dfd   Thumb Code   112  control.o(i.Control_IdleTask)
    Control_Route                            0x08000e81   Thumb Code   840  control.o(i.Control_Route)
    Control_TaskManage                       0x08001211   Thumb Code    32  control.o(i.Control_TaskManage)
    Control_WorkingTask                      0x08001231   Thumb Code   416  control.o(i.Control_WorkingTask)
    DMA1_Stream0_IRQHandler                  0x080013ed   Thumb Code     6  stm32f4xx_it_1.o(i.DMA1_Stream0_IRQHandler)
    DMA1_Stream1_IRQHandler                  0x080013f9   Thumb Code     6  stm32f4xx_it_1.o(i.DMA1_Stream1_IRQHandler)
    DMA1_Stream2_IRQHandler                  0x08001405   Thumb Code     6  stm32f4xx_it_1.o(i.DMA1_Stream2_IRQHandler)
    DMA1_Stream3_IRQHandler                  0x08001411   Thumb Code     6  stm32f4xx_it_1.o(i.DMA1_Stream3_IRQHandler)
    DMA1_Stream4_IRQHandler                  0x0800141d   Thumb Code     6  stm32f4xx_it_1.o(i.DMA1_Stream4_IRQHandler)
    DMA1_Stream5_IRQHandler                  0x08001429   Thumb Code     6  stm32f4xx_it_1.o(i.DMA1_Stream5_IRQHandler)
    DMA1_Stream6_IRQHandler                  0x08001435   Thumb Code     6  stm32f4xx_it_1.o(i.DMA1_Stream6_IRQHandler)
    DMA1_Stream7_IRQHandler                  0x08001441   Thumb Code     6  stm32f4xx_it_1.o(i.DMA1_Stream7_IRQHandler)
    DMA2_Stream0_IRQHandler                  0x0800144d   Thumb Code     6  stm32f4xx_it_1.o(i.DMA2_Stream0_IRQHandler)
    DMA2_Stream1_IRQHandler                  0x08001459   Thumb Code     6  stm32f4xx_it_1.o(i.DMA2_Stream1_IRQHandler)
    DMA2_Stream2_IRQHandler                  0x08001465   Thumb Code     6  stm32f4xx_it_1.o(i.DMA2_Stream2_IRQHandler)
    DMA2_Stream6_IRQHandler                  0x08001471   Thumb Code     6  stm32f4xx_it_1.o(i.DMA2_Stream6_IRQHandler)
    DMA2_Stream7_IRQHandler                  0x0800147d   Thumb Code     6  stm32f4xx_it_1.o(i.DMA2_Stream7_IRQHandler)
    DebugMon_Handler                         0x0800152d   Thumb Code     2  stm32f4xx_it_1.o(i.DebugMon_Handler)
    EXTI0_IRQHandler                         0x0800152f   Thumb Code     6  stm32f4xx_it_1.o(i.EXTI0_IRQHandler)
    EXTI1_IRQHandler                         0x08001535   Thumb Code     6  stm32f4xx_it_1.o(i.EXTI1_IRQHandler)
    FLASH_Erase_Sector                       0x0800153d   Thumb Code    74  stm32f4xx_hal_flash_ex.o(i.FLASH_Erase_Sector)
    FLASH_FlushCaches                        0x0800158d   Thumb Code    80  stm32f4xx_hal_flash_ex.o(i.FLASH_FlushCaches)
    FLASH_WaitForLastOperation               0x08001701   Thumb Code    72  stm32f4xx_hal_flash.o(i.FLASH_WaitForLastOperation)
    Flash_EraseSectors                       0x08001751   Thumb Code    58  flash.o(i.Flash_EraseSectors)
    Flash_Read                               0x080017ad   Thumb Code    18  flash.o(i.Flash_Read)
    Flash_Write                              0x080017c1   Thumb Code    54  flash.o(i.Flash_Write)
    GY952_Decode                             0x080017fd   Thumb Code   190  gy952.o(i.GY952_Decode)
    GY952_R_Prepare                          0x080018c5   Thumb Code   156  gy952.o(i.GY952_R_Prepare)
    GY952_Rev                                0x08001969   Thumb Code    42  gy952.o(i.GY952_Rev)
    HAL_ADC_ConfigChannel                    0x08001999   Thumb Code   316  stm32f4xx_hal_adc.o(i.HAL_ADC_ConfigChannel)
    HAL_ADC_ConvCpltCallback                 0x08001ae5   Thumb Code     2  stm32f4xx_hal_adc.o(i.HAL_ADC_ConvCpltCallback)
    HAL_ADC_ConvHalfCpltCallback             0x08001ae7   Thumb Code     2  stm32f4xx_hal_adc.o(i.HAL_ADC_ConvHalfCpltCallback)
    HAL_ADC_ErrorCallback                    0x08001ae9   Thumb Code     2  stm32f4xx_hal_adc.o(i.HAL_ADC_ErrorCallback)
    HAL_ADC_Init                             0x08001aeb   Thumb Code    84  stm32f4xx_hal_adc.o(i.HAL_ADC_Init)
    HAL_ADC_MspInit                          0x08001b41   Thumb Code   108  adc_1.o(i.HAL_ADC_MspInit)
    HAL_ADC_Start_DMA                        0x08001bd5   Thumb Code   228  stm32f4xx_hal_adc.o(i.HAL_ADC_Start_DMA)
    HAL_DMA_Abort_IT                         0x08001cd5   Thumb Code    36  stm32f4xx_hal_dma.o(i.HAL_DMA_Abort_IT)
    HAL_DMA_IRQHandler                       0x08001cf9   Thumb Code   412  stm32f4xx_hal_dma.o(i.HAL_DMA_IRQHandler)
    HAL_DMA_Init                             0x08001e99   Thumb Code   206  stm32f4xx_hal_dma.o(i.HAL_DMA_Init)
    HAL_DMA_Start_IT                         0x08001f6d   Thumb Code   120  stm32f4xx_hal_dma.o(i.HAL_DMA_Start_IT)
    HAL_FLASHEx_Erase                        0x08001fe5   Thumb Code   144  stm32f4xx_hal_flash_ex.o(i.HAL_FLASHEx_Erase)
    HAL_FLASH_Lock                           0x0800207d   Thumb Code    14  stm32f4xx_hal_flash.o(i.HAL_FLASH_Lock)
    HAL_FLASH_Program                        0x08002091   Thumb Code   116  stm32f4xx_hal_flash.o(i.HAL_FLASH_Program)
    HAL_FLASH_Unlock                         0x0800210d   Thumb Code    32  stm32f4xx_hal_flash.o(i.HAL_FLASH_Unlock)
    HAL_GPIO_EXTI_Callback                   0x08002139   Thumb Code     2  stm32f4xx_hal_gpio.o(i.HAL_GPIO_EXTI_Callback)
    HAL_GPIO_EXTI_IRQHandler                 0x0800213d   Thumb Code    18  stm32f4xx_hal_gpio.o(i.HAL_GPIO_EXTI_IRQHandler)
    HAL_GPIO_Init                            0x08002155   Thumb Code   388  stm32f4xx_hal_gpio.o(i.HAL_GPIO_Init)
    HAL_GPIO_WritePin                        0x08002305   Thumb Code    10  stm32f4xx_hal_gpio.o(i.HAL_GPIO_WritePin)
    HAL_GetTick                              0x08002311   Thumb Code     6  stm32f4xx_hal.o(i.HAL_GetTick)
    HAL_IncTick                              0x0800231d   Thumb Code    12  stm32f4xx_hal.o(i.HAL_IncTick)
    HAL_Init                                 0x0800232d   Thumb Code    48  stm32f4xx_hal.o(i.HAL_Init)
    HAL_InitTick                             0x08002361   Thumb Code   100  stm32f4xx_hal_timebase_tim_1.o(i.HAL_InitTick)
    HAL_MspInit                              0x080023d5   Thumb Code   126  stm32f4xx_hal_msp_1.o(i.HAL_MspInit)
    HAL_NVIC_EnableIRQ                       0x08002459   Thumb Code    22  stm32f4xx_hal_cortex.o(i.HAL_NVIC_EnableIRQ)
    HAL_NVIC_SetPriority                     0x08002471   Thumb Code    60  stm32f4xx_hal_cortex.o(i.HAL_NVIC_SetPriority)
    HAL_NVIC_SetPriorityGrouping             0x080024b1   Thumb Code    26  stm32f4xx_hal_cortex.o(i.HAL_NVIC_SetPriorityGrouping)
    HAL_RCC_ClockConfig                      0x080024d5   Thumb Code   286  stm32f4xx_hal_rcc.o(i.HAL_RCC_ClockConfig)
    HAL_RCC_GetClockConfig                   0x08002605   Thumb Code    54  stm32f4xx_hal_rcc.o(i.HAL_RCC_GetClockConfig)
    HAL_RCC_GetHCLKFreq                      0x08002645   Thumb Code     6  stm32f4xx_hal_rcc.o(i.HAL_RCC_GetHCLKFreq)
    HAL_RCC_GetPCLK1Freq                     0x08002651   Thumb Code    20  stm32f4xx_hal_rcc.o(i.HAL_RCC_GetPCLK1Freq)
    HAL_RCC_GetPCLK2Freq                     0x08002671   Thumb Code    20  stm32f4xx_hal_rcc.o(i.HAL_RCC_GetPCLK2Freq)
    HAL_RCC_GetSysClockFreq                  0x08002691   Thumb Code    88  stm32f4xx_hal_rcc.o(i.HAL_RCC_GetSysClockFreq)
    HAL_RCC_OscConfig                        0x080026f1   Thumb Code   770  stm32f4xx_hal_rcc.o(i.HAL_RCC_OscConfig)
    HAL_SYSTICK_CLKSourceConfig              0x08002a0d   Thumb Code    24  stm32f4xx_hal_cortex.o(i.HAL_SYSTICK_CLKSourceConfig)
    HAL_SYSTICK_Config                       0x08002a25   Thumb Code    40  stm32f4xx_hal_cortex.o(i.HAL_SYSTICK_Config)
    HAL_TIMEx_BreakCallback                  0x08002a4d   Thumb Code     2  stm32f4xx_hal_tim_ex.o(i.HAL_TIMEx_BreakCallback)
    HAL_TIMEx_CommutationCallback            0x08002a4f   Thumb Code     2  stm32f4xx_hal_tim_ex.o(i.HAL_TIMEx_CommutationCallback)
    HAL_TIMEx_ConfigBreakDeadTime            0x08002a51   Thumb Code    90  stm32f4xx_hal_tim_ex.o(i.HAL_TIMEx_ConfigBreakDeadTime)
    HAL_TIMEx_MasterConfigSynchronization    0x08002aab   Thumb Code    80  stm32f4xx_hal_tim_ex.o(i.HAL_TIMEx_MasterConfigSynchronization)
    HAL_TIM_Base_Init                        0x08002afb   Thumb Code    54  stm32f4xx_hal_tim.o(i.HAL_TIM_Base_Init)
    HAL_TIM_Base_MspInit                     0x08002b31   Thumb Code     2  stm32f4xx_hal_tim.o(i.HAL_TIM_Base_MspInit)
    HAL_TIM_Base_Start_IT                    0x08002b33   Thumb Code    24  stm32f4xx_hal_tim.o(i.HAL_TIM_Base_Start_IT)
    HAL_TIM_IC_CaptureCallback               0x08002b4b   Thumb Code     2  stm32f4xx_hal_tim.o(i.HAL_TIM_IC_CaptureCallback)
    HAL_TIM_IC_ConfigChannel                 0x08002b4d   Thumb Code   286  stm32f4xx_hal_tim.o(i.HAL_TIM_IC_ConfigChannel)
    HAL_TIM_IC_Init                          0x08002c6b   Thumb Code    54  stm32f4xx_hal_tim.o(i.HAL_TIM_IC_Init)
    HAL_TIM_IC_MspInit                       0x08002ca1   Thumb Code   120  tim_1.o(i.HAL_TIM_IC_MspInit)
    HAL_TIM_IC_Start                         0x08002d31   Thumb Code    26  stm32f4xx_hal_tim.o(i.HAL_TIM_IC_Start)
    HAL_TIM_IRQHandler                       0x08002d4b   Thumb Code   358  stm32f4xx_hal_tim.o(i.HAL_TIM_IRQHandler)
    HAL_TIM_MspPostInit                      0x08002eb1   Thumb Code   110  tim_1.o(i.HAL_TIM_MspPostInit)
    HAL_TIM_OC_DelayElapsedCallback          0x08002f39   Thumb Code     2  stm32f4xx_hal_tim.o(i.HAL_TIM_OC_DelayElapsedCallback)
    HAL_TIM_PWM_ConfigChannel                0x08002f3b   Thumb Code   208  stm32f4xx_hal_tim.o(i.HAL_TIM_PWM_ConfigChannel)
    HAL_TIM_PWM_Init                         0x0800300b   Thumb Code    54  stm32f4xx_hal_tim.o(i.HAL_TIM_PWM_Init)
    HAL_TIM_PWM_MspInit                      0x08003041   Thumb Code    78  tim_1.o(i.HAL_TIM_PWM_MspInit)
    HAL_TIM_PWM_PulseFinishedCallback        0x0800309d   Thumb Code     2  stm32f4xx_hal_tim.o(i.HAL_TIM_PWM_PulseFinishedCallback)
    HAL_TIM_PWM_Start                        0x080030a1   Thumb Code    48  stm32f4xx_hal_tim.o(i.HAL_TIM_PWM_Start)
    HAL_TIM_PeriodElapsedCallback            0x080030d9   Thumb Code    14  main_1.o(i.HAL_TIM_PeriodElapsedCallback)
    HAL_TIM_TriggerCallback                  0x080030ed   Thumb Code     2  stm32f4xx_hal_tim.o(i.HAL_TIM_TriggerCallback)
    HAL_UART_ErrorCallback                   0x080030f1   Thumb Code    98  uart_fifo.o(i.HAL_UART_ErrorCallback)
    HAL_UART_IRQHandler                      0x08003159   Thumb Code   266  stm32f4xx_hal_uart.o(i.HAL_UART_IRQHandler)
    HAL_UART_Init                            0x08003269   Thumb Code    98  stm32f4xx_hal_uart.o(i.HAL_UART_Init)
    HAL_UART_MspInit                         0x080032cd   Thumb Code  1232  usart_1.o(i.HAL_UART_MspInit)
    HAL_UART_Receive_DMA                     0x080037ad   Thumb Code   138  stm32f4xx_hal_uart.o(i.HAL_UART_Receive_DMA)
    HAL_UART_Receive_IT                      0x08003845   Thumb Code    72  stm32f4xx_hal_uart.o(i.HAL_UART_Receive_IT)
    HAL_UART_RxCpltCallback                  0x0800388d   Thumb Code    40  uart_fifo.o(i.HAL_UART_RxCpltCallback)
    HAL_UART_RxHalfCpltCallback              0x080038b9   Thumb Code     2  stm32f4xx_hal_uart.o(i.HAL_UART_RxHalfCpltCallback)
    HAL_UART_Transmit_DMA                    0x080038bd   Thumb Code   114  stm32f4xx_hal_uart.o(i.HAL_UART_Transmit_DMA)
    HAL_UART_Transmit_IT                     0x0800393d   Thumb Code    62  stm32f4xx_hal_uart.o(i.HAL_UART_Transmit_IT)
    HAL_UART_TxCpltCallback                  0x0800397d   Thumb Code    26  uart_fifo.o(i.HAL_UART_TxCpltCallback)
    HAL_UART_TxHalfCpltCallback              0x0800399d   Thumb Code     2  stm32f4xx_hal_uart.o(i.HAL_UART_TxHalfCpltCallback)
    HardFault_Handler                        0x0800399f   Thumb Code     2  stm32f4xx_it_1.o(i.HardFault_Handler)
    LED_OFF                                  0x080039a1   Thumb Code    72  led.o(i.LED_OFF)
    LED_ON                                   0x080039f1   Thumb Code    72  led.o(i.LED_ON)
    MOTOR_EN                                 0x08003a41   Thumb Code   164  motor.o(i.MOTOR_EN)
    MOTOR_PWR_EN                             0x08003af1   Thumb Code    30  motor.o(i.MOTOR_PWR_EN)
    MX_ADC1_Init                             0x08003b15   Thumb Code    84  adc_1.o(i.MX_ADC1_Init)
    MX_DMA_Init                              0x08003b89   Thumb Code   248  dma_1.o(i.MX_DMA_Init)
    MX_FREERTOS_Init                         0x08003c85   Thumb Code   376  freertos_1.o(i.MX_FREERTOS_Init)
    MX_GPIO_Init                             0x08003e3d   Thumb Code   366  gpio_1.o(i.MX_GPIO_Init)
    MX_TIM1_Init                             0x08003fc9   Thumb Code   160  tim_1.o(i.MX_TIM1_Init)
    MX_TIM2_Init                             0x08004085   Thumb Code   124  tim_1.o(i.MX_TIM2_Init)
    MX_TIM3_Init                             0x08004119   Thumb Code   158  tim_1.o(i.MX_TIM3_Init)
    MX_TIM4_Init                             0x080041d5   Thumb Code   162  tim_1.o(i.MX_TIM4_Init)
    MX_TIM8_Init                             0x08004295   Thumb Code   176  tim_1.o(i.MX_TIM8_Init)
    MX_UART4_Init                            0x08004361   Thumb Code    52  usart_1.o(i.MX_UART4_Init)
    MX_UART5_Init                            0x080043b1   Thumb Code    52  usart_1.o(i.MX_UART5_Init)
    MX_USART1_UART_Init                      0x08004401   Thumb Code    54  usart_1.o(i.MX_USART1_UART_Init)
    MX_USART2_UART_Init                      0x08004455   Thumb Code    54  usart_1.o(i.MX_USART2_UART_Init)
    MX_USART3_UART_Init                      0x080044a9   Thumb Code    54  usart_1.o(i.MX_USART3_UART_Init)
    MX_USART6_UART_Init                      0x080044fd   Thumb Code    54  usart_1.o(i.MX_USART6_UART_Init)
    MemManage_Handler                        0x08004551   Thumb Code     2  stm32f4xx_it_1.o(i.MemManage_Handler)
    NMI_Handler                              0x08004553   Thumb Code     2  stm32f4xx_it_1.o(i.NMI_Handler)
    POS_Distance                             0x08004575   Thumb Code   152  control.o(i.POS_Distance)
    POS_Heading                              0x0800461d   Thumb Code   208  control.o(i.POS_Heading)
    Parameter_R_PID                          0x08004709   Thumb Code    28  flash.o(i.Parameter_R_PID)
    Parameter_S_PID                          0x0800472d   Thumb Code    28  flash.o(i.Parameter_S_PID)
    Protocol_NAV_POSLLH                      0x08004751   Thumb Code   278  ublox.o(i.Protocol_NAV_POSLLH)
    Protocol_NAV_STATUS                      0x08004885   Thumb Code   114  ublox.o(i.Protocol_NAV_STATUS)
    Protocol_NAV_VELNED                      0x08004901   Thumb Code   388  ublox.o(i.Protocol_NAV_VELNED)
    Protocol_R_CMD                           0x08004aa5   Thumb Code   434  protocol.o(i.Protocol_R_CMD)
    Protocol_R_Parameter                     0x08004c69   Thumb Code    22  protocol.o(i.Protocol_R_Parameter)
    Protocol_R_Prepare                       0x08004c89   Thumb Code   228  protocol.o(i.Protocol_R_Prepare)
    Protocol_R_WayPoint                      0x08004d75   Thumb Code    58  protocol.o(i.Protocol_R_WayPoint)
    Protocol_Rev                             0x08004db9   Thumb Code    42  protocol.o(i.Protocol_Rev)
    Protocol_T_Echo                          0x08004df9   Thumb Code   104  protocol.o(i.Protocol_T_Echo)
    Protocol_T_Parameter                     0x08004e65   Thumb Code   116  protocol.o(i.Protocol_T_Parameter)
    Protocol_T_Status                        0x08004ee1   Thumb Code   114  protocol.o(i.Protocol_T_Status)
    Protocol_T_WayPoint                      0x08004f5d   Thumb Code   116  protocol.o(i.Protocol_T_WayPoint)
    RegRxIdleIRQ                             0x08004fd9   Thumb Code    24  uart_fifo.o(i.RegRxIdleIRQ)
    RegTxCpltIRQ                             0x08004ff5   Thumb Code    24  uart_fifo.o(i.RegTxCpltIRQ)
    StartDefaultTask                         0x08005011   Thumb Code    66  freertos_1.o(i.StartDefaultTask)
    StartTask02                              0x08005059   Thumb Code   320  freertos_1.o(i.StartTask02)
    StartTask03                              0x080051c1   Thumb Code    12  freertos_1.o(i.StartTask03)
    SysTick_Handler                          0x080051cd   Thumb Code     4  stm32f4xx_it_1.o(i.SysTick_Handler)
    SystemClock_Config                       0x080051d1   Thumb Code   158  main_1.o(i.SystemClock_Config)
    SystemInit                               0x0800528d   Thumb Code    66  system_stm32f4xx.o(i.SystemInit)
    TIM6_DAC_IRQHandler                      0x080052e1   Thumb Code     6  stm32f4xx_it_1.o(i.TIM6_DAC_IRQHandler)
    TIM_Base_SetConfig                       0x080052ed   Thumb Code   148  stm32f4xx_hal_tim.o(i.TIM_Base_SetConfig)
    TIM_CCxChannelCmd                        0x080053ad   Thumb Code    22  stm32f4xx_hal_tim.o(i.TIM_CCxChannelCmd)
    TIM_OC2_SetConfig                        0x0800541d   Thumb Code    90  stm32f4xx_hal_tim.o(i.TIM_OC2_SetConfig)
    TIM_TI1_SetConfig                        0x08005531   Thumb Code   104  stm32f4xx_hal_tim.o(i.TIM_TI1_SetConfig)
    To_180_degrees                           0x080055ed   Thumb Code    36  mymath.o(i.To_180_degrees)
    UART4_IRQHandler                         0x0800561d   Thumb Code    18  stm32f4xx_it_1.o(i.UART4_IRQHandler)
    UART5_IRQHandler                         0x08005635   Thumb Code    18  stm32f4xx_it_1.o(i.UART5_IRQHandler)
    UART_RX_FIFO_getc                        0x08005753   Thumb Code    48  uart_fifo.o(i.UART_RX_FIFO_getc)
    UART_RX_FIFO_getlen                      0x08005799   Thumb Code    30  uart_fifo.o(i.UART_RX_FIFO_getlen)
    UART_RX_FIFO_open                        0x080057b7   Thumb Code   126  uart_fifo.o(i.UART_RX_FIFO_open)
    UART_TX_FIFO_open                        0x08005b6d   Thumb Code    64  uart_fifo.o(i.UART_TX_FIFO_open)
    UART_TX_FIFO_write                       0x08005bf7   Thumb Code    92  uart_fifo.o(i.UART_TX_FIFO_write)
    USART1_IRQHandler                        0x08005cb5   Thumb Code    18  stm32f4xx_it_1.o(i.USART1_IRQHandler)
    USART2_IRQHandler                        0x08005ccd   Thumb Code    18  stm32f4xx_it_1.o(i.USART2_IRQHandler)
    USART3_IRQHandler                        0x08005ce5   Thumb Code    18  stm32f4xx_it_1.o(i.USART3_IRQHandler)
    USART6_IRQHandler                        0x08005cfd   Thumb Code    18  stm32f4xx_it_1.o(i.USART6_IRQHandler)
    UsageFault_Handler                       0x08005d15   Thumb Code     2  stm32f4xx_it_1.o(i.UsageFault_Handler)
    _Error_Handler                           0x08005d17   Thumb Code    20  main_1.o(i._Error_Handler)
    __ARM_fpclassify                         0x08005d2b   Thumb Code    48  fpclassify.o(i.__ARM_fpclassify)
    __hardfp_atan                            0x08005d61   Thumb Code   622  atan.o(i.__hardfp_atan)
    __hardfp_atan2                           0x08006039   Thumb Code   432  atan2.o(i.__hardfp_atan2)
    __hardfp_cos                             0x08006229   Thumb Code   180  cos.o(i.__hardfp_cos)
    __hardfp_sin                             0x080062f1   Thumb Code   180  sin.o(i.__hardfp_sin)
    __hardfp_sqrt                            0x080063b9   Thumb Code   122  sqrt.o(i.__hardfp_sqrt)
    __ieee754_rem_pio2                       0x08006439   Thumb Code   938  rred.o(i.__ieee754_rem_pio2)
    __kernel_cos                             0x08006871   Thumb Code   322  cos_i.o(i.__kernel_cos)
    __kernel_poly                            0x080069e1   Thumb Code   248  poly.o(i.__kernel_poly)
    __kernel_sin                             0x08006ad9   Thumb Code   280  sin_i.o(i.__kernel_sin)
    __mathlib_dbl_infnan                     0x08006c09   Thumb Code    20  dunder.o(i.__mathlib_dbl_infnan)
    __mathlib_dbl_infnan2                    0x08006c1d   Thumb Code    20  dunder.o(i.__mathlib_dbl_infnan2)
    __mathlib_dbl_invalid                    0x08006c31   Thumb Code    24  dunder.o(i.__mathlib_dbl_invalid)
    __mathlib_dbl_underflow                  0x08006c51   Thumb Code    24  dunder.o(i.__mathlib_dbl_underflow)
    __scatterload_copy                       0x08006c71   Thumb Code    14  handlers.o(i.__scatterload_copy)
    __scatterload_null                       0x08006c7f   Thumb Code     2  handlers.o(i.__scatterload_null)
    __scatterload_zeroinit                   0x08006c81   Thumb Code    14  handlers.o(i.__scatterload_zeroinit)
    __set_errno                              0x08006c91   Thumb Code     6  errno.o(i.__set_errno)
    atan                                     0x08006c9d   Thumb Code    16  atan.o(i.atan)
    fabs                                     0x08006cad   Thumb Code    24  fabs.o(i.fabs)
    main                                     0x08006cd1   Thumb Code    74  main_1.o(i.main)
    osDelay                                  0x08006d27   Thumb Code    14  cmsis_os.o(i.osDelay)
    osKernelStart                            0x08006d35   Thumb Code    10  cmsis_os.o(i.osKernelStart)
    osMutexCreate                            0x08006d3f   Thumb Code     6  cmsis_os.o(i.osMutexCreate)
    osMutexRelease                           0x08006d45   Thumb Code    74  cmsis_os.o(i.osMutexRelease)
    osMutexWait                              0x08006d95   Thumb Code   100  cmsis_os.o(i.osMutexWait)
    osSystickHandler                         0x08006dfd   Thumb Code    20  cmsis_os.o(i.osSystickHandler)
    osThreadCreate                           0x08006e11   Thumb Code    46  cmsis_os.o(i.osThreadCreate)
    osThreadYield                            0x08006e41   Thumb Code    20  cmsis_os.o(i.osThreadYield)
    pvPortMalloc                             0x080072b1   Thumb Code   210  heap_4.o(i.pvPortMalloc)
    pvTaskIncrementMutexHeldCount            0x08007389   Thumb Code    18  tasks.o(i.pvTaskIncrementMutexHeldCount)
    pxPortInitialiseStack                    0x080073a1   Thumb Code    40  port.o(i.pxPortInitialiseStack)
    ublox_Prepare                            0x080073cd   Thumb Code   220  ublox.o(i.ublox_Prepare)
    ublox_Rev                                0x080074b1   Thumb Code    42  ublox.o(i.ublox_Rev)
    uxListRemove                             0x080074e1   Thumb Code    36  list.o(i.uxListRemove)
    vListInitialise                          0x08007505   Thumb Code    22  list.o(i.vListInitialise)
    vListInitialiseItem                      0x0800751b   Thumb Code     6  list.o(i.vListInitialiseItem)
    vListInsert                              0x08007521   Thumb Code    48  list.o(i.vListInsert)
    vListInsertEnd                           0x08007551   Thumb Code    24  list.o(i.vListInsertEnd)
    vPortEnterCritical                       0x08007569   Thumb Code    54  port.o(i.vPortEnterCritical)
    vPortExitCritical                        0x080075a9   Thumb Code    34  port.o(i.vPortExitCritical)
    vPortFree                                0x080075d1   Thumb Code    88  heap_4.o(i.vPortFree)
    vPortSetupTimerInterrupt                 0x0800762d   Thumb Code    26  port.o(i.vPortSetupTimerInterrupt)
    vPortValidateInterruptPriority           0x0800764d   Thumb Code    74  port.o(i.vPortValidateInterruptPriority)
    vTaskDelay                               0x080076a1   Thumb Code    66  tasks.o(i.vTaskDelay)
    vTaskMissedYield                         0x080076ed   Thumb Code     8  tasks.o(i.vTaskMissedYield)
    vTaskNotifyGiveFromISR                   0x080076f9   Thumb Code   174  tasks.o(i.vTaskNotifyGiveFromISR)
    vTaskPlaceOnEventList                    0x080077b1   Thumb Code    44  tasks.o(i.vTaskPlaceOnEventList)
    vTaskPriorityInherit                     0x080077e1   Thumb Code   124  tasks.o(i.vTaskPriorityInherit)
    vTaskSetTimeOutState                     0x08007865   Thumb Code    30  tasks.o(i.vTaskSetTimeOutState)
    vTaskStartScheduler                      0x08007889   Thumb Code    86  tasks.o(i.vTaskStartScheduler)
    vTaskSuspendAll                          0x080078f1   Thumb Code    10  tasks.o(i.vTaskSuspendAll)
    vTaskSwitchContext                       0x08007901   Thumb Code    82  tasks.o(i.vTaskSwitchContext)
    xPortStartScheduler                      0x0800795d   Thumb Code   202  port.o(i.xPortStartScheduler)
    xPortSysTickHandler                      0x08007a3d   Thumb Code    38  port.o(i.xPortSysTickHandler)
    xQueueCreateMutex                        0x08007a69   Thumb Code    36  queue.o(i.xQueueCreateMutex)
    xQueueGenericCreate                      0x08007a8d   Thumb Code    72  queue.o(i.xQueueGenericCreate)
    xQueueGenericReceive                     0x08007ad5   Thumb Code   360  queue.o(i.xQueueGenericReceive)
    xQueueGenericReset                       0x08007c41   Thumb Code   132  queue.o(i.xQueueGenericReset)
    xQueueGenericSend                        0x08007cc9   Thumb Code   346  queue.o(i.xQueueGenericSend)
    xQueueGiveFromISR                        0x08007e29   Thumb Code   156  queue.o(i.xQueueGiveFromISR)
    xQueueReceiveFromISR                     0x08007ec5   Thumb Code   154  queue.o(i.xQueueReceiveFromISR)
    xTaskCheckForTimeOut                     0x08007f61   Thumb Code   102  tasks.o(i.xTaskCheckForTimeOut)
    xTaskCreate                              0x08007fcd   Thumb Code    86  tasks.o(i.xTaskCreate)
    xTaskGetSchedulerState                   0x08008025   Thumb Code    22  tasks.o(i.xTaskGetSchedulerState)
    xTaskIncrementTick                       0x08008041   Thumb Code   192  tasks.o(i.xTaskIncrementTick)
    xTaskPriorityDisinherit                  0x08008109   Thumb Code   144  tasks.o(i.xTaskPriorityDisinherit)
    xTaskRemoveFromEventList                 0x080081a1   Thumb Code   108  tasks.o(i.xTaskRemoveFromEventList)
    xTaskResumeAll                           0x08008215   Thumb Code   182  tasks.o(i.xTaskResumeAll)
    AHBPrescTable                            0x080082d8   Data          16  system_stm32f4xx.o(.constdata)
    APBPrescTable                            0x080082e8   Data           8  system_stm32f4xx.o(.constdata)
    __mathlib_zero                           0x08008400   Data           8  qnan.o(.constdata)
    Region$$Table$$Base                      0x08008524   Number         0  anon$$obj.o(Region$$Table)
    Region$$Table$$Limit                     0x08008544   Number         0  anon$$obj.o(Region$$Table)
    pxCurrentTCB                             0x20000024   Data           4  tasks.o(.data)
    SystemCoreClock                          0x2000007c   Data           4  system_stm32f4xx.o(.data)
    uwTickFreq                               0x20000080   Data           1  stm32f4xx_hal.o(.data)
    uwTickPrio                               0x20000084   Data           4  stm32f4xx_hal.o(.data)
    uwTick                                   0x20000088   Data           4  stm32f4xx_hal.o(.data)
    ublox_ProState                           0x2000008c   Data           1  ublox.o(.data)
    iTOW                                     0x20000090   Data           4  ublox.o(.data)
    hMSL                                     0x20000094   Data           4  ublox.o(.data)
    ControltTaskHandle                       0x2000009c   Data           4  freertos_1.o(.data)
    DataLinkTaskHandle                       0x200000a0   Data           4  freertos_1.o(.data)
    SenserTaskHandle                         0x200000a4   Data           4  freertos_1.o(.data)
    PositionErr                              0x200000a8   Data           4  control.o(.data)
    HeadingErr                               0x200000ac   Data           4  control.o(.data)
    Current_Target_Heading                   0x200000b0   Data           4  control.o(.data)
    Last_Target_Heading                      0x200000b4   Data           4  control.o(.data)
    use_Heading                              0x200000b8   Data           4  control.o(.data)
    CrossDistance                            0x200000bc   Data           4  control.o(.data)
    HAL_IO                                   0x20003ec8   Data        9528  protocol.o(.bss)
    WayPointList                             0x20006400   Data       20000  protocol.o(.bss)
    pFlash                                   0x2000b220   Data          32  stm32f4xx_hal_flash.o(.bss)
    ublox_ProRxBuffer                        0x2000b240   Data         256  ublox.o(.bss)
    NAV_VELNED                               0x2000b340   Data          36  ublox.o(.bss)
    NAV_STATUS                               0x2000b364   Data          28  ublox.o(.bss)
    NAV_POSLLH                               0x2000b380   Data          28  ublox.o(.bss)
    GY925                                    0x2000b4a8   Data          64  gy952.o(.bss)
    hadc1                                    0x2000b4e8   Data          72  adc_1.o(.bss)
    hdma_adc1                                0x2000b530   Data          96  adc_1.o(.bss)
    sonar1_rx                                0x2000b590   Data          44  freertos_1.o(.bss)
    sonar1_tx                                0x2000b5bc   Data          44  freertos_1.o(.bss)
    sonar2_rx                                0x2000b5e8   Data          44  freertos_1.o(.bss)
    sonar2_tx                                0x2000b614   Data          44  freertos_1.o(.bss)
    sonar3_rx                                0x2000b640   Data          44  freertos_1.o(.bss)
    sonar3_tx                                0x2000b66c   Data          44  freertos_1.o(.bss)
    imu_rx                                   0x2000b698   Data          44  freertos_1.o(.bss)
    imu_tx                                   0x2000b6c4   Data          44  freertos_1.o(.bss)
    dlink_rx                                 0x2000b6f0   Data          44  freertos_1.o(.bss)
    dlink_tx                                 0x2000b71c   Data          44  freertos_1.o(.bss)
    gps_rx                                   0x2000b748   Data          44  freertos_1.o(.bss)
    gps_tx                                   0x2000b774   Data          44  freertos_1.o(.bss)
    htim1                                    0x2000b7a0   Data          60  tim_1.o(.bss)
    htim2                                    0x2000b7dc   Data          60  tim_1.o(.bss)
    htim3                                    0x2000b818   Data          60  tim_1.o(.bss)
    htim4                                    0x2000b854   Data          60  tim_1.o(.bss)
    htim8                                    0x2000b890   Data          60  tim_1.o(.bss)
    huart4                                   0x2000b8cc   Data          64  usart_1.o(.bss)
    huart5                                   0x2000b90c   Data          64  usart_1.o(.bss)
    huart1                                   0x2000b94c   Data          64  usart_1.o(.bss)
    huart2                                   0x2000b98c   Data          64  usart_1.o(.bss)
    huart3                                   0x2000b9cc   Data          64  usart_1.o(.bss)
    huart6                                   0x2000ba0c   Data          64  usart_1.o(.bss)
    hdma_usart1_rx                           0x2000ba4c   Data          96  usart_1.o(.bss)
    hdma_usart1_tx                           0x2000baac   Data          96  usart_1.o(.bss)
    hdma_usart2_rx                           0x2000bb0c   Data          96  usart_1.o(.bss)
    hdma_usart2_tx                           0x2000bb6c   Data          96  usart_1.o(.bss)
    hdma_uart4_rx                            0x2000bbcc   Data          96  usart_1.o(.bss)
    hdma_uart4_tx                            0x2000bc2c   Data          96  usart_1.o(.bss)
    hdma_uart5_rx                            0x2000bc8c   Data          96  usart_1.o(.bss)
    hdma_uart5_tx                            0x2000bcec   Data          96  usart_1.o(.bss)
    hdma_usart3_tx                           0x2000bd4c   Data          96  usart_1.o(.bss)
    hdma_usart3_rx                           0x2000bdac   Data          96  usart_1.o(.bss)
    hdma_usart6_tx                           0x2000be0c   Data          96  usart_1.o(.bss)
    hdma_usart6_rx                           0x2000be6c   Data          96  usart_1.o(.bss)
    htim6                                    0x2000becc   Data          60  stm32f4xx_hal_timebase_tim_1.o(.bss)
    Control                                  0x2000bf08   Data       25248  control.o(.bss)
    __initial_sp                             0x200161a8   Data           0  startup_stm32f407xx.o(STACK)



==============================================================================

Memory Map of the image

  Image Entry point : 0x08000189

  Load Region LR_IROM1 (Base: 0x08000000, Size: 0x00008608, Max: 0x00100000, ABSOLUTE)

    Execution Region ER_IROM1 (Exec base: 0x08000000, Load base: 0x08000000, Size: 0x00008544, Max: 0x00100000, ABSOLUTE)

    Exec Addr    Load Addr    Size         Type   Attr      Idx    E Section Name        Object

    0x08000000   0x08000000   0x00000188   Data   RO            3    RESET               startup_stm32f407xx.o
    0x08000188   0x08000188   0x00000000   Code   RO         5545  * .ARM.Collect$$$$00000000  mc_w.l(entry.o)
    0x08000188   0x08000188   0x00000004   Code   RO         5613    .ARM.Collect$$$$00000001  mc_w.l(entry2.o)
    0x0800018c   0x0800018c   0x00000004   Code   RO         5616    .ARM.Collect$$$$00000004  mc_w.l(entry5.o)
    0x08000190   0x08000190   0x00000000   Code   RO         5618    .ARM.Collect$$$$00000008  mc_w.l(entry7b.o)
    0x08000190   0x08000190   0x00000000   Code   RO         5620    .ARM.Collect$$$$0000000A  mc_w.l(entry8b.o)
    0x08000190   0x08000190   0x00000008   Code   RO         5621    .ARM.Collect$$$$0000000B  mc_w.l(entry9a.o)
    0x08000198   0x08000198   0x00000000   Code   RO         5623    .ARM.Collect$$$$0000000D  mc_w.l(entry10a.o)
    0x08000198   0x08000198   0x00000000   Code   RO         5625    .ARM.Collect$$$$0000000F  mc_w.l(entry11a.o)
    0x08000198   0x08000198   0x00000004   Code   RO         5614    .ARM.Collect$$$$00002712  mc_w.l(entry2.o)
    0x0800019c   0x0800019c   0x000000ba   Code   RO           97    .emb_text           port.o
    0x08000256   0x08000256   0x00000002   PAD
    0x08000258   0x08000258   0x00000024   Code   RO            4    .text               startup_stm32f407xx.o
    0x0800027c   0x0800027c   0x00000062   Code   RO         5548    .text               mc_w.l(uldiv.o)
    0x080002de   0x080002de   0x00000024   Code   RO         5550    .text               mc_w.l(memcpya.o)
    0x08000302   0x08000302   0x0000014e   Code   RO         5554    .text               mf_w.l(dadd.o)
    0x08000450   0x08000450   0x000000e4   Code   RO         5556    .text               mf_w.l(dmul.o)
    0x08000534   0x08000534   0x000000de   Code   RO         5558    .text               mf_w.l(ddiv.o)
    0x08000612   0x08000612   0x00000022   Code   RO         5560    .text               mf_w.l(dflti.o)
    0x08000634   0x08000634   0x00000026   Code   RO         5562    .text               mf_w.l(f2d.o)
    0x0800065a   0x0800065a   0x00000002   PAD
    0x0800065c   0x0800065c   0x00000030   Code   RO         5564    .text               mf_w.l(cdcmple.o)
    0x0800068c   0x0800068c   0x00000038   Code   RO         5568    .text               mf_w.l(d2f.o)
    0x080006c4   0x080006c4   0x0000001e   Code   RO         5627    .text               mc_w.l(llshl.o)
    0x080006e2   0x080006e2   0x00000020   Code   RO         5629    .text               mc_w.l(llushr.o)
    0x08000702   0x08000702   0x00000024   Code   RO         5631    .text               mc_w.l(llsshr.o)
    0x08000726   0x08000726   0x00000000   Code   RO         5640    .text               mc_w.l(iusefp.o)
    0x08000726   0x08000726   0x0000006e   Code   RO         5641    .text               mf_w.l(fepilogue.o)
    0x08000794   0x08000794   0x000000ba   Code   RO         5643    .text               mf_w.l(depilogue.o)
    0x0800084e   0x0800084e   0x000000a2   Code   RO         5647    .text               mf_w.l(dsqrt.o)
    0x080008f0   0x080008f0   0x00000024   Code   RO         5653    .text               mc_w.l(init.o)
    0x08000914   0x08000914   0x0000001a   Code   RO         5655    .text               mf_w.l(dfltui.o)
    0x0800092e   0x0800092e   0x0000003e   Code   RO         5657    .text               mf_w.l(dfixi.o)
    0x0800096c   0x0800096c   0x00000062   Code   RO         1683    i.ADC_DMAConvCplt   stm32f4xx_hal_adc.o
    0x080009ce   0x080009ce   0x00000016   Code   RO         1684    i.ADC_DMAError      stm32f4xx_hal_adc.o
    0x080009e4   0x080009e4   0x0000000a   Code   RO         1685    i.ADC_DMAHalfConvCplt  stm32f4xx_hal_adc.o
    0x080009ee   0x080009ee   0x00000002   PAD
    0x080009f0   0x080009f0   0x00000124   Code   RO         1686    i.ADC_Init          stm32f4xx_hal_adc.o
    0x08000b14   0x08000b14   0x00000068   Code   RO         1539    i.BSP_UART_IRQHandler  uart_fifo.o
    0x08000b7c   0x08000b7c   0x00000002   Code   RO         5098    i.BusFault_Handler  stm32f4xx_it_1.o
    0x08000b7e   0x08000b7e   0x00000032   Code   RO         1387    i.CRC_CheckSum      protocol.o
    0x08000bb0   0x08000bb0   0x00000026   Code   RO         1389    i.CRC_update        protocol.o
    0x08000bd6   0x08000bd6   0x0000002a   Code   RO         4441    i.CheckSum          ublox.o
    0x08000c00   0x08000c00   0x0000001c   Code   RO         5361    i.Control_BackHomeTask  control.o
    0x08000c1c   0x08000c1c   0x00000154   Code   RO         5362    i.Control_ChargingTask  control.o
    0x08000d70   0x08000d70   0x0000008a   Code   RO         5363    i.Control_CircleCheck  control.o
    0x08000dfa   0x08000dfa   0x00000002   PAD
    0x08000dfc   0x08000dfc   0x00000084   Code   RO         5364    i.Control_IdleTask  control.o
    0x08000e80   0x08000e80   0x00000390   Code   RO         5366    i.Control_Route     control.o
    0x08001210   0x08001210   0x00000020   Code   RO         5367    i.Control_TaskManage  control.o
    0x08001230   0x08001230   0x000001bc   Code   RO         5368    i.Control_WorkingTask  control.o
    0x080013ec   0x080013ec   0x0000000c   Code   RO         5099    i.DMA1_Stream0_IRQHandler  stm32f4xx_it_1.o
    0x080013f8   0x080013f8   0x0000000c   Code   RO         5100    i.DMA1_Stream1_IRQHandler  stm32f4xx_it_1.o
    0x08001404   0x08001404   0x0000000c   Code   RO         5101    i.DMA1_Stream2_IRQHandler  stm32f4xx_it_1.o
    0x08001410   0x08001410   0x0000000c   Code   RO         5102    i.DMA1_Stream3_IRQHandler  stm32f4xx_it_1.o
    0x0800141c   0x0800141c   0x0000000c   Code   RO         5103    i.DMA1_Stream4_IRQHandler  stm32f4xx_it_1.o
    0x08001428   0x08001428   0x0000000c   Code   RO         5104    i.DMA1_Stream5_IRQHandler  stm32f4xx_it_1.o
    0x08001434   0x08001434   0x0000000c   Code   RO         5105    i.DMA1_Stream6_IRQHandler  stm32f4xx_it_1.o
    0x08001440   0x08001440   0x0000000c   Code   RO         5106    i.DMA1_Stream7_IRQHandler  stm32f4xx_it_1.o
    0x0800144c   0x0800144c   0x0000000c   Code   RO         5107    i.DMA2_Stream0_IRQHandler  stm32f4xx_it_1.o
    0x08001458   0x08001458   0x0000000c   Code   RO         5108    i.DMA2_Stream1_IRQHandler  stm32f4xx_it_1.o
    0x08001464   0x08001464   0x0000000c   Code   RO         5109    i.DMA2_Stream2_IRQHandler  stm32f4xx_it_1.o
    0x08001470   0x08001470   0x0000000c   Code   RO         5110    i.DMA2_Stream6_IRQHandler  stm32f4xx_it_1.o
    0x0800147c   0x0800147c   0x0000000c   Code   RO         5111    i.DMA2_Stream7_IRQHandler  stm32f4xx_it_1.o
    0x08001488   0x08001488   0x00000028   Code   RO         3613    i.DMA_CalcBaseAndBitshift  stm32f4xx_hal_dma.o
    0x080014b0   0x080014b0   0x00000054   Code   RO         3614    i.DMA_CheckFifoParam  stm32f4xx_hal_dma.o
    0x08001504   0x08001504   0x00000028   Code   RO         3615    i.DMA_SetConfig     stm32f4xx_hal_dma.o
    0x0800152c   0x0800152c   0x00000002   Code   RO         5112    i.DebugMon_Handler  stm32f4xx_it_1.o
    0x0800152e   0x0800152e   0x00000006   Code   RO         5113    i.EXTI0_IRQHandler  stm32f4xx_it_1.o
    0x08001534   0x08001534   0x00000006   Code   RO         5114    i.EXTI1_IRQHandler  stm32f4xx_it_1.o
    0x0800153a   0x0800153a   0x00000002   PAD
    0x0800153c   0x0800153c   0x00000050   Code   RO         3428    i.FLASH_Erase_Sector  stm32f4xx_hal_flash_ex.o
    0x0800158c   0x0800158c   0x00000054   Code   RO         3429    i.FLASH_FlushCaches  stm32f4xx_hal_flash_ex.o
    0x080015e0   0x080015e0   0x00000028   Code   RO         3430    i.FLASH_MassErase   stm32f4xx_hal_flash_ex.o
    0x08001608   0x08001608   0x00000020   Code   RO         3310    i.FLASH_Program_Byte  stm32f4xx_hal_flash.o
    0x08001628   0x08001628   0x00000028   Code   RO         3311    i.FLASH_Program_DoubleWord  stm32f4xx_hal_flash.o
    0x08001650   0x08001650   0x00000024   Code   RO         3312    i.FLASH_Program_HalfWord  stm32f4xx_hal_flash.o
    0x08001674   0x08001674   0x00000024   Code   RO         3313    i.FLASH_Program_Word  stm32f4xx_hal_flash.o
    0x08001698   0x08001698   0x00000068   Code   RO         3314    i.FLASH_SetErrorCode  stm32f4xx_hal_flash.o
    0x08001700   0x08001700   0x00000050   Code   RO         3315    i.FLASH_WaitForLastOperation  stm32f4xx_hal_flash.o
    0x08001750   0x08001750   0x0000005c   Code   RO         4611    i.Flash_EraseSectors  flash.o
    0x080017ac   0x080017ac   0x00000012   Code   RO         4612    i.Flash_Read        flash.o
    0x080017be   0x080017be   0x00000002   PAD
    0x080017c0   0x080017c0   0x0000003c   Code   RO         4613    i.Flash_Write       flash.o
    0x080017fc   0x080017fc   0x000000c8   Code   RO         4662    i.GY952_Decode      gy952.o
    0x080018c4   0x080018c4   0x000000a4   Code   RO         4663    i.GY952_R_Prepare   gy952.o
    0x08001968   0x08001968   0x00000030   Code   RO         4664    i.GY952_Rev         gy952.o
    0x08001998   0x08001998   0x0000014c   Code   RO         1688    i.HAL_ADC_ConfigChannel  stm32f4xx_hal_adc.o
    0x08001ae4   0x08001ae4   0x00000002   Code   RO         1689    i.HAL_ADC_ConvCpltCallback  stm32f4xx_hal_adc.o
    0x08001ae6   0x08001ae6   0x00000002   Code   RO         1690    i.HAL_ADC_ConvHalfCpltCallback  stm32f4xx_hal_adc.o
    0x08001ae8   0x08001ae8   0x00000002   Code   RO         1692    i.HAL_ADC_ErrorCallback  stm32f4xx_hal_adc.o
    0x08001aea   0x08001aea   0x00000054   Code   RO         1697    i.HAL_ADC_Init      stm32f4xx_hal_adc.o
    0x08001b3e   0x08001b3e   0x00000002   PAD
    0x08001b40   0x08001b40   0x00000094   Code   RO         4781    i.HAL_ADC_MspInit   adc_1.o
    0x08001bd4   0x08001bd4   0x00000100   Code   RO         1704    i.HAL_ADC_Start_DMA  stm32f4xx_hal_adc.o
    0x08001cd4   0x08001cd4   0x00000024   Code   RO         3617    i.HAL_DMA_Abort_IT  stm32f4xx_hal_dma.o
    0x08001cf8   0x08001cf8   0x000001a0   Code   RO         3621    i.HAL_DMA_IRQHandler  stm32f4xx_hal_dma.o
    0x08001e98   0x08001e98   0x000000d4   Code   RO         3622    i.HAL_DMA_Init      stm32f4xx_hal_dma.o
    0x08001f6c   0x08001f6c   0x00000078   Code   RO         3626    i.HAL_DMA_Start_IT  stm32f4xx_hal_dma.o
    0x08001fe4   0x08001fe4   0x00000098   Code   RO         3431    i.HAL_FLASHEx_Erase  stm32f4xx_hal_flash_ex.o
    0x0800207c   0x0800207c   0x00000014   Code   RO         3319    i.HAL_FLASH_Lock    stm32f4xx_hal_flash.o
    0x08002090   0x08002090   0x0000007c   Code   RO         3324    i.HAL_FLASH_Program  stm32f4xx_hal_flash.o
    0x0800210c   0x0800210c   0x0000002c   Code   RO         3326    i.HAL_FLASH_Unlock  stm32f4xx_hal_flash.o
    0x08002138   0x08002138   0x00000002   Code   RO         3507    i.HAL_GPIO_EXTI_Callback  stm32f4xx_hal_gpio.o
    0x0800213a   0x0800213a   0x00000002   PAD
    0x0800213c   0x0800213c   0x00000018   Code   RO         3508    i.HAL_GPIO_EXTI_IRQHandler  stm32f4xx_hal_gpio.o
    0x08002154   0x08002154   0x000001b0   Code   RO         3509    i.HAL_GPIO_Init     stm32f4xx_hal_gpio.o
    0x08002304   0x08002304   0x0000000a   Code   RO         3513    i.HAL_GPIO_WritePin  stm32f4xx_hal_gpio.o
    0x0800230e   0x0800230e   0x00000002   PAD
    0x08002310   0x08002310   0x0000000c   Code   RO         4041    i.HAL_GetTick       stm32f4xx_hal.o
    0x0800231c   0x0800231c   0x00000010   Code   RO         4045    i.HAL_IncTick       stm32f4xx_hal.o
    0x0800232c   0x0800232c   0x00000034   Code   RO         4046    i.HAL_Init          stm32f4xx_hal.o
    0x08002360   0x08002360   0x00000074   Code   RO         5321    i.HAL_InitTick      stm32f4xx_hal_timebase_tim_1.o
    0x080023d4   0x080023d4   0x00000084   Code   RO         5297    i.HAL_MspInit       stm32f4xx_hal_msp_1.o
    0x08002458   0x08002458   0x00000016   Code   RO         3898    i.HAL_NVIC_EnableIRQ  stm32f4xx_hal_cortex.o
    0x0800246e   0x0800246e   0x00000002   PAD
    0x08002470   0x08002470   0x00000040   Code   RO         3904    i.HAL_NVIC_SetPriority  stm32f4xx_hal_cortex.o
    0x080024b0   0x080024b0   0x00000024   Code   RO         3905    i.HAL_NVIC_SetPriorityGrouping  stm32f4xx_hal_cortex.o
    0x080024d4   0x080024d4   0x00000130   Code   RO         3155    i.HAL_RCC_ClockConfig  stm32f4xx_hal_rcc.o
    0x08002604   0x08002604   0x00000040   Code   RO         3159    i.HAL_RCC_GetClockConfig  stm32f4xx_hal_rcc.o
    0x08002644   0x08002644   0x0000000c   Code   RO         3160    i.HAL_RCC_GetHCLKFreq  stm32f4xx_hal_rcc.o
    0x08002650   0x08002650   0x00000020   Code   RO         3162    i.HAL_RCC_GetPCLK1Freq  stm32f4xx_hal_rcc.o
    0x08002670   0x08002670   0x00000020   Code   RO         3163    i.HAL_RCC_GetPCLK2Freq  stm32f4xx_hal_rcc.o
    0x08002690   0x08002690   0x00000060   Code   RO         3164    i.HAL_RCC_GetSysClockFreq  stm32f4xx_hal_rcc.o
    0x080026f0   0x080026f0   0x0000031c   Code   RO         3167    i.HAL_RCC_OscConfig  stm32f4xx_hal_rcc.o
    0x08002a0c   0x08002a0c   0x00000018   Code   RO         3907    i.HAL_SYSTICK_CLKSourceConfig  stm32f4xx_hal_cortex.o
    0x08002a24   0x08002a24   0x00000028   Code   RO         3909    i.HAL_SYSTICK_Config  stm32f4xx_hal_cortex.o
    0x08002a4c   0x08002a4c   0x00000002   Code   RO         2589    i.HAL_TIMEx_BreakCallback  stm32f4xx_hal_tim_ex.o
    0x08002a4e   0x08002a4e   0x00000002   Code   RO         2590    i.HAL_TIMEx_CommutationCallback  stm32f4xx_hal_tim_ex.o
    0x08002a50   0x08002a50   0x0000005a   Code   RO         2591    i.HAL_TIMEx_ConfigBreakDeadTime  stm32f4xx_hal_tim_ex.o
    0x08002aaa   0x08002aaa   0x00000050   Code   RO         2606    i.HAL_TIMEx_MasterConfigSynchronization  stm32f4xx_hal_tim_ex.o
    0x08002afa   0x08002afa   0x00000036   Code   RO         1960    i.HAL_TIM_Base_Init  stm32f4xx_hal_tim.o
    0x08002b30   0x08002b30   0x00000002   Code   RO         1962    i.HAL_TIM_Base_MspInit  stm32f4xx_hal_tim.o
    0x08002b32   0x08002b32   0x00000018   Code   RO         1965    i.HAL_TIM_Base_Start_IT  stm32f4xx_hal_tim.o
    0x08002b4a   0x08002b4a   0x00000002   Code   RO         1989    i.HAL_TIM_IC_CaptureCallback  stm32f4xx_hal_tim.o
    0x08002b4c   0x08002b4c   0x0000011e   Code   RO         1990    i.HAL_TIM_IC_ConfigChannel  stm32f4xx_hal_tim.o
    0x08002c6a   0x08002c6a   0x00000036   Code   RO         1993    i.HAL_TIM_IC_Init   stm32f4xx_hal_tim.o
    0x08002ca0   0x08002ca0   0x00000090   Code   RO         4913    i.HAL_TIM_IC_MspInit  tim_1.o
    0x08002d30   0x08002d30   0x0000001a   Code   RO         1996    i.HAL_TIM_IC_Start  stm32f4xx_hal_tim.o
    0x08002d4a   0x08002d4a   0x00000166   Code   RO         2002    i.HAL_TIM_IRQHandler  stm32f4xx_hal_tim.o
    0x08002eb0   0x08002eb0   0x00000088   Code   RO         4914    i.HAL_TIM_MspPostInit  tim_1.o
    0x08002f38   0x08002f38   0x00000002   Code   RO         2005    i.HAL_TIM_OC_DelayElapsedCallback  stm32f4xx_hal_tim.o
    0x08002f3a   0x08002f3a   0x000000d0   Code   RO         2026    i.HAL_TIM_PWM_ConfigChannel  stm32f4xx_hal_tim.o
    0x0800300a   0x0800300a   0x00000036   Code   RO         2029    i.HAL_TIM_PWM_Init  stm32f4xx_hal_tim.o
    0x08003040   0x08003040   0x0000005c   Code   RO         4916    i.HAL_TIM_PWM_MspInit  tim_1.o
    0x0800309c   0x0800309c   0x00000002   Code   RO         2032    i.HAL_TIM_PWM_PulseFinishedCallback  stm32f4xx_hal_tim.o
    0x0800309e   0x0800309e   0x00000002   PAD
    0x080030a0   0x080030a0   0x00000038   Code   RO         2033    i.HAL_TIM_PWM_Start  stm32f4xx_hal_tim.o
    0x080030d8   0x080030d8   0x00000014   Code   RO         4706    i.HAL_TIM_PeriodElapsedCallback  main_1.o
    0x080030ec   0x080030ec   0x00000002   Code   RO         2043    i.HAL_TIM_TriggerCallback  stm32f4xx_hal_tim.o
    0x080030ee   0x080030ee   0x00000002   PAD
    0x080030f0   0x080030f0   0x00000068   Code   RO         1540    i.HAL_UART_ErrorCallback  uart_fifo.o
    0x08003158   0x08003158   0x00000110   Code   RO         2852    i.HAL_UART_IRQHandler  stm32f4xx_hal_uart.o
    0x08003268   0x08003268   0x00000062   Code   RO         2853    i.HAL_UART_Init     stm32f4xx_hal_uart.o
    0x080032ca   0x080032ca   0x00000002   PAD
    0x080032cc   0x080032cc   0x000004e0   Code   RO         5000    i.HAL_UART_MspInit  usart_1.o
    0x080037ac   0x080037ac   0x00000098   Code   RO         2857    i.HAL_UART_Receive_DMA  stm32f4xx_hal_uart.o
    0x08003844   0x08003844   0x00000048   Code   RO         2858    i.HAL_UART_Receive_IT  stm32f4xx_hal_uart.o
    0x0800388c   0x0800388c   0x0000002c   Code   RO         1541    i.HAL_UART_RxCpltCallback  uart_fifo.o
    0x080038b8   0x080038b8   0x00000002   Code   RO         2860    i.HAL_UART_RxHalfCpltCallback  stm32f4xx_hal_uart.o
    0x080038ba   0x080038ba   0x00000002   PAD
    0x080038bc   0x080038bc   0x00000080   Code   RO         2862    i.HAL_UART_Transmit_DMA  stm32f4xx_hal_uart.o
    0x0800393c   0x0800393c   0x0000003e   Code   RO         2863    i.HAL_UART_Transmit_IT  stm32f4xx_hal_uart.o
    0x0800397a   0x0800397a   0x00000002   PAD
    0x0800397c   0x0800397c   0x00000020   Code   RO         1542    i.HAL_UART_TxCpltCallback  uart_fifo.o
    0x0800399c   0x0800399c   0x00000002   Code   RO         2865    i.HAL_UART_TxHalfCpltCallback  stm32f4xx_hal_uart.o
    0x0800399e   0x0800399e   0x00000002   Code   RO         5115    i.HardFault_Handler  stm32f4xx_it_1.o
    0x080039a0   0x080039a0   0x00000050   Code   RO         4200    i.LED_OFF           led.o
    0x080039f0   0x080039f0   0x00000050   Code   RO         4201    i.LED_ON            led.o
    0x08003a40   0x08003a40   0x000000b0   Code   RO         4246    i.MOTOR_EN          motor.o
    0x08003af0   0x08003af0   0x00000024   Code   RO         4249    i.MOTOR_PWR_EN      motor.o
    0x08003b14   0x08003b14   0x00000074   Code   RO         4782    i.MX_ADC1_Init      adc_1.o
    0x08003b88   0x08003b88   0x000000fc   Code   RO         4822    i.MX_DMA_Init       dma_1.o
    0x08003c84   0x08003c84   0x000001b8   Code   RO         4846    i.MX_FREERTOS_Init  freertos_1.o
    0x08003e3c   0x08003e3c   0x0000018c   Code   RO         4756    i.MX_GPIO_Init      gpio_1.o
    0x08003fc8   0x08003fc8   0x000000bc   Code   RO         4917    i.MX_TIM1_Init      tim_1.o
    0x08004084   0x08004084   0x00000094   Code   RO         4918    i.MX_TIM2_Init      tim_1.o
    0x08004118   0x08004118   0x000000bc   Code   RO         4919    i.MX_TIM3_Init      tim_1.o
    0x080041d4   0x080041d4   0x000000c0   Code   RO         4920    i.MX_TIM4_Init      tim_1.o
    0x08004294   0x08004294   0x000000cc   Code   RO         4921    i.MX_TIM8_Init      tim_1.o
    0x08004360   0x08004360   0x00000050   Code   RO         5002    i.MX_UART4_Init     usart_1.o
    0x080043b0   0x080043b0   0x00000050   Code   RO         5003    i.MX_UART5_Init     usart_1.o
    0x08004400   0x08004400   0x00000054   Code   RO         5004    i.MX_USART1_UART_Init  usart_1.o
    0x08004454   0x08004454   0x00000054   Code   RO         5005    i.MX_USART2_UART_Init  usart_1.o
    0x080044a8   0x080044a8   0x00000054   Code   RO         5006    i.MX_USART3_UART_Init  usart_1.o
    0x080044fc   0x080044fc   0x00000054   Code   RO         5007    i.MX_USART6_UART_Init  usart_1.o
    0x08004550   0x08004550   0x00000002   Code   RO         5116    i.MemManage_Handler  stm32f4xx_it_1.o
    0x08004552   0x08004552   0x00000002   Code   RO         5117    i.NMI_Handler       stm32f4xx_it_1.o
    0x08004554   0x08004554   0x00000020   Code   RO         3911    i.NVIC_SetPriority  stm32f4xx_hal_cortex.o
    0x08004574   0x08004574   0x000000a8   Code   RO         5371    i.POS_Distance      control.o
    0x0800461c   0x0800461c   0x000000ec   Code   RO         5372    i.POS_Heading       control.o
    0x08004708   0x08004708   0x00000024   Code   RO         4614    i.Parameter_R_PID   flash.o
    0x0800472c   0x0800472c   0x00000024   Code   RO         4615    i.Parameter_S_PID   flash.o
    0x08004750   0x08004750   0x00000134   Code   RO         4442    i.Protocol_NAV_POSLLH  ublox.o
    0x08004884   0x08004884   0x0000007c   Code   RO         4443    i.Protocol_NAV_STATUS  ublox.o
    0x08004900   0x08004900   0x000001a4   Code   RO         4444    i.Protocol_NAV_VELNED  ublox.o
    0x08004aa4   0x08004aa4   0x000001c4   Code   RO         1392    i.Protocol_R_CMD    protocol.o
    0x08004c68   0x08004c68   0x00000020   Code   RO         1394    i.Protocol_R_Parameter  protocol.o
    0x08004c88   0x08004c88   0x000000ec   Code   RO         1395    i.Protocol_R_Prepare  protocol.o
    0x08004d74   0x08004d74   0x00000044   Code   RO         1396    i.Protocol_R_WayPoint  protocol.o
    0x08004db8   0x08004db8   0x00000030   Code   RO         1397    i.Protocol_Rev      protocol.o
    0x08004de8   0x08004de8   0x00000010   Code   RO         1398    i.Protocol_T_Combin  protocol.o
    0x08004df8   0x08004df8   0x0000006c   Code   RO         1399    i.Protocol_T_Echo   protocol.o
    0x08004e64   0x08004e64   0x0000007c   Code   RO         1400    i.Protocol_T_Parameter  protocol.o
    0x08004ee0   0x08004ee0   0x0000007c   Code   RO         1401    i.Protocol_T_Status  protocol.o
    0x08004f5c   0x08004f5c   0x0000007c   Code   RO         1402    i.Protocol_T_WayPoint  protocol.o
    0x08004fd8   0x08004fd8   0x0000001c   Code   RO         1543    i.RegRxIdleIRQ      uart_fifo.o
    0x08004ff4   0x08004ff4   0x0000001c   Code   RO         1544    i.RegTxCpltIRQ      uart_fifo.o
    0x08005010   0x08005010   0x00000048   Code   RO         4847    i.StartDefaultTask  freertos_1.o
    0x08005058   0x08005058   0x00000168   Code   RO         4848    i.StartTask02       freertos_1.o
    0x080051c0   0x080051c0   0x0000000c   Code   RO         4849    i.StartTask03       freertos_1.o
    0x080051cc   0x080051cc   0x00000004   Code   RO         5118    i.SysTick_Handler   stm32f4xx_it_1.o
    0x080051d0   0x080051d0   0x000000bc   Code   RO         4707    i.SystemClock_Config  main_1.o
    0x0800528c   0x0800528c   0x00000054   Code   RO         1646    i.SystemInit        system_stm32f4xx.o
    0x080052e0   0x080052e0   0x0000000c   Code   RO         5119    i.TIM6_DAC_IRQHandler  stm32f4xx_it_1.o
    0x080052ec   0x080052ec   0x000000c0   Code   RO         2044    i.TIM_Base_SetConfig  stm32f4xx_hal_tim.o
    0x080053ac   0x080053ac   0x00000016   Code   RO         2045    i.TIM_CCxChannelCmd  stm32f4xx_hal_tim.o
    0x080053c2   0x080053c2   0x00000002   PAD
    0x080053c4   0x080053c4   0x00000058   Code   RO         2053    i.TIM_OC1_SetConfig  stm32f4xx_hal_tim.o
    0x0800541c   0x0800541c   0x00000064   Code   RO         2054    i.TIM_OC2_SetConfig  stm32f4xx_hal_tim.o
    0x08005480   0x08005480   0x00000060   Code   RO         2055    i.TIM_OC3_SetConfig  stm32f4xx_hal_tim.o
    0x080054e0   0x080054e0   0x00000050   Code   RO         2056    i.TIM_OC4_SetConfig  stm32f4xx_hal_tim.o
    0x08005530   0x08005530   0x00000084   Code   RO         2059    i.TIM_TI1_SetConfig  stm32f4xx_hal_tim.o
    0x080055b4   0x080055b4   0x00000036   Code   RO         2061    i.TIM_TI2_SetConfig  stm32f4xx_hal_tim.o
    0x080055ea   0x080055ea   0x00000002   PAD
    0x080055ec   0x080055ec   0x00000030   Code   RO         1138    i.To_180_degrees    mymath.o
    0x0800561c   0x0800561c   0x00000018   Code   RO         5120    i.UART4_IRQHandler  stm32f4xx_it_1.o
    0x08005634   0x08005634   0x00000018   Code   RO         5121    i.UART5_IRQHandler  stm32f4xx_it_1.o
    0x0800564c   0x0800564c   0x00000010   Code   RO         2866    i.UART_DMAAbortOnError  stm32f4xx_hal_uart.o
    0x0800565c   0x0800565c   0x0000004a   Code   RO         2867    i.UART_DMAError     stm32f4xx_hal_uart.o
    0x080056a6   0x080056a6   0x0000003c   Code   RO         2868    i.UART_DMAReceiveCplt  stm32f4xx_hal_uart.o
    0x080056e2   0x080056e2   0x0000000a   Code   RO         2870    i.UART_DMARxHalfCplt  stm32f4xx_hal_uart.o
    0x080056ec   0x080056ec   0x0000002e   Code   RO         2872    i.UART_DMATransmitCplt  stm32f4xx_hal_uart.o
    0x0800571a   0x0800571a   0x0000000a   Code   RO         2874    i.UART_DMATxHalfCplt  stm32f4xx_hal_uart.o
    0x08005724   0x08005724   0x0000001c   Code   RO         2876    i.UART_EndRxTransfer  stm32f4xx_hal_uart.o
    0x08005740   0x08005740   0x00000012   Code   RO         2877    i.UART_EndTxTransfer  stm32f4xx_hal_uart.o
    0x08005752   0x08005752   0x00000030   Code   RO         1546    i.UART_RX_FIFO_getc  uart_fifo.o
    0x08005782   0x08005782   0x00000016   Code   RO         1547    i.UART_RX_FIFO_gethead  uart_fifo.o
    0x08005798   0x08005798   0x0000001e   Code   RO         1548    i.UART_RX_FIFO_getlen  uart_fifo.o
    0x080057b6   0x080057b6   0x0000007e   Code   RO         1549    i.UART_RX_FIFO_open  uart_fifo.o
    0x08005834   0x08005834   0x0000008c   Code   RO         2878    i.UART_Receive_IT   stm32f4xx_hal_uart.o
    0x080058c0   0x080058c0   0x000002ac   Code   RO         2879    i.UART_SetConfig    stm32f4xx_hal_uart.o
    0x08005b6c   0x08005b6c   0x00000040   Code   RO         1551    i.UART_TX_FIFO_open  uart_fifo.o
    0x08005bac   0x08005bac   0x0000004a   Code   RO         1552    i.UART_TX_FIFO_sendstr  uart_fifo.o
    0x08005bf6   0x08005bf6   0x0000005c   Code   RO         1553    i.UART_TX_FIFO_write  uart_fifo.o
    0x08005c52   0x08005c52   0x00000062   Code   RO         2880    i.UART_Transmit_IT  stm32f4xx_hal_uart.o
    0x08005cb4   0x08005cb4   0x00000018   Code   RO         5122    i.USART1_IRQHandler  stm32f4xx_it_1.o
    0x08005ccc   0x08005ccc   0x00000018   Code   RO         5123    i.USART2_IRQHandler  stm32f4xx_it_1.o
    0x08005ce4   0x08005ce4   0x00000018   Code   RO         5124    i.USART3_IRQHandler  stm32f4xx_it_1.o
    0x08005cfc   0x08005cfc   0x00000018   Code   RO         5125    i.USART6_IRQHandler  stm32f4xx_it_1.o
    0x08005d14   0x08005d14   0x00000002   Code   RO         5126    i.UsageFault_Handler  stm32f4xx_it_1.o
    0x08005d16   0x08005d16   0x00000014   Code   RO         4708    i._Error_Handler    main_1.o
    0x08005d2a   0x08005d2a   0x00000030   Code   RO         5649    i.__ARM_fpclassify  m_wm.l(fpclassify.o)
    0x08005d5a   0x08005d5a   0x00000006   PAD
    0x08005d60   0x08005d60   0x000002d8   Code   RO         5570    i.__hardfp_atan     m_wm.l(atan.o)
    0x08006038   0x08006038   0x000001f0   Code   RO         5491    i.__hardfp_atan2    m_wm.l(atan2.o)
    0x08006228   0x08006228   0x000000c8   Code   RO         5503    i.__hardfp_cos      m_wm.l(cos.o)
    0x080062f0   0x080062f0   0x000000c8   Code   RO         5521    i.__hardfp_sin      m_wm.l(sin.o)
    0x080063b8   0x080063b8   0x0000007a   Code   RO         5533    i.__hardfp_sqrt     m_wm.l(sqrt.o)
    0x08006432   0x08006432   0x00000006   PAD
    0x08006438   0x08006438   0x00000438   Code   RO         5602    i.__ieee754_rem_pio2  m_wm.l(rred.o)
    0x08006870   0x08006870   0x00000170   Code   RO         5584    i.__kernel_cos      m_wm.l(cos_i.o)
    0x080069e0   0x080069e0   0x000000f8   Code   RO         5651    i.__kernel_poly     m_wm.l(poly.o)
    0x08006ad8   0x08006ad8   0x00000130   Code   RO         5607    i.__kernel_sin      m_wm.l(sin_i.o)
    0x08006c08   0x08006c08   0x00000014   Code   RO         5588    i.__mathlib_dbl_infnan  m_wm.l(dunder.o)
    0x08006c1c   0x08006c1c   0x00000014   Code   RO         5589    i.__mathlib_dbl_infnan2  m_wm.l(dunder.o)
    0x08006c30   0x08006c30   0x00000020   Code   RO         5590    i.__mathlib_dbl_invalid  m_wm.l(dunder.o)
    0x08006c50   0x08006c50   0x00000020   Code   RO         5593    i.__mathlib_dbl_underflow  m_wm.l(dunder.o)
    0x08006c70   0x08006c70   0x0000000e   Code   RO         5661    i.__scatterload_copy  mc_w.l(handlers.o)
    0x08006c7e   0x08006c7e   0x00000002   Code   RO         5662    i.__scatterload_null  mc_w.l(handlers.o)
    0x08006c80   0x08006c80   0x0000000e   Code   RO         5663    i.__scatterload_zeroinit  mc_w.l(handlers.o)
    0x08006c8e   0x08006c8e   0x00000002   PAD
    0x08006c90   0x08006c90   0x0000000c   Code   RO         5635    i.__set_errno       mc_w.l(errno.o)
    0x08006c9c   0x08006c9c   0x00000010   Code   RO         5572    i.atan              m_wm.l(atan.o)
    0x08006cac   0x08006cac   0x00000018   Code   RO         5517    i.fabs              m_wm.l(fabs.o)
    0x08006cc4   0x08006cc4   0x0000000c   Code   RO          757    i.inHandlerMode     cmsis_os.o
    0x08006cd0   0x08006cd0   0x0000004a   Code   RO         4709    i.main              main_1.o
    0x08006d1a   0x08006d1a   0x0000000c   Code   RO          759    i.makeFreeRtosPriority  cmsis_os.o
    0x08006d26   0x08006d26   0x0000000e   Code   RO          761    i.osDelay           cmsis_os.o
    0x08006d34   0x08006d34   0x0000000a   Code   RO          764    i.osKernelStart     cmsis_os.o
    0x08006d3e   0x08006d3e   0x00000006   Code   RO          779    i.osMutexCreate     cmsis_os.o
    0x08006d44   0x08006d44   0x00000050   Code   RO          781    i.osMutexRelease    cmsis_os.o
    0x08006d94   0x08006d94   0x00000068   Code   RO          782    i.osMutexWait       cmsis_os.o
    0x08006dfc   0x08006dfc   0x00000014   Code   RO          797    i.osSystickHandler  cmsis_os.o
    0x08006e10   0x08006e10   0x0000002e   Code   RO          798    i.osThreadCreate    cmsis_os.o
    0x08006e3e   0x08006e3e   0x00000002   PAD
    0x08006e40   0x08006e40   0x00000018   Code   RO          808    i.osThreadYield     cmsis_os.o
    0x08006e58   0x08006e58   0x00000070   Code   RO          464    i.prvAddCurrentTaskToDelayedList  tasks.o
    0x08006ec8   0x08006ec8   0x000000d0   Code   RO          465    i.prvAddNewTaskToReadyList  tasks.o
    0x08006f98   0x08006f98   0x00000050   Code   RO          466    i.prvCheckTasksWaitingTermination  tasks.o
    0x08006fe8   0x08006fe8   0x00000026   Code   RO          321    i.prvCopyDataFromQueue  queue.o
    0x0800700e   0x0800700e   0x0000006c   Code   RO          322    i.prvCopyDataToQueue  queue.o
    0x0800707a   0x0800707a   0x00000014   Code   RO          467    i.prvDeleteTCB      tasks.o
    0x0800708e   0x0800708e   0x00000002   PAD
    0x08007090   0x08007090   0x0000004c   Code   RO           10    i.prvHeapInit       heap_4.o
    0x080070dc   0x080070dc   0x00000028   Code   RO          468    i.prvIdleTask       tasks.o
    0x08007104   0x08007104   0x0000008e   Code   RO          469    i.prvInitialiseNewTask  tasks.o
    0x08007192   0x08007192   0x00000002   PAD
    0x08007194   0x08007194   0x0000004c   Code   RO           11    i.prvInsertBlockIntoFreeList  heap_4.o
    0x080071e0   0x080071e0   0x0000001c   Code   RO          323    i.prvIsQueueEmpty   queue.o
    0x080071fc   0x080071fc   0x00000020   Code   RO          470    i.prvResetNextTaskUnblockTime  tasks.o
    0x0800721c   0x0800721c   0x00000028   Code   RO           98    i.prvTaskExitError  port.o
    0x08007244   0x08007244   0x0000006a   Code   RO          324    i.prvUnlockQueue    queue.o
    0x080072ae   0x080072ae   0x00000002   PAD
    0x080072b0   0x080072b0   0x000000d8   Code   RO           12    i.pvPortMalloc      heap_4.o
    0x08007388   0x08007388   0x00000018   Code   RO          472    i.pvTaskIncrementMutexHeldCount  tasks.o
    0x080073a0   0x080073a0   0x0000002c   Code   RO           99    i.pxPortInitialiseStack  port.o
    0x080073cc   0x080073cc   0x000000e4   Code   RO         4448    i.ublox_Prepare     ublox.o
    0x080074b0   0x080074b0   0x00000030   Code   RO         4449    i.ublox_Rev         ublox.o
    0x080074e0   0x080074e0   0x00000024   Code   RO          284    i.uxListRemove      list.o
    0x08007504   0x08007504   0x00000016   Code   RO          285    i.vListInitialise   list.o
    0x0800751a   0x0800751a   0x00000006   Code   RO          286    i.vListInitialiseItem  list.o
    0x08007520   0x08007520   0x00000030   Code   RO          287    i.vListInsert       list.o
    0x08007550   0x08007550   0x00000018   Code   RO          288    i.vListInsertEnd    list.o
    0x08007568   0x08007568   0x00000040   Code   RO          101    i.vPortEnterCritical  port.o
    0x080075a8   0x080075a8   0x00000028   Code   RO          102    i.vPortExitCritical  port.o
    0x080075d0   0x080075d0   0x0000005c   Code   RO           13    i.vPortFree         heap_4.o
    0x0800762c   0x0800762c   0x00000020   Code   RO          103    i.vPortSetupTimerInterrupt  port.o
    0x0800764c   0x0800764c   0x00000054   Code   RO          104    i.vPortValidateInterruptPriority  port.o
    0x080076a0   0x080076a0   0x0000004c   Code   RO          478    i.vTaskDelay        tasks.o
    0x080076ec   0x080076ec   0x0000000c   Code   RO          482    i.vTaskMissedYield  tasks.o
    0x080076f8   0x080076f8   0x000000b8   Code   RO          483    i.vTaskNotifyGiveFromISR  tasks.o
    0x080077b0   0x080077b0   0x00000030   Code   RO          484    i.vTaskPlaceOnEventList  tasks.o
    0x080077e0   0x080077e0   0x00000084   Code   RO          486    i.vTaskPriorityInherit  tasks.o
    0x08007864   0x08007864   0x00000024   Code   RO          489    i.vTaskSetTimeOutState  tasks.o
    0x08007888   0x08007888   0x00000068   Code   RO          490    i.vTaskStartScheduler  tasks.o
    0x080078f0   0x080078f0   0x00000010   Code   RO          492    i.vTaskSuspendAll   tasks.o
    0x08007900   0x08007900   0x0000005c   Code   RO          493    i.vTaskSwitchContext  tasks.o
    0x0800795c   0x0800795c   0x000000e0   Code   RO          105    i.xPortStartScheduler  port.o
    0x08007a3c   0x08007a3c   0x0000002c   Code   RO          106    i.xPortSysTickHandler  port.o
    0x08007a68   0x08007a68   0x00000024   Code   RO          331    i.xQueueCreateMutex  queue.o
    0x08007a8c   0x08007a8c   0x00000048   Code   RO          332    i.xQueueGenericCreate  queue.o
    0x08007ad4   0x08007ad4   0x0000016c   Code   RO          333    i.xQueueGenericReceive  queue.o
    0x08007c40   0x08007c40   0x00000088   Code   RO          334    i.xQueueGenericReset  queue.o
    0x08007cc8   0x08007cc8   0x00000160   Code   RO          335    i.xQueueGenericSend  queue.o
    0x08007e28   0x08007e28   0x0000009c   Code   RO          337    i.xQueueGiveFromISR  queue.o
    0x08007ec4   0x08007ec4   0x0000009a   Code   RO          341    i.xQueueReceiveFromISR  queue.o
    0x08007f5e   0x08007f5e   0x00000002   PAD
    0x08007f60   0x08007f60   0x0000006c   Code   RO          494    i.xTaskCheckForTimeOut  tasks.o
    0x08007fcc   0x08007fcc   0x00000056   Code   RO          495    i.xTaskCreate       tasks.o
    0x08008022   0x08008022   0x00000002   PAD
    0x08008024   0x08008024   0x0000001c   Code   RO          499    i.xTaskGetSchedulerState  tasks.o
    0x08008040   0x08008040   0x000000c8   Code   RO          502    i.xTaskIncrementTick  tasks.o
    0x08008108   0x08008108   0x00000098   Code   RO          505    i.xTaskPriorityDisinherit  tasks.o
    0x080081a0   0x080081a0   0x00000074   Code   RO          506    i.xTaskRemoveFromEventList  tasks.o
    0x08008214   0x08008214   0x000000c4   Code   RO          508    i.xTaskResumeAll    tasks.o
    0x080082d8   0x080082d8   0x00000010   Data   RO         1647    .constdata          system_stm32f4xx.o
    0x080082e8   0x080082e8   0x00000008   Data   RO         1648    .constdata          system_stm32f4xx.o
    0x080082f0   0x080082f0   0x00000008   Data   RO         3628    .constdata          stm32f4xx_hal_dma.o
    0x080082f8   0x080082f8   0x0000003c   Data   RO         4851    .constdata          freertos_1.o
    0x08008334   0x08008334   0x00000004   PAD
    0x08008338   0x08008338   0x00000098   Data   RO         5573    .constdata          m_wm.l(atan.o)
    0x080083d0   0x080083d0   0x00000030   Data   RO         5585    .constdata          m_wm.l(cos_i.o)
    0x08008400   0x08008400   0x00000008   Data   RO         5601    .constdata          m_wm.l(qnan.o)
    0x08008408   0x08008408   0x000000c8   Data   RO         5604    .constdata          m_wm.l(rred.o)
    0x080084d0   0x080084d0   0x00000028   Data   RO         5608    .constdata          m_wm.l(sin_i.o)
    0x080084f8   0x080084f8   0x00000029   Data   RO         4852    .conststring        freertos_1.o
    0x08008521   0x08008521   0x00000003   PAD
    0x08008524   0x08008524   0x00000020   Data   RO         5659    Region$$Table       anon$$obj.o


    Execution Region RW_IRAM1 (Exec base: 0x20000000, Load base: 0x08008544, Size: 0x000161a8, Max: 0x00020000, ABSOLUTE)

    Exec Addr    Load Addr    Size         Type   Attr      Idx    E Section Name        Object

    0x20000000   0x08008544   0x00000018   Data   RW           18    .data               heap_4.o
    0x20000018   0x0800855c   0x0000000c   Data   RW          107    .data               port.o
    0x20000024   0x08008568   0x0000003c   Data   RW          511    .data               tasks.o
    0x20000060   0x080085a4   0x00000012   Data   RW         1405    .data               protocol.o
    0x20000072   0x080085b6   0x00000002   PAD
    0x20000074   0x080085b8   0x00000008   Data   RW         1554    .data               uart_fifo.o
    0x2000007c   0x080085c0   0x00000004   Data   RW         1649    .data               system_stm32f4xx.o
    0x20000080   0x080085c4   0x0000000c   Data   RW         4053    .data               stm32f4xx_hal.o
    0x2000008c   0x080085d0   0x0000000c   Data   RW         4452    .data               ublox.o
    0x20000098   0x080085dc   0x00000004   Data   RW         4666    .data               gy952.o
    0x2000009c   0x080085e0   0x0000000c   Data   RW         4853    .data               freertos_1.o
    0x200000a8   0x080085ec   0x00000018   Data   RW         5400    .data               control.o
    0x200000c0   0x08008604   0x00000004   Data   RW         5636    .data               mc_w.l(errno.o)
    0x200000c4        -       0x00003c00   Zero   RW           17    .bss                heap_4.o
    0x20003cc4        -       0x000000f0   Zero   RW          510    .bss                tasks.o
    0x20003db4   0x08008608   0x00000004   PAD
    0x20003db8        -       0x00007468   Zero   RW         1404    .bss                protocol.o
    0x2000b220        -       0x00000020   Zero   RW         3327    .bss                stm32f4xx_hal_flash.o
    0x2000b240        -       0x0000015c   Zero   RW         4451    .bss                ublox.o
    0x2000b39c        -       0x0000014c   Zero   RW         4665    .bss                gy952.o
    0x2000b4e8        -       0x000000a8   Zero   RW         4783    .bss                adc_1.o
    0x2000b590        -       0x00000210   Zero   RW         4850    .bss                freertos_1.o
    0x2000b7a0        -       0x0000012c   Zero   RW         4922    .bss                tim_1.o
    0x2000b8cc        -       0x00000600   Zero   RW         5009    .bss                usart_1.o
    0x2000becc        -       0x0000003c   Zero   RW         5324    .bss                stm32f4xx_hal_timebase_tim_1.o
    0x2000bf08        -       0x000062a0   Zero   RW         5374    .bss                control.o
    0x200121a8        -       0x00004000   Zero   RW            1    STACK               startup_stm32f407xx.o


==============================================================================

Image component sizes


      Code (inc. data)   RO Data    RW Data    ZI Data      Debug   Object Name

       264         72          0          0        168       1707   adc_1.o
       328         14          0          0          0      19931   cmsis_os.o
      2430        198          0         24      25248      13113   control.o
         0          0          0          0          0       8012   croutine.o
       252          4          0          0          0        886   dma_1.o
         0          0          0          0          0      10464   event_groups.o
       242         56          0          0          0       4008   flash.o
       884        110        101         12        528       8553   freertos_1.o
       396         30          0          0          0       1119   gpio_1.o
       412         30          0          4        332       3253   gy952.o
       460         24          0         24      15360      15387   heap_4.o
       160         16          0          0          0       1155   led.o
       136          0          0          0          0       3474   list.o
       302         36          0          0          0       2765   main_1.o
       212         30          0          0          0       1242   motor.o
        48         12          0          0          0     697517   mymath.o
       758         84          0         12          0      12285   port.o
      1420         98          0         18      29800      16371   protocol.o
      1550         14          0          0          0      16713   queue.o
        36          8        392          0      16384        824   startup_stm32f407xx.o
        80         14          0         12          0       3198   stm32f4xx_hal.o
      1100         56          0          0          0       7225   stm32f4xx_hal_adc.o
       218         14          0          0          0      30957   stm32f4xx_hal_cortex.o
       948         16          8          0          0       6386   stm32f4xx_hal_dma.o
       516         66          0          0         32       6474   stm32f4xx_hal_flash.o
       356         24          0          0          0       3942   stm32f4xx_hal_flash_ex.o
       468         50          0          0          0       3544   stm32f4xx_hal_gpio.o
       132          6          0          0          0        906   stm32f4xx_hal_msp_1.o
      1336         92          0          0          0       6197   stm32f4xx_hal_rcc.o
      1894        116          0          0          0      16761   stm32f4xx_hal_tim.o
       174          0          0          0          0       3178   stm32f4xx_hal_tim_ex.o
       116         16          0          0         60       1436   stm32f4xx_hal_timebase_tim_1.o
      1972         42          0          0          0      13574   stm32f4xx_hal_uart.o
       340        120          0          0          0      13655   stm32f4xx_it_1.o
        84         18         24          4          0       1143   system_stm32f4xx.o
      2244        182          0         60        240      23394   tasks.o
      1292        204          0          0        300       5812   tim_1.o
       796         32          0          8          0       9508   uart_fifo.o
      1170         86          0         12        348       5791   ublox.o
      1744        272          0          0       1536       6107   usart_1.o

    ----------------------------------------------------------------------
     27314       2262        564        192      90340    1007967   Object Totals
         0          0         32          0          0          0   (incl. Generated)
        44          0          7          2          4          0   (incl. Padding)

    ----------------------------------------------------------------------

      Code (inc. data)   RO Data    RW Data    ZI Data      Debug   Library Member Name

       744        106        152          0          0        352   atan.o
       496         64          0          0          0        192   atan2.o
       200         20          0          0          0        164   cos.o
       368         46         48          0          0        200   cos_i.o
       104         16          0          0          0        496   dunder.o
        24          0          0          0          0        124   fabs.o
        48          0          0          0          0        124   fpclassify.o
       248          0          0          0          0        152   poly.o
         0          0          8          0          0          0   qnan.o
      1080        142        200          0          0        188   rred.o
       200         20          0          0          0        164   sin.o
       304         24         40          0          0        208   sin_i.o
       122          0          0          0          0        148   sqrt.o
         0          0          0          0          0          0   entry.o
         0          0          0          0          0          0   entry10a.o
         0          0          0          0          0          0   entry11a.o
         8          4          0          0          0          0   entry2.o
         4          0          0          0          0          0   entry5.o
         0          0          0          0          0          0   entry7b.o
         0          0          0          0          0          0   entry8b.o
         8          4          0          0          0          0   entry9a.o
        12          6          0          4          0         68   errno.o
        30          0          0          0          0          0   handlers.o
        36          8          0          0          0         68   init.o
         0          0          0          0          0          0   iusefp.o
        30          0          0          0          0         68   llshl.o
        36          0          0          0          0         68   llsshr.o
        32          0          0          0          0         68   llushr.o
        36          0          0          0          0         68   memcpya.o
        98          0          0          0          0         92   uldiv.o
        48          0          0          0          0         68   cdcmple.o
        56          0          0          0          0         88   d2f.o
       334          0          0          0          0        148   dadd.o
       222          0          0          0          0        100   ddiv.o
       186          0          0          0          0        176   depilogue.o
        62          0          0          0          0         80   dfixi.o
        34          0          0          0          0         76   dflti.o
        26          0          0          0          0         76   dfltui.o
       228          0          0          0          0         96   dmul.o
       162          0          0          0          0        100   dsqrt.o
        38          0          0          0          0         68   f2d.o
       110          0          0          0          0        168   fepilogue.o

    ----------------------------------------------------------------------
      5790        460        448          4          0       4256   Library Totals
        16          0          0          0          0          0   (incl. Padding)

    ----------------------------------------------------------------------

      Code (inc. data)   RO Data    RW Data    ZI Data      Debug   Library Name

      3938        438        448          0          0       2512   m_wm.l
       330         22          0          4          0        500   mc_w.l
      1506          0          0          0          0       1244   mf_w.l

    ----------------------------------------------------------------------
      5790        460        448          4          0       4256   Library Totals

    ----------------------------------------------------------------------

==============================================================================


      Code (inc. data)   RO Data    RW Data    ZI Data      Debug   

     33104       2722       1012        196      90340     984095   Grand Totals
     33104       2722       1012        196      90340     984095   ELF Image Totals
     33104       2722       1012        196          0          0   ROM Totals

==============================================================================

    Total RO  Size (Code + RO Data)                34116 (  33.32kB)
    Total RW  Size (RW Data + ZI Data)             90536 (  88.41kB)
    Total ROM Size (Code + RO Data + RW Data)      34312 (  33.51kB)

==============================================================================

